../Core/Src/Services/serviceTriac.c:22:6:serviceTriac_initialise	8	static
../Core/Src/Services/serviceTriac.c:35:6:serviceTriac_active	4	static
../Core/Src/Services/serviceTriac.c:43:6:serviceTriac_desactive	8	static
../Core/Src/Services/serviceTriac.c:54:15:serviceTriac_estActif	4	static
../Core/Src/Services/serviceTriac.c:63:6:serviceTriac_fixeNiveau	24	static
../Core/Src/Services/serviceTriac.c:92:15:serviceTriac_obtenirNiveau	4	static
../Core/Src/Services/serviceTriac.c:100:6:serviceTriac_ITTimer7	16	static,ignoring_inline_asm
../Core/Src/Services/serviceTriac.c:139:6:serviceTriac_ITZeroCross	4	static
