Archive member included to satisfy reference by file (symbol)

/Applications/STM32CubeIDE.app/Contents/Eclipse/plugins/com.st.stm32cube.ide.mcu.externaltools.gnu-tools-for-stm32.13.3.rel1.macos64_1.0.0.202411102158/tools/bin/../lib/gcc/arm-none-eabi/13.3.1/../../../../arm-none-eabi/lib/thumb/v7e-m+fp/hard/libc_nano.a(libc_a-exit.o)
                              /Applications/STM32CubeIDE.app/Contents/Eclipse/plugins/com.st.stm32cube.ide.mcu.externaltools.gnu-tools-for-stm32.13.3.rel1.macos64_1.0.0.202411102158/tools/bin/../lib/gcc/arm-none-eabi/13.3.1/../../../../arm-none-eabi/lib/thumb/v7e-m+fp/hard/crt0.o (exit)
/Applications/STM32CubeIDE.app/Contents/Eclipse/plugins/com.st.stm32cube.ide.mcu.externaltools.gnu-tools-for-stm32.13.3.rel1.macos64_1.0.0.202411102158/tools/bin/../lib/gcc/arm-none-eabi/13.3.1/../../../../arm-none-eabi/lib/thumb/v7e-m+fp/hard/libc_nano.a(libc_a-malloc.o)
                              ./Middlewares/ST/STM32_USB_Host_Library/Class/CDC/Src/usbh_cdc.o (malloc)
/Applications/STM32CubeIDE.app/Contents/Eclipse/plugins/com.st.stm32cube.ide.mcu.externaltools.gnu-tools-for-stm32.13.3.rel1.macos64_1.0.0.202411102158/tools/bin/../lib/gcc/arm-none-eabi/13.3.1/../../../../arm-none-eabi/lib/thumb/v7e-m+fp/hard/libc_nano.a(libc_a-mallocr.o)
                              /Applications/STM32CubeIDE.app/Contents/Eclipse/plugins/com.st.stm32cube.ide.mcu.externaltools.gnu-tools-for-stm32.13.3.rel1.macos64_1.0.0.202411102158/tools/bin/../lib/gcc/arm-none-eabi/13.3.1/../../../../arm-none-eabi/lib/thumb/v7e-m+fp/hard/libc_nano.a(libc_a-malloc.o) (_malloc_r)
/Applications/STM32CubeIDE.app/Contents/Eclipse/plugins/com.st.stm32cube.ide.mcu.externaltools.gnu-tools-for-stm32.13.3.rel1.macos64_1.0.0.202411102158/tools/bin/../lib/gcc/arm-none-eabi/13.3.1/../../../../arm-none-eabi/lib/thumb/v7e-m+fp/hard/libc_nano.a(libc_a-mlock.o)
                              /Applications/STM32CubeIDE.app/Contents/Eclipse/plugins/com.st.stm32cube.ide.mcu.externaltools.gnu-tools-for-stm32.13.3.rel1.macos64_1.0.0.202411102158/tools/bin/../lib/gcc/arm-none-eabi/13.3.1/../../../../arm-none-eabi/lib/thumb/v7e-m+fp/hard/libc_nano.a(libc_a-mallocr.o) (__malloc_lock)
/Applications/STM32CubeIDE.app/Contents/Eclipse/plugins/com.st.stm32cube.ide.mcu.externaltools.gnu-tools-for-stm32.13.3.rel1.macos64_1.0.0.202411102158/tools/bin/../lib/gcc/arm-none-eabi/13.3.1/../../../../arm-none-eabi/lib/thumb/v7e-m+fp/hard/libc_nano.a(libc_a-findfp.o)
                              /Applications/STM32CubeIDE.app/Contents/Eclipse/plugins/com.st.stm32cube.ide.mcu.externaltools.gnu-tools-for-stm32.13.3.rel1.macos64_1.0.0.202411102158/tools/bin/../lib/gcc/arm-none-eabi/13.3.1/../../../../arm-none-eabi/lib/thumb/v7e-m+fp/hard/libc_nano.a(libc_a-exit.o) (__stdio_exit_handler)
/Applications/STM32CubeIDE.app/Contents/Eclipse/plugins/com.st.stm32cube.ide.mcu.externaltools.gnu-tools-for-stm32.13.3.rel1.macos64_1.0.0.202411102158/tools/bin/../lib/gcc/arm-none-eabi/13.3.1/../../../../arm-none-eabi/lib/thumb/v7e-m+fp/hard/libc_nano.a(libc_a-fwalk.o)
                              /Applications/STM32CubeIDE.app/Contents/Eclipse/plugins/com.st.stm32cube.ide.mcu.externaltools.gnu-tools-for-stm32.13.3.rel1.macos64_1.0.0.202411102158/tools/bin/../lib/gcc/arm-none-eabi/13.3.1/../../../../arm-none-eabi/lib/thumb/v7e-m+fp/hard/libc_nano.a(libc_a-findfp.o) (_fwalk_sglue)
/Applications/STM32CubeIDE.app/Contents/Eclipse/plugins/com.st.stm32cube.ide.mcu.externaltools.gnu-tools-for-stm32.13.3.rel1.macos64_1.0.0.202411102158/tools/bin/../lib/gcc/arm-none-eabi/13.3.1/../../../../arm-none-eabi/lib/thumb/v7e-m+fp/hard/libc_nano.a(libc_a-memset.o)
                              /Applications/STM32CubeIDE.app/Contents/Eclipse/plugins/com.st.stm32cube.ide.mcu.externaltools.gnu-tools-for-stm32.13.3.rel1.macos64_1.0.0.202411102158/tools/bin/../lib/gcc/arm-none-eabi/13.3.1/../../../../arm-none-eabi/lib/thumb/v7e-m+fp/hard/crt0.o (memset)
/Applications/STM32CubeIDE.app/Contents/Eclipse/plugins/com.st.stm32cube.ide.mcu.externaltools.gnu-tools-for-stm32.13.3.rel1.macos64_1.0.0.202411102158/tools/bin/../lib/gcc/arm-none-eabi/13.3.1/../../../../arm-none-eabi/lib/thumb/v7e-m+fp/hard/libc_nano.a(libc_a-sbrkr.o)
                              /Applications/STM32CubeIDE.app/Contents/Eclipse/plugins/com.st.stm32cube.ide.mcu.externaltools.gnu-tools-for-stm32.13.3.rel1.macos64_1.0.0.202411102158/tools/bin/../lib/gcc/arm-none-eabi/13.3.1/../../../../arm-none-eabi/lib/thumb/v7e-m+fp/hard/libc_nano.a(libc_a-mallocr.o) (_sbrk_r)
/Applications/STM32CubeIDE.app/Contents/Eclipse/plugins/com.st.stm32cube.ide.mcu.externaltools.gnu-tools-for-stm32.13.3.rel1.macos64_1.0.0.202411102158/tools/bin/../lib/gcc/arm-none-eabi/13.3.1/../../../../arm-none-eabi/lib/thumb/v7e-m+fp/hard/libc_nano.a(libc_a-errno.o)
                              ./Core/Src/syscalls.o (__errno)
[...]
Memory Configuration

Name             Origin             Length             Attributes
CCMRAM           0x10000000         0x00010000         xrw
RAM              0x20000000         0x00020000         xrw
FLASH            0x08000000         0x00100000         xr
*default*        0x00000000         0xffffffff

Linker script and memory map

LOAD /Applications/STM32CubeIDE.app/Contents/Eclipse/plugins/com.st.stm32cube.ide.mcu.externaltools.gnu-tools-for-stm32.13.3.rel1.macos64_1.0.0.202411102158/tools/bin/../lib/gcc/arm-none-eabi/13.3.1/thumb/v7e-m+fp/hard/crti.o
LOAD /Applications/STM32CubeIDE.app/Contents/Eclipse/plugins/com.st.stm32cube.ide.mcu.externaltools.gnu-tools-for-stm32.13.3.rel1.macos64_1.0.0.202411102158/tools/bin/../lib/gcc/arm-none-eabi/13.3.1/thumb/v7e-m+fp/hard/crtbegin.o
LOAD /Applications/STM32CubeIDE.app/Contents/Eclipse/plugins/com.st.stm32cube.ide.mcu.externaltools.gnu-tools-for-stm32.13.3.rel1.macos64_1.0.0.202411102158/tools/bin/../lib/gcc/arm-none-eabi/13.3.1/../../../../arm-none-eabi/lib/thumb/v7e-m+fp/hard/crt0.o
LOAD ./Core/Src/GLcd.o
LOAD ./Core/Src/IO_BUS.o
LOAD ./Core/Src/main.o
LOAD ./Core/Src/stm32f4xx_hal_msp.o
LOAD ./Core/Src/stm32f4xx_it.o
LOAD ./Core/Src/syscalls.o
LOAD ./Core/Src/sysmem.o
LOAD ./Core/Src/system_stm32f4xx.o
LOAD ./Core/Src/Interfaces/interface_ADC.o
LOAD ./Core/Src/Interfaces/interface_BoutonBleu.o
LOAD ./Core/Src/Interfaces/interface_Moteur.o
LOAD ./Core/Src/Interfaces/interface_PCF8574.o
LOAD ./Core/Src/Interfaces/interface_Triac.o
LOAD ./Core/Src/Pilotes/pilote_BoutonBleu.o
LOAD ./Core/Src/Pilotes/pilote_CAN.o
LOAD ./Core/Src/Pilotes/pilote_I2C.o
LOAD ./Core/Src/Pilotes/pilote_MoteurPH1.o
LOAD ./Core/Src/Pilotes/pilote_MoteurPH2.o
LOAD ./Core/Src/Pilotes/pilote_MoteurPH3.o
LOAD ./Core/Src/Pilotes/pilote_MoteurPH4.o
LOAD ./Core/Src/Pilotes/pilote_Timers.o
LOAD ./Core/Src/Pilotes/pilote_Triac.o
LOAD ./Core/Src/Processus/processusCentreDeTri.o
LOAD ./Core/Src/Processus/processusEntreeAnalogique.o
LOAD ./Core/Src/Processus/processusEntreesNumeriques.o
LOAD ./Core/Src/Processus/processusSortiesNumeriques.o
LOAD ./Core/Src/Processus/processus_Affichage.o
LOAD ./Core/Src/Services/ServiceBaseTemps.o
LOAD ./Core/Startup/startup_stm32f407vgtx.o
LOAD ./Drivers/STM32F4xx_HAL_Driver/Src/stm32f4xx_hal.o
LOAD ./Drivers/STM32F4xx_HAL_Driver/Src/stm32f4xx_hal_can.o
LOAD ./Drivers/STM32F4xx_HAL_Driver/Src/stm32f4xx_hal_cortex.o
LOAD ./Drivers/STM32F4xx_HAL_Driver/Src/stm32f4xx_hal_dma.o
LOAD ./Drivers/STM32F4xx_HAL_Driver/Src/stm32f4xx_hal_dma_ex.o
LOAD ./Drivers/STM32F4xx_HAL_Driver/Src/stm32f4xx_hal_exti.o
LOAD ./Drivers/STM32F4xx_HAL_Driver/Src/stm32f4xx_hal_flash.o
LOAD ./Drivers/STM32F4xx_HAL_Driver/Src/stm32f4xx_hal_flash_ex.o
LOAD ./Drivers/STM32F4xx_HAL_Driver/Src/stm32f4xx_hal_flash_ramfunc.o
LOAD ./Drivers/STM32F4xx_HAL_Driver/Src/stm32f4xx_hal_gpio.o
LOAD ./Drivers/STM32F4xx_HAL_Driver/Src/stm32f4xx_hal_hcd.o
LOAD ./Drivers/STM32F4xx_HAL_Driver/Src/stm32f4xx_hal_i2c.o
LOAD ./Drivers/STM32F4xx_HAL_Driver/Src/stm32f4xx_hal_i2c_ex.o
LOAD ./Drivers/STM32F4xx_HAL_Driver/Src/stm32f4xx_hal_pwr.o
LOAD ./Drivers/STM32F4xx_HAL_Driver/Src/stm32f4xx_hal_pwr_ex.o
LOAD ./Drivers/STM32F4xx_HAL_Driver/Src/stm32f4xx_hal_rcc.o
LOAD ./Drivers/STM32F4xx_HAL_Driver/Src/stm32f4xx_hal_rcc_ex.o
LOAD ./Drivers/STM32F4xx_HAL_Driver/Src/stm32f4xx_hal_tim.o
LOAD ./Drivers/STM32F4xx_HAL_Driver/Src/stm32f4xx_hal_tim_ex.o
LOAD ./Drivers/STM32F4xx_HAL_Driver/Src/stm32f4xx_ll_usb.o
LOAD ./Middlewares/ST/STM32_USB_Host_Library/Class/CDC/Src/usbh_cdc.o
LOAD ./Middlewares/ST/STM32_USB_Host_Library/Core/Src/usbh_core.o
LOAD ./Middlewares/ST/STM32_USB_Host_Library/Core/Src/usbh_ctlreq.o
LOAD ./Middlewares/ST/STM32_USB_Host_Library/Core/Src/usbh_ioreq.o
LOAD ./Middlewares/ST/STM32_USB_Host_Library/Core/Src/usbh_pipes.o
LOAD ./USB_HOST/App/usb_host.o
LOAD ./USB_HOST/Target/usbh_conf.o
LOAD ./USB_HOST/Target/usbh_platform.o
START GROUP
LOAD /Applications/STM32CubeIDE.app/Contents/Eclipse/plugins/com.st.stm32cube.ide.mcu.externaltools.gnu-tools-for-stm32.13.3.rel1.macos64_1.0.0.202411102158/tools/bin/../lib/gcc/arm-none-eabi/13.3.1/../../../../arm-none-eabi/lib/thumb/v7e-m+fp/hard/libc_nano.a
LOAD /Applications/STM32CubeIDE.app/Contents/Eclipse/plugins/com.st.stm32cube.ide.mcu.externaltools.gnu-tools-for-stm32.13.3.rel1.macos64_1.0.0.202411102158/tools/bin/../lib/gcc/arm-none-eabi/13.3.1/../../../../arm-none-eabi/lib/thumb/v7e-m+fp/hard/libm.a
END GROUP
START GROUP
LOAD /Applications/STM32CubeIDE.app/Contents/Eclipse/plugins/com.st.stm32cube.ide.mcu.externaltools.gnu-tools-for-stm32.13.3.rel1.macos64_1.0.0.202411102158/tools/bin/../lib/gcc/arm-none-eabi/13.3.1/thumb/v7e-m+fp/hard/libgcc.a
LOAD /Applications/STM32CubeIDE.app/Contents/Eclipse/plugins/com.st.stm32cube.ide.mcu.externaltools.gnu-tools-for-stm32.13.3.rel1.macos64_1.0.0.202411102158/tools/bin/../lib/gcc/arm-none-eabi/13.3.1/../../../../arm-none-eabi/lib/thumb/v7e-m+fp/hard/libc_nano.a
END GROUP
START GROUP
LOAD /Applications/STM32CubeIDE.app/Contents/Eclipse/plugins/com.st.stm32cube.ide.mcu.externaltools.gnu-tools-for-stm32.13.3.rel1.macos64_1.0.0.202411102158/tools/bin/../lib/gcc/arm-none-eabi/13.3.1/thumb/v7e-m+fp/hard/libgcc.a
LOAD /Applications/STM32CubeIDE.app/Contents/Eclipse/plugins/com.st.stm32cube.ide.mcu.externaltools.gnu-tools-for-stm32.13.3.rel1.macos64_1.0.0.202411102158/tools/bin/../lib/gcc/arm-none-eabi/13.3.1/../../../../arm-none-eabi/lib/thumb/v7e-m+fp/hard/libc_nano.a
LOAD /Applications/STM32CubeIDE.app/Contents/Eclipse/plugins/com.st.stm32cube.ide.mcu.externaltools.gnu-tools-for-stm32.13.3.rel1.macos64_1.0.0.202411102158/tools/bin/../lib/gcc/arm-none-eabi/13.3.1/../../../../arm-none-eabi/lib/thumb/v7e-m+fp/hard/libnosys.a
END GROUP
START GROUP
LOAD /Applications/STM32CubeIDE.app/Contents/Eclipse/plugins/com.st.stm32cube.ide.mcu.externaltools.gnu-tools-for-stm32.13.3.rel1.macos64_1.0.0.202411102158/tools/bin/../lib/gcc/arm-none-eabi/13.3.1/thumb/v7e-m+fp/hard/libgcc.a
LOAD /Applications/STM32CubeIDE.app/Contents/Eclipse/plugins/com.st.stm32cube.ide.mcu.externaltools.gnu-tools-for-stm32.13.3.rel1.macos64_1.0.0.202411102158/tools/bin/../lib/gcc/arm-none-eabi/13.3.1/../../../../arm-none-eabi/lib/thumb/v7e-m+fp/hard/libc_nano.a
LOAD /Applications/STM32CubeIDE.app/Contents/Eclipse/plugins/com.st.stm32cube.ide.mcu.externaltools.gnu-tools-for-stm32.13.3.rel1.macos64_1.0.0.202411102158/tools/bin/../lib/gcc/arm-none-eabi/13.3.1/../../../../arm-none-eabi/lib/thumb/v7e-m+fp/hard/libnosys.a
END GROUP
LOAD /Applications/STM32CubeIDE.app/Contents/Eclipse/plugins/com.st.stm32cube.ide.mcu.externaltools.gnu-tools-for-stm32.13.3.rel1.macos64_1.0.0.202411102158/tools/bin/../lib/gcc/arm-none-eabi/13.3.1/thumb/v7e-m+fp/hard/crtend.o
LOAD /Applications/STM32CubeIDE.app/Contents/Eclipse/plugins/com.st.stm32cube.ide.mcu.externaltools.gnu-tools-for-stm32.13.3.rel1.macos64_1.0.0.202411102158/tools/bin/../lib/gcc/arm-none-eabi/13.3.1/thumb/v7e-m+fp/hard/crtn.o
                0x20020000                        _estack = (ORIGIN (RAM) + LENGTH (RAM))
                0x00000200                        _Min_Heap_Size = 0x200
                0x00000400                        _Min_Stack_Size = 0x400

.isr_vector     0x08000000      0x188
                0x08000000                        . = ALIGN (0x4)
 *(.isr_vector)
 .isr_vector    0x08000000      0x188 ./Core/Startup/startup_stm32f407vgtx.o
                0x08000000                g_pfnVectors
                0x08000188                        . = ALIGN (0x4)

.text           0x08000188     0xaa4c
                0x08000188                        . = ALIGN (0x4)
 *(.text)
 .text          0x08000188       0x40 /Applications/STM32CubeIDE.app/Contents/Eclipse/plugins/com.st.stm32cube.ide.mcu.externaltools.gnu-tools-for-stm32.13.3.rel1.macos64_1.0.0.202411102158/tools/bin/../lib/gcc/arm-none-eabi/13.3.1/thumb/v7e-m+fp/hard/crtbegin.o
 .text          0x080001c8       0x30 /Applications/STM32CubeIDE.app/Contents/Eclipse/plugins/com.st.stm32cube.ide.mcu.externaltools.gnu-tools-for-stm32.13.3.rel1.macos64_1.0.0.202411102158/tools/bin/../lib/gcc/arm-none-eabi/13.3.1/thumb/v7e-m+fp/hard/libgcc.a(_aeabi_uldivmod.o)
                0x080001c8                __aeabi_uldivmod
 .text          0x080001f8      0x2f8 /Applications/STM32CubeIDE.app/Contents/Eclipse/plugins/com.st.stm32cube.ide.mcu.externaltools.gnu-tools-for-stm32.13.3.rel1.macos64_1.0.0.202411102158/tools/bin/../lib/gcc/arm-none-eabi/13.3.1/thumb/v7e-m+fp/hard/libgcc.a(_udivmoddi4.o)
                0x080001f8                __udivmoddi4
 .text          0x080004f0        0x4 /Applications/STM32CubeIDE.app/Contents/Eclipse/plugins/com.st.stm32cube.ide.mcu.externaltools.gnu-tools-for-stm32.13.3.rel1.macos64_1.0.0.202411102158/tools/bin/../lib/gcc/arm-none-eabi/13.3.1/thumb/v7e-m+fp/hard/libgcc.a(_dvmd_tls.o)
                0x080004f0                __aeabi_ldiv0
                0x080004f0                __aeabi_idiv0
 *(.text*)
 .text.vOutputGLcd
                0x080004f4       0x50 ./Core/Src/GLcd.o
                0x080004f4                vOutputGLcd
 .text.vInitGLcd
                0x08000544       0x58 ./Core/Src/GLcd.o
                0x08000544                vInitGLcd
 .text.vClearGLcd
                0x0800059c       0x7e ./Core/Src/GLcd.o
                0x0800059c                vClearGLcd
 *fill*         0x0800061a        0x2 
 .text.vPutCharGLcd
                0x0800061c      0x190 ./Core/Src/GLcd.o
                0x0800061c                vPutCharGLcd
 .text.vPutStringGLcd
                0x080007ac       0x9c ./Core/Src/GLcd.o
                0x080007ac                vPutStringGLcd
 .text.vData_IN
                0x08000848       0x2c ./Core/Src/IO_BUS.o
                0x08000848                vData_IN
 .text.vData_OUT
                0x08000874       0x30 ./Core/Src/IO_BUS.o
                0x08000874                vData_OUT
 .text.ucReadIO
                0x080008a4      0x324 ./Core/Src/IO_BUS.o
                0x080008a4                ucReadIO
 .text.vWriteIO
                0x08000bc8      0x370 ./Core/Src/IO_BUS.o
                0x08000bc8                vWriteIO
 .text.Main_Init
                0x08000f38       0x28 ./Core/Src/main.o
                0x08000f38                Main_Init
 .text.doNothing
                0x08000f60        0xe ./Core/Src/main.o
                0x08000f60                doNothing
 .text.main     0x08000f6e       0x36 ./Core/Src/main.o
                0x08000f6e                main
 .text.SystemClock_Config
                0x08000fa4       0xd4 ./Core/Src/main.o
                0x08000fa4                SystemClock_Config
 .text.MX_CAN1_Init
                0x08001078       0x68 ./Core/Src/main.o
 .text.MX_I2C1_Init
                0x080010e0       0x5c ./Core/Src/main.o
 .text.MX_TIM2_Init
                0x0800113c       0x98 ./Core/Src/main.o
 .text.MX_TIM14_Init
                0x080011d4       0x48 ./Core/Src/main.o
 .text.MX_GPIO_Init
                0x0800121c      0x21c ./Core/Src/main.o
 .text.Error_Handler
                0x08001438        0xc ./Core/Src/main.o
                0x08001438                Error_Handler
 .text.HAL_MspInit
                0x08001444       0x50 ./Core/Src/stm32f4xx_hal_msp.o
                0x08001444                HAL_MspInit
 .text.HAL_CAN_MspInit
                0x08001494       0x90 ./Core/Src/stm32f4xx_hal_msp.o
                0x08001494                HAL_CAN_MspInit
 .text.HAL_I2C_MspInit
                0x08001524       0x90 ./Core/Src/stm32f4xx_hal_msp.o
                0x08001524                HAL_I2C_MspInit
 .text.HAL_TIM_Base_MspInit
                0x080015b4       0x88 ./Core/Src/stm32f4xx_hal_msp.o
                0x080015b4                HAL_TIM_Base_MspInit
 .text.NMI_Handler
                0x0800163c        0x8 ./Core/Src/stm32f4xx_it.o
                0x0800163c                NMI_Handler
 .text.HardFault_Handler
                0x08001644        0x8 ./Core/Src/stm32f4xx_it.o
                0x08001644                HardFault_Handler
 .text.MemManage_Handler
                0x0800164c        0x8 ./Core/Src/stm32f4xx_it.o
                0x0800164c                MemManage_Handler
 .text.BusFault_Handler
                0x08001654        0x8 ./Core/Src/stm32f4xx_it.o
                0x08001654                BusFault_Handler
 .text.UsageFault_Handler
                0x0800165c        0x8 ./Core/Src/stm32f4xx_it.o
                0x0800165c                UsageFault_Handler
 .text.SVC_Handler
                0x08001664        0xe ./Core/Src/stm32f4xx_it.o
                0x08001664                SVC_Handler
 .text.DebugMon_Handler
                0x08001672        0xe ./Core/Src/stm32f4xx_it.o
                0x08001672                DebugMon_Handler
 .text.PendSV_Handler
                0x08001680        0xe ./Core/Src/stm32f4xx_it.o
                0x08001680                PendSV_Handler
 .text.SysTick_Handler
                0x0800168e        0xc ./Core/Src/stm32f4xx_it.o
                0x0800168e                SysTick_Handler
 *fill*         0x0800169a        0x2 
 .text.TIM2_IRQHandler
                0x0800169c       0x14 ./Core/Src/stm32f4xx_it.o
                0x0800169c                TIM2_IRQHandler
 .text.EXTI15_10_IRQHandler
                0x080016b0       0x10 ./Core/Src/stm32f4xx_it.o
                0x080016b0                EXTI15_10_IRQHandler
 .text.TIM8_TRG_COM_TIM14_IRQHandler
                0x080016c0       0x14 ./Core/Src/stm32f4xx_it.o
                0x080016c0                TIM8_TRG_COM_TIM14_IRQHandler
 .text.OTG_FS_IRQHandler
                0x080016d4       0x14 ./Core/Src/stm32f4xx_it.o
                0x080016d4                OTG_FS_IRQHandler
 .text._sbrk    0x080016e8       0x6c ./Core/Src/sysmem.o
                0x080016e8                _sbrk
 .text.SystemInit
                0x08001754       0x24 ./Core/Src/system_stm32f4xx.o
                0x08001754                SystemInit
 .text.lectureADC
                0x08001778       0x1c ./Core/Src/Interfaces/interface_ADC.o
                0x08001778                lectureADC
 .text.interfaceADC_Init
                0x08001794       0x1c ./Core/Src/Interfaces/interface_ADC.o
                0x08001794                interfaceADC_Init
 .text.interfaceBtnBleu_gere
                0x080017b0       0x9c ./Core/Src/Interfaces/interface_BoutonBleu.o
                0x080017b0                interfaceBtnBleu_gere
 .text.interface_BoutonBleuInit
                0x0800184c       0x40 ./Core/Src/Interfaces/interface_BoutonBleu.o
                0x0800184c                interface_BoutonBleuInit
 .text.controleMoteur
                0x0800188c       0x66 ./Core/Src/Interfaces/interface_Moteur.o
                0x0800188c                controleMoteur
 *fill*         0x080018f2        0x2 
 .text.simuleMoteur
                0x080018f4       0xb0 ./Core/Src/Interfaces/interface_Moteur.o
                0x080018f4                simuleMoteur
 .text.interfaceMoteur_Init
                0x080019a4       0x40 ./Core/Src/Interfaces/interface_Moteur.o
                0x080019a4                interfaceMoteur_Init
 .text.lectureEntrees
                0x080019e4       0x3c ./Core/Src/Interfaces/interface_PCF8574.o
                0x080019e4                lectureEntrees
 .text.ecritureSorties
                0x08001a20       0x24 ./Core/Src/Interfaces/interface_PCF8574.o
                0x08001a20                ecritureSorties
 .text.pilote_BoutonBleu_Lire
                0x08001a44       0x20 ./Core/Src/Pilotes/pilote_BoutonBleu.o
                0x08001a44                pilote_BoutonBleu_Lire
 .text.lectureI2C
                0x08001a64       0x38 ./Core/Src/Pilotes/pilote_I2C.o
                0x08001a64                lectureI2C
 .text.lectureI2C_10bits
                0x08001a9c       0x54 ./Core/Src/Pilotes/pilote_I2C.o
                0x08001a9c                lectureI2C_10bits
 .text.ecritureI2C
                0x08001af0       0x30 ./Core/Src/Pilotes/pilote_I2C.o
                0x08001af0                ecritureI2C
 .text.moteurPH1_set
                0x08001b20       0x18 ./Core/Src/Pilotes/pilote_MoteurPH1.o
                0x08001b20                moteurPH1_set
 .text.moteurPH1_reset
                0x08001b38       0x18 ./Core/Src/Pilotes/pilote_MoteurPH1.o
                0x08001b38                moteurPH1_reset
 .text.moteurPH2_set
                0x08001b50       0x18 ./Core/Src/Pilotes/pilote_MoteurPH2.o
                0x08001b50                moteurPH2_set
 .text.moteurPH2_reset
                0x08001b68       0x18 ./Core/Src/Pilotes/pilote_MoteurPH2.o
                0x08001b68                moteurPH2_reset
 .text.moteurPH3_set
                0x08001b80       0x18 ./Core/Src/Pilotes/pilote_MoteurPH3.o
                0x08001b80                moteurPH3_set
 .text.moteurPH3_reset
                0x08001b98       0x18 ./Core/Src/Pilotes/pilote_MoteurPH3.o
                0x08001b98                moteurPH3_reset
 .text.moteurPH4_set
                0x08001bb0       0x18 ./Core/Src/Pilotes/pilote_MoteurPH4.o
                0x08001bb0                moteurPH4_set
 .text.moteurPH4_reset
                0x08001bc8       0x18 ./Core/Src/Pilotes/pilote_MoteurPH4.o
                0x08001bc8                moteurPH4_reset
 .text.HAL_TIM_PeriodElapsedCallback
                0x08001be0       0x28 ./Core/Src/Pilotes/pilote_Timers.o
                0x08001be0                HAL_TIM_PeriodElapsedCallback
 .text.piloteTimer14_permetLesInterruptions
                0x08001c08       0x14 ./Core/Src/Pilotes/pilote_Timers.o
                0x08001c08                piloteTimer14_permetLesInterruptions
 .text.piloteTimer2_permetLesInterruptions
                0x08001c1c       0x14 ./Core/Src/Pilotes/pilote_Timers.o
                0x08001c1c                piloteTimer2_permetLesInterruptions
 .text.piloteTimers_initialise
                0x08001c30       0x1c ./Core/Src/Pilotes/pilote_Timers.o
                0x08001c30                piloteTimers_initialise
 .text.HAL_GPIO_EXTI_Callback
                0x08001c4c       0x16 ./Core/Src/Pilotes/pilote_Triac.o
                0x08001c4c                HAL_GPIO_EXTI_Callback
 .text.processusEntreesNum_Lire
                0x08001c62        0xc ./Core/Src/Processus/processusEntreesNumeriques.o
                0x08001c62                processusEntreesNum_Lire
 *fill*         0x08001c6e        0x2 
 .text.processusEntreesNum_Init
                0x08001c70       0x1c ./Core/Src/Processus/processusEntreesNumeriques.o
                0x08001c70                processusEntreesNum_Init
 .text.processusSortiesNum_Ecrire
                0x08001c8c       0x1c ./Core/Src/Processus/processusSortiesNumeriques.o
                0x08001c8c                processusSortiesNum_Ecrire
 .text.processusSortiesNum_Init
                0x08001ca8       0x1c ./Core/Src/Processus/processusSortiesNumeriques.o
                0x08001ca8                processusSortiesNum_Init
 .text.uint16ToHex
                0x08001cc4       0x84 ./Core/Src/Processus/processus_Affichage.o
                0x08001cc4                uint16ToHex
 .text.byteToBinary
                0x08001d48       0x50 ./Core/Src/Processus/processus_Affichage.o
                0x08001d48                byteToBinary
 .text.processusAffichage_Afficher
                0x08001d98      0x2fc ./Core/Src/Processus/processus_Affichage.o
                0x08001d98                processusAffichage_Afficher
 .text.processusAffichageInit
                0x08002094       0xd0 ./Core/Src/Processus/processus_Affichage.o
                0x08002094                processusAffichageInit
 .text.serviceBaseDeTemps_gere
                0x08002164       0x30 ./Core/Src/Services/ServiceBaseTemps.o
                0x08002164                serviceBaseDeTemps_gere
 .text.serviceBaseDeTemps_initialise
                0x08002194       0x44 ./Core/Src/Services/ServiceBaseTemps.o
                0x08002194                serviceBaseDeTemps_initialise
 .text.Reset_Handler
                0x080021d8       0x50 ./Core/Startup/startup_stm32f407vgtx.o
                0x080021d8                Reset_Handler
 .text.Default_Handler
                0x08002228        0x2 ./Core/Startup/startup_stm32f407vgtx.o
                0x08002228                DMA1_Stream3_IRQHandler
                0x08002228                HASH_RNG_IRQHandler
                0x08002228                EXTI2_IRQHandler
                0x08002228                TIM8_CC_IRQHandler
                0x08002228                TIM1_CC_IRQHandler
                0x08002228                DMA2_Stream5_IRQHandler
                0x08002228                DMA1_Stream5_IRQHandler
                0x08002228                PVD_IRQHandler
                0x08002228                SDIO_IRQHandler
                0x08002228                TAMP_STAMP_IRQHandler
                0x08002228                CAN2_RX1_IRQHandler
                0x08002228                EXTI3_IRQHandler
                0x08002228                TIM1_UP_TIM10_IRQHandler
                0x08002228                TIM8_UP_TIM13_IRQHandler
                0x08002228                I2C3_ER_IRQHandler
                0x08002228                EXTI0_IRQHandler
                0x08002228                I2C2_EV_IRQHandler
                0x08002228                DMA1_Stream2_IRQHandler
                0x08002228                CAN1_RX0_IRQHandler
                0x08002228                FPU_IRQHandler
                0x08002228                OTG_HS_WKUP_IRQHandler
                0x08002228                CAN2_SCE_IRQHandler
                0x08002228                DMA2_Stream2_IRQHandler
                0x08002228                SPI1_IRQHandler
                0x08002228                TIM6_DAC_IRQHandler
                0x08002228                TIM1_BRK_TIM9_IRQHandler
                0x08002228                DCMI_IRQHandler
                0x08002228                CAN2_RX0_IRQHandler
                0x08002228                DMA2_Stream3_IRQHandler
                0x08002228                USART6_IRQHandler
                0x08002228                USART3_IRQHandler
                0x08002228                CAN1_RX1_IRQHandler
                0x08002228                UART5_IRQHandler
                0x08002228                DMA2_Stream0_IRQHandler
                0x08002228                TIM4_IRQHandler
                0x08002228                I2C1_EV_IRQHandler
                0x08002228                DMA1_Stream6_IRQHandler
                0x08002228                DMA1_Stream1_IRQHandler
                0x08002228                UART4_IRQHandler
                0x08002228                TIM3_IRQHandler
                0x08002228                RCC_IRQHandler
                0x08002228                TIM8_BRK_TIM12_IRQHandler
                0x08002228                Default_Handler
                0x08002228                ADC_IRQHandler
                0x08002228                DMA1_Stream7_IRQHandler
                0x08002228                TIM7_IRQHandler
                0x08002228                CAN2_TX_IRQHandler
                0x08002228                TIM5_IRQHandler
                0x08002228                DMA2_Stream7_IRQHandler
                0x08002228                I2C3_EV_IRQHandler
                0x08002228                EXTI9_5_IRQHandler
                0x08002228                RTC_WKUP_IRQHandler
                0x08002228                ETH_WKUP_IRQHandler
                0x08002228                SPI2_IRQHandler
                0x08002228                OTG_HS_EP1_IN_IRQHandler
                0x08002228                DMA1_Stream0_IRQHandler
                0x08002228                CAN1_TX_IRQHandler
                0x08002228                EXTI4_IRQHandler
                0x08002228                FSMC_IRQHandler
                0x08002228                ETH_IRQHandler
                0x08002228                OTG_HS_EP1_OUT_IRQHandler
                0x08002228                WWDG_IRQHandler
                0x08002228                OTG_FS_WKUP_IRQHandler
                0x08002228                TIM1_TRG_COM_TIM11_IRQHandler
                0x08002228                OTG_HS_IRQHandler
                0x08002228                EXTI1_IRQHandler
                0x08002228                USART2_IRQHandler
                0x08002228                I2C2_ER_IRQHandler
                0x08002228                DMA2_Stream1_IRQHandler
                0x08002228                CAN1_SCE_IRQHandler
                0x08002228                FLASH_IRQHandler
                0x08002228                DMA2_Stream4_IRQHandler
                0x08002228                USART1_IRQHandler
                0x08002228                SPI3_IRQHandler
                0x08002228                DMA1_Stream4_IRQHandler
                0x08002228                I2C1_ER_IRQHandler
                0x08002228                DMA2_Stream6_IRQHandler
                0x08002228                RTC_Alarm_IRQHandler
 *fill*         0x0800222a        0x2 
 .text.HAL_Init
                0x0800222c       0x44 ./Drivers/STM32F4xx_HAL_Driver/Src/stm32f4xx_hal.o
                0x0800222c                HAL_Init
 .text.HAL_InitTick
                0x08002270       0x60 ./Drivers/STM32F4xx_HAL_Driver/Src/stm32f4xx_hal.o
                0x08002270                HAL_InitTick
 .text.HAL_IncTick
                0x080022d0       0x28 ./Drivers/STM32F4xx_HAL_Driver/Src/stm32f4xx_hal.o
                0x080022d0                HAL_IncTick
 .text.HAL_GetTick
                0x080022f8       0x18 ./Drivers/STM32F4xx_HAL_Driver/Src/stm32f4xx_hal.o
                0x080022f8                HAL_GetTick
 .text.HAL_Delay
                0x08002310       0x48 ./Drivers/STM32F4xx_HAL_Driver/Src/stm32f4xx_hal.o
                0x08002310                HAL_Delay
 .text.HAL_CAN_Init
                0x08002358      0x1f6 ./Drivers/STM32F4xx_HAL_Driver/Src/stm32f4xx_hal_can.o
                0x08002358                HAL_CAN_Init
 *fill*         0x0800254e        0x2 
 .text.__NVIC_SetPriorityGrouping
                0x08002550       0x48 ./Drivers/STM32F4xx_HAL_Driver/Src/stm32f4xx_hal_cortex.o
 .text.__NVIC_GetPriorityGrouping
                0x08002598       0x1c ./Drivers/STM32F4xx_HAL_Driver/Src/stm32f4xx_hal_cortex.o
 .text.__NVIC_EnableIRQ
                0x080025b4       0x3c ./Drivers/STM32F4xx_HAL_Driver/Src/stm32f4xx_hal_cortex.o
 .text.__NVIC_SetPriority
                0x080025f0       0x54 ./Drivers/STM32F4xx_HAL_Driver/Src/stm32f4xx_hal_cortex.o
 .text.NVIC_EncodePriority
                0x08002644       0x66 ./Drivers/STM32F4xx_HAL_Driver/Src/stm32f4xx_hal_cortex.o
 *fill*         0x080026aa        0x2 
 .text.SysTick_Config
                0x080026ac       0x44 ./Drivers/STM32F4xx_HAL_Driver/Src/stm32f4xx_hal_cortex.o
 .text.HAL_NVIC_SetPriorityGrouping
                0x080026f0       0x16 ./Drivers/STM32F4xx_HAL_Driver/Src/stm32f4xx_hal_cortex.o
                0x080026f0                HAL_NVIC_SetPriorityGrouping
 .text.HAL_NVIC_SetPriority
                0x08002706       0x38 ./Drivers/STM32F4xx_HAL_Driver/Src/stm32f4xx_hal_cortex.o
                0x08002706                HAL_NVIC_SetPriority
 .text.HAL_NVIC_EnableIRQ
                0x0800273e       0x1c ./Drivers/STM32F4xx_HAL_Driver/Src/stm32f4xx_hal_cortex.o
                0x0800273e                HAL_NVIC_EnableIRQ
 .text.HAL_SYSTICK_Config
                0x0800275a       0x18 ./Drivers/STM32F4xx_HAL_Driver/Src/stm32f4xx_hal_cortex.o
                0x0800275a                HAL_SYSTICK_Config
 *fill*         0x08002772        0x2 
 .text.HAL_GPIO_Init
                0x08002774      0x338 ./Drivers/STM32F4xx_HAL_Driver/Src/stm32f4xx_hal_gpio.o
                0x08002774                HAL_GPIO_Init
 .text.HAL_GPIO_ReadPin
                0x08002aac       0x30 ./Drivers/STM32F4xx_HAL_Driver/Src/stm32f4xx_hal_gpio.o
                0x08002aac                HAL_GPIO_ReadPin
 .text.HAL_GPIO_WritePin
                0x08002adc       0x32 ./Drivers/STM32F4xx_HAL_Driver/Src/stm32f4xx_hal_gpio.o
                0x08002adc                HAL_GPIO_WritePin
 *fill*         0x08002b0e        0x2 
 .text.HAL_GPIO_EXTI_IRQHandler
                0x08002b10       0x30 ./Drivers/STM32F4xx_HAL_Driver/Src/stm32f4xx_hal_gpio.o
                0x08002b10                HAL_GPIO_EXTI_IRQHandler
 .text.HAL_HCD_Init
                0x08002b40       0xce ./Drivers/STM32F4xx_HAL_Driver/Src/stm32f4xx_hal_hcd.o
                0x08002b40                HAL_HCD_Init
 .text.HAL_HCD_HC_Init
                0x08002c0e      0x170 ./Drivers/STM32F4xx_HAL_Driver/Src/stm32f4xx_hal_hcd.o
                0x08002c0e                HAL_HCD_HC_Init
 *fill*         0x08002d7e        0x2 
 .text.HAL_HCD_HC_SubmitRequest
                0x08002d80      0x33c ./Drivers/STM32F4xx_HAL_Driver/Src/stm32f4xx_hal_hcd.o
                0x08002d80                HAL_HCD_HC_SubmitRequest
 .text.HAL_HCD_IRQHandler
                0x080030bc      0x220 ./Drivers/STM32F4xx_HAL_Driver/Src/stm32f4xx_hal_hcd.o
                0x080030bc                HAL_HCD_IRQHandler
 .text.HAL_HCD_Start
                0x080032dc       0x46 ./Drivers/STM32F4xx_HAL_Driver/Src/stm32f4xx_hal_hcd.o
                0x080032dc                HAL_HCD_Start
 .text.HAL_HCD_Stop
                0x08003322       0x3a ./Drivers/STM32F4xx_HAL_Driver/Src/stm32f4xx_hal_hcd.o
                0x08003322                HAL_HCD_Stop
 .text.HAL_HCD_ResetPort
                0x0800335c       0x1c ./Drivers/STM32F4xx_HAL_Driver/Src/stm32f4xx_hal_hcd.o
                0x0800335c                HAL_HCD_ResetPort
 .text.HAL_HCD_HC_GetURBState
                0x08003378       0x2a ./Drivers/STM32F4xx_HAL_Driver/Src/stm32f4xx_hal_hcd.o
                0x08003378                HAL_HCD_HC_GetURBState
 .text.HAL_HCD_HC_GetXferCount
                0x080033a2       0x2a ./Drivers/STM32F4xx_HAL_Driver/Src/stm32f4xx_hal_hcd.o
                0x080033a2                HAL_HCD_HC_GetXferCount
 .text.HAL_HCD_GetCurrentFrame
                0x080033cc       0x1c ./Drivers/STM32F4xx_HAL_Driver/Src/stm32f4xx_hal_hcd.o
                0x080033cc                HAL_HCD_GetCurrentFrame
 .text.HAL_HCD_GetCurrentSpeed
                0x080033e8       0x1c ./Drivers/STM32F4xx_HAL_Driver/Src/stm32f4xx_hal_hcd.o
                0x080033e8                HAL_HCD_GetCurrentSpeed
 .text.HAL_HCD_HC_ClearHubInfo
                0x08003404       0x6a ./Drivers/STM32F4xx_HAL_Driver/Src/stm32f4xx_hal_hcd.o
                0x08003404                HAL_HCD_HC_ClearHubInfo
 .text.HCD_HC_IN_IRQHandler
                0x0800346e      0xcd2 ./Drivers/STM32F4xx_HAL_Driver/Src/stm32f4xx_hal_hcd.o
 .text.HCD_HC_OUT_IRQHandler
                0x08004140      0x97e ./Drivers/STM32F4xx_HAL_Driver/Src/stm32f4xx_hal_hcd.o
 .text.HCD_RXQLVL_IRQHandler
                0x08004abe      0x1be ./Drivers/STM32F4xx_HAL_Driver/Src/stm32f4xx_hal_hcd.o
 .text.HCD_Port_IRQHandler
                0x08004c7c       0xe6 ./Drivers/STM32F4xx_HAL_Driver/Src/stm32f4xx_hal_hcd.o
 *fill*         0x08004d62        0x2 
 .text.HAL_I2C_Init
                0x08004d64      0x288 ./Drivers/STM32F4xx_HAL_Driver/Src/stm32f4xx_hal_i2c.o
                0x08004d64                HAL_I2C_Init
 .text.HAL_I2C_Master_Transmit
                0x08004fec      0x1fc ./Drivers/STM32F4xx_HAL_Driver/Src/stm32f4xx_hal_i2c.o
                0x08004fec                HAL_I2C_Master_Transmit
 .text.HAL_I2C_Master_Receive
                0x080051e8      0x464 ./Drivers/STM32F4xx_HAL_Driver/Src/stm32f4xx_hal_i2c.o
                0x080051e8                HAL_I2C_Master_Receive
 .text.I2C_MasterRequestWrite
                0x0800564c      0x104 ./Drivers/STM32F4xx_HAL_Driver/Src/stm32f4xx_hal_i2c.o
 .text.I2C_MasterRequestRead
                0x08005750      0x19c ./Drivers/STM32F4xx_HAL_Driver/Src/stm32f4xx_hal_i2c.o
 .text.I2C_WaitOnFlagUntilTimeout
                0x080058ec       0xf4 ./Drivers/STM32F4xx_HAL_Driver/Src/stm32f4xx_hal_i2c.o
 .text.I2C_WaitOnMasterAddressFlagUntilTimeout
                0x080059e0      0x140 ./Drivers/STM32F4xx_HAL_Driver/Src/stm32f4xx_hal_i2c.o
 .text.I2C_WaitOnTXEFlagUntilTimeout
                0x08005b20       0x90 ./Drivers/STM32F4xx_HAL_Driver/Src/stm32f4xx_hal_i2c.o
 .text.I2C_WaitOnBTFFlagUntilTimeout
                0x08005bb0       0x90 ./Drivers/STM32F4xx_HAL_Driver/Src/stm32f4xx_hal_i2c.o
 .text.I2C_WaitOnRXNEFlagUntilTimeout
                0x08005c40       0xba ./Drivers/STM32F4xx_HAL_Driver/Src/stm32f4xx_hal_i2c.o
 .text.I2C_IsAcknowledgeFailed
                0x08005cfa       0x5e ./Drivers/STM32F4xx_HAL_Driver/Src/stm32f4xx_hal_i2c.o
 .text.HAL_RCC_OscConfig
                0x08005d58      0x4f0 ./Drivers/STM32F4xx_HAL_Driver/Src/stm32f4xx_hal_rcc.o
                0x08005d58                HAL_RCC_OscConfig
 .text.HAL_RCC_ClockConfig
                0x08006248      0x1cc ./Drivers/STM32F4xx_HAL_Driver/Src/stm32f4xx_hal_rcc.o
                0x08006248                HAL_RCC_ClockConfig
 .text.HAL_RCC_GetSysClockFreq
                0x08006414      0x20c ./Drivers/STM32F4xx_HAL_Driver/Src/stm32f4xx_hal_rcc.o
                0x08006414                HAL_RCC_GetSysClockFreq
 .text.HAL_RCC_GetHCLKFreq
                0x08006620       0x18 ./Drivers/STM32F4xx_HAL_Driver/Src/stm32f4xx_hal_rcc.o
                0x08006620                HAL_RCC_GetHCLKFreq
 .text.HAL_RCC_GetPCLK1Freq
                0x08006638       0x28 ./Drivers/STM32F4xx_HAL_Driver/Src/stm32f4xx_hal_rcc.o
                0x08006638                HAL_RCC_GetPCLK1Freq
 .text.HAL_TIM_Base_Init
                0x08006660       0x9e ./Drivers/STM32F4xx_HAL_Driver/Src/stm32f4xx_hal_tim.o
                0x08006660                HAL_TIM_Base_Init
 *fill*         0x080066fe        0x2 
 .text.HAL_TIM_Base_Start_IT
                0x08006700       0xe0 ./Drivers/STM32F4xx_HAL_Driver/Src/stm32f4xx_hal_tim.o
                0x08006700                HAL_TIM_Base_Start_IT
 .text.HAL_TIM_IRQHandler
                0x080067e0      0x1e0 ./Drivers/STM32F4xx_HAL_Driver/Src/stm32f4xx_hal_tim.o
                0x080067e0                HAL_TIM_IRQHandler
 .text.HAL_TIM_ConfigClockSource
                0x080069c0      0x18e ./Drivers/STM32F4xx_HAL_Driver/Src/stm32f4xx_hal_tim.o
                0x080069c0                HAL_TIM_ConfigClockSource
 .text.HAL_TIM_OC_DelayElapsedCallback
                0x08006b4e       0x14 ./Drivers/STM32F4xx_HAL_Driver/Src/stm32f4xx_hal_tim.o
                0x08006b4e                HAL_TIM_OC_DelayElapsedCallback
 .text.HAL_TIM_IC_CaptureCallback
                0x08006b62       0x14 ./Drivers/STM32F4xx_HAL_Driver/Src/stm32f4xx_hal_tim.o
                0x08006b62                HAL_TIM_IC_CaptureCallback
 .text.HAL_TIM_PWM_PulseFinishedCallback
                0x08006b76       0x14 ./Drivers/STM32F4xx_HAL_Driver/Src/stm32f4xx_hal_tim.o
                0x08006b76                HAL_TIM_PWM_PulseFinishedCallback
 .text.HAL_TIM_TriggerCallback
                0x08006b8a       0x14 ./Drivers/STM32F4xx_HAL_Driver/Src/stm32f4xx_hal_tim.o
                0x08006b8a                HAL_TIM_TriggerCallback
 *fill*         0x08006b9e        0x2 
 .text.TIM_Base_SetConfig
                0x08006ba0      0x14c ./Drivers/STM32F4xx_HAL_Driver/Src/stm32f4xx_hal_tim.o
                0x08006ba0                TIM_Base_SetConfig
 .text.TIM_TI1_ConfigInputStage
                0x08006cec       0x5e ./Drivers/STM32F4xx_HAL_Driver/Src/stm32f4xx_hal_tim.o
 .text.TIM_TI2_ConfigInputStage
                0x08006d4a       0x60 ./Drivers/STM32F4xx_HAL_Driver/Src/stm32f4xx_hal_tim.o
 .text.TIM_ITRx_SetConfig
                0x08006daa       0x36 ./Drivers/STM32F4xx_HAL_Driver/Src/stm32f4xx_hal_tim.o
 .text.TIM_ETR_SetConfig
                0x08006de0       0x40 ./Drivers/STM32F4xx_HAL_Driver/Src/stm32f4xx_hal_tim.o
                0x08006de0                TIM_ETR_SetConfig
 .text.HAL_TIMEx_MasterConfigSynchronization
                0x08006e20       0xf8 ./Drivers/STM32F4xx_HAL_Driver/Src/stm32f4xx_hal_tim_ex.o
                0x08006e20                HAL_TIMEx_MasterConfigSynchronization
 .text.HAL_TIMEx_CommutCallback
                0x08006f18       0x14 ./Drivers/STM32F4xx_HAL_Driver/Src/stm32f4xx_hal_tim_ex.o
                0x08006f18                HAL_TIMEx_CommutCallback
 .text.HAL_TIMEx_BreakCallback
                0x08006f2c       0x14 ./Drivers/STM32F4xx_HAL_Driver/Src/stm32f4xx_hal_tim_ex.o
                0x08006f2c                HAL_TIMEx_BreakCallback
 .text.USB_CoreInit
                0x08006f40       0xc8 ./Drivers/STM32F4xx_HAL_Driver/Src/stm32f4xx_ll_usb.o
                0x08006f40                USB_CoreInit
 .text.USB_EnableGlobalInt
                0x08007008       0x22 ./Drivers/STM32F4xx_HAL_Driver/Src/stm32f4xx_ll_usb.o
                0x08007008                USB_EnableGlobalInt
 .text.USB_DisableGlobalInt
                0x0800702a       0x22 ./Drivers/STM32F4xx_HAL_Driver/Src/stm32f4xx_ll_usb.o
                0x0800702a                USB_DisableGlobalInt
 .text.USB_SetCurrentMode
                0x0800704c       0x98 ./Drivers/STM32F4xx_HAL_Driver/Src/stm32f4xx_ll_usb.o
                0x0800704c                USB_SetCurrentMode
 .text.USB_FlushTxFifo
                0x080070e4       0x64 ./Drivers/STM32F4xx_HAL_Driver/Src/stm32f4xx_ll_usb.o
                0x080070e4                USB_FlushTxFifo
 .text.USB_FlushRxFifo
                0x08007148       0x5c ./Drivers/STM32F4xx_HAL_Driver/Src/stm32f4xx_ll_usb.o
                0x08007148                USB_FlushRxFifo
 .text.USB_WritePacket
                0x080071a4       0x7c ./Drivers/STM32F4xx_HAL_Driver/Src/stm32f4xx_ll_usb.o
                0x080071a4                USB_WritePacket
 .text.USB_ReadPacket
                0x08007220       0xb0 ./Drivers/STM32F4xx_HAL_Driver/Src/stm32f4xx_ll_usb.o
                0x08007220                USB_ReadPacket
 .text.USB_ReadInterrupts
                0x080072d0       0x26 ./Drivers/STM32F4xx_HAL_Driver/Src/stm32f4xx_ll_usb.o
                0x080072d0                USB_ReadInterrupts
 .text.USB_ReadChInterrupts
                0x080072f6       0x42 ./Drivers/STM32F4xx_HAL_Driver/Src/stm32f4xx_ll_usb.o
                0x080072f6                USB_ReadChInterrupts
 .text.USB_GetMode
                0x08007338       0x1c ./Drivers/STM32F4xx_HAL_Driver/Src/stm32f4xx_ll_usb.o
                0x08007338                USB_GetMode
 .text.USB_CoreReset
                0x08007354       0x70 ./Drivers/STM32F4xx_HAL_Driver/Src/stm32f4xx_ll_usb.o
 .text.USB_HostInit
                0x080073c4      0x188 ./Drivers/STM32F4xx_HAL_Driver/Src/stm32f4xx_ll_usb.o
                0x080073c4                USB_HostInit
 .text.USB_InitFSLSPClkSel
                0x0800754c       0x7a ./Drivers/STM32F4xx_HAL_Driver/Src/stm32f4xx_ll_usb.o
                0x0800754c                USB_InitFSLSPClkSel
 .text.USB_ResetPort
                0x080075c6       0x54 ./Drivers/STM32F4xx_HAL_Driver/Src/stm32f4xx_ll_usb.o
                0x080075c6                USB_ResetPort
 .text.USB_DriveVbus
                0x0800761a       0x72 ./Drivers/STM32F4xx_HAL_Driver/Src/stm32f4xx_ll_usb.o
                0x0800761a                USB_DriveVbus
 .text.USB_GetHostSpeed
                0x0800768c       0x2e ./Drivers/STM32F4xx_HAL_Driver/Src/stm32f4xx_ll_usb.o
                0x0800768c                USB_GetHostSpeed
 .text.USB_GetCurrentFrame
                0x080076ba       0x22 ./Drivers/STM32F4xx_HAL_Driver/Src/stm32f4xx_ll_usb.o
                0x080076ba                USB_GetCurrentFrame
 .text.USB_HC_Init
                0x080076dc      0x258 ./Drivers/STM32F4xx_HAL_Driver/Src/stm32f4xx_ll_usb.o
                0x080076dc                USB_HC_Init
 .text.USB_HC_StartXfer
                0x08007934      0x4f4 ./Drivers/STM32F4xx_HAL_Driver/Src/stm32f4xx_ll_usb.o
                0x08007934                USB_HC_StartXfer
 .text.USB_HC_ReadInterrupt
                0x08007e28       0x22 ./Drivers/STM32F4xx_HAL_Driver/Src/stm32f4xx_ll_usb.o
                0x08007e28                USB_HC_ReadInterrupt
 .text.USB_HC_Halt
                0x08007e4a      0x240 ./Drivers/STM32F4xx_HAL_Driver/Src/stm32f4xx_ll_usb.o
                0x08007e4a                USB_HC_Halt
 *fill*         0x0800808a        0x2 
 .text.USB_DoPing
                0x0800808c       0x78 ./Drivers/STM32F4xx_HAL_Driver/Src/stm32f4xx_ll_usb.o
                0x0800808c                USB_DoPing
 .text.USB_StopHost
                0x08008104      0x124 ./Drivers/STM32F4xx_HAL_Driver/Src/stm32f4xx_ll_usb.o
                0x08008104                USB_StopHost
 .text.USBH_CDC_InterfaceInit
                0x08008228      0x2ac ./Middlewares/ST/STM32_USB_Host_Library/Class/CDC/Src/usbh_cdc.o
 .text.USBH_CDC_InterfaceDeInit
                0x080084d4       0xb2 ./Middlewares/ST/STM32_USB_Host_Library/Class/CDC/Src/usbh_cdc.o
 .text.USBH_CDC_ClassRequest
                0x08008586       0x3e ./Middlewares/ST/STM32_USB_Host_Library/Class/CDC/Src/usbh_cdc.o
 .text.USBH_CDC_Process
                0x080085c4      0x12c ./Middlewares/ST/STM32_USB_Host_Library/Class/CDC/Src/usbh_cdc.o
 .text.USBH_CDC_SOFProcess
                0x080086f0       0x16 ./Middlewares/ST/STM32_USB_Host_Library/Class/CDC/Src/usbh_cdc.o
 .text.GetLineCoding
                0x08008706       0x3e ./Middlewares/ST/STM32_USB_Host_Library/Class/CDC/Src/usbh_cdc.o
 .text.SetLineCoding
                0x08008744       0x3e ./Middlewares/ST/STM32_USB_Host_Library/Class/CDC/Src/usbh_cdc.o
 .text.CDC_ProcessTransmission
                0x08008782       0xec ./Middlewares/ST/STM32_USB_Host_Library/Class/CDC/Src/usbh_cdc.o
 .text.CDC_ProcessReception
                0x0800886e       0xb6 ./Middlewares/ST/STM32_USB_Host_Library/Class/CDC/Src/usbh_cdc.o
 .text.USBH_CDC_TransmitCallback
                0x08008924       0x14 ./Middlewares/ST/STM32_USB_Host_Library/Class/CDC/Src/usbh_cdc.o
                0x08008924                USBH_CDC_TransmitCallback
 .text.USBH_CDC_ReceiveCallback
                0x08008938       0x14 ./Middlewares/ST/STM32_USB_Host_Library/Class/CDC/Src/usbh_cdc.o
                0x08008938                USBH_CDC_ReceiveCallback
 .text.USBH_CDC_LineCodingChanged
                0x0800894c       0x14 ./Middlewares/ST/STM32_USB_Host_Library/Class/CDC/Src/usbh_cdc.o
                0x0800894c                USBH_CDC_LineCodingChanged
 .text.USBH_Init
                0x08008960       0x74 ./Middlewares/ST/STM32_USB_Host_Library/Core/Src/usbh_core.o
                0x08008960                USBH_Init
 .text.DeInitStateMachine
                0x080089d4       0xe2 ./Middlewares/ST/STM32_USB_Host_Library/Core/Src/usbh_core.o
 .text.USBH_RegisterClass
                0x08008ab6       0x54 ./Middlewares/ST/STM32_USB_Host_Library/Core/Src/usbh_core.o
                0x08008ab6                USBH_RegisterClass
 .text.USBH_SelectInterface
                0x08008b0a       0x38 ./Middlewares/ST/STM32_USB_Host_Library/Core/Src/usbh_core.o
                0x08008b0a                USBH_SelectInterface
 .text.USBH_FindInterface
                0x08008b42       0x8c ./Middlewares/ST/STM32_USB_Host_Library/Core/Src/usbh_core.o
                0x08008b42                USBH_FindInterface
 .text.USBH_Start
                0x08008bce       0x20 ./Middlewares/ST/STM32_USB_Host_Library/Core/Src/usbh_core.o
                0x08008bce                USBH_Start
 *fill*         0x08008bee        0x2 
 .text.USBH_Process
                0x08008bf0      0x3d4 ./Middlewares/ST/STM32_USB_Host_Library/Core/Src/usbh_core.o
                0x08008bf0                USBH_Process
 .text.USBH_HandleEnum
                0x08008fc4      0x3c0 ./Middlewares/ST/STM32_USB_Host_Library/Core/Src/usbh_core.o
 .text.USBH_LL_SetTimer
                0x08009384       0x1e ./Middlewares/ST/STM32_USB_Host_Library/Core/Src/usbh_core.o
                0x08009384                USBH_LL_SetTimer
 .text.USBH_LL_IncTimer
                0x080093a2       0x24 ./Middlewares/ST/STM32_USB_Host_Library/Core/Src/usbh_core.o
                0x080093a2                USBH_LL_IncTimer
 .text.USBH_HandleSof
                0x080093c6       0x30 ./Middlewares/ST/STM32_USB_Host_Library/Core/Src/usbh_core.o
 .text.USBH_LL_PortEnabled
                0x080093f6       0x1c ./Middlewares/ST/STM32_USB_Host_Library/Core/Src/usbh_core.o
                0x080093f6                USBH_LL_PortEnabled
 .text.USBH_LL_PortDisabled
                0x08009412       0x24 ./Middlewares/ST/STM32_USB_Host_Library/Core/Src/usbh_core.o
                0x08009412                USBH_LL_PortDisabled
 .text.USBH_LL_Connect
                0x08009436       0x2e ./Middlewares/ST/STM32_USB_Host_Library/Core/Src/usbh_core.o
                0x08009436                USBH_LL_Connect
 .text.USBH_LL_Disconnect
                0x08009464       0x48 ./Middlewares/ST/STM32_USB_Host_Library/Core/Src/usbh_core.o
                0x08009464                USBH_LL_Disconnect
 .text.USBH_Get_DevDesc
                0x080094ac       0x58 ./Middlewares/ST/STM32_USB_Host_Library/Core/Src/usbh_ctlreq.o
                0x080094ac                USBH_Get_DevDesc
 .text.USBH_Get_CfgDesc
                0x08009504       0x54 ./Middlewares/ST/STM32_USB_Host_Library/Core/Src/usbh_ctlreq.o
                0x08009504                USBH_Get_CfgDesc
 .text.USBH_Get_StringDesc
                0x08009558       0x68 ./Middlewares/ST/STM32_USB_Host_Library/Core/Src/usbh_ctlreq.o
                0x08009558                USBH_Get_StringDesc
 .text.USBH_GetDescriptor
                0x080095c0       0x6a ./Middlewares/ST/STM32_USB_Host_Library/Core/Src/usbh_ctlreq.o
                0x080095c0                USBH_GetDescriptor
 .text.USBH_SetAddress
                0x0800962a       0x48 ./Middlewares/ST/STM32_USB_Host_Library/Core/Src/usbh_ctlreq.o
                0x0800962a                USBH_SetAddress
 .text.USBH_SetCfg
                0x08009672       0x46 ./Middlewares/ST/STM32_USB_Host_Library/Core/Src/usbh_ctlreq.o
                0x08009672                USBH_SetCfg
 .text.USBH_SetFeature
                0x080096b8       0x48 ./Middlewares/ST/STM32_USB_Host_Library/Core/Src/usbh_ctlreq.o
                0x080096b8                USBH_SetFeature
 .text.USBH_ClrFeature
                0x08009700       0x48 ./Middlewares/ST/STM32_USB_Host_Library/Core/Src/usbh_ctlreq.o
                0x08009700                USBH_ClrFeature
 .text.USBH_ParseDevDesc
                0x08009748      0x160 ./Middlewares/ST/STM32_USB_Host_Library/Core/Src/usbh_ctlreq.o
 .text.USBH_ParseCfgDesc
                0x080098a8      0x1f8 ./Middlewares/ST/STM32_USB_Host_Library/Core/Src/usbh_ctlreq.o
 .text.USBH_ParseInterfaceDesc
                0x08009aa0       0x5e ./Middlewares/ST/STM32_USB_Host_Library/Core/Src/usbh_ctlreq.o
 .text.USBH_ParseEPDesc
                0x08009afe      0x1d0 ./Middlewares/ST/STM32_USB_Host_Library/Core/Src/usbh_ctlreq.o
 .text.USBH_ParseStringDesc
                0x08009cce       0x66 ./Middlewares/ST/STM32_USB_Host_Library/Core/Src/usbh_ctlreq.o
 .text.USBH_GetNextDesc
                0x08009d34       0x34 ./Middlewares/ST/STM32_USB_Host_Library/Core/Src/usbh_ctlreq.o
                0x08009d34                USBH_GetNextDesc
 .text.USBH_CtlReq
                0x08009d68       0x7a ./Middlewares/ST/STM32_USB_Host_Library/Core/Src/usbh_ctlreq.o
                0x08009d68                USBH_CtlReq
 *fill*         0x08009de2        0x2 
 .text.USBH_HandleControl
                0x08009de4      0x2ec ./Middlewares/ST/STM32_USB_Host_Library/Core/Src/usbh_ctlreq.o
 .text.USBH_CtlSendSetup
                0x0800a0d0       0x34 ./Middlewares/ST/STM32_USB_Host_Library/Core/Src/usbh_ioreq.o
                0x0800a0d0                USBH_CtlSendSetup
 .text.USBH_CtlSendData
                0x0800a104       0x4a ./Middlewares/ST/STM32_USB_Host_Library/Core/Src/usbh_ioreq.o
                0x0800a104                USBH_CtlSendData
 .text.USBH_CtlReceiveData
                0x0800a14e       0x3c ./Middlewares/ST/STM32_USB_Host_Library/Core/Src/usbh_ioreq.o
                0x0800a14e                USBH_CtlReceiveData
 .text.USBH_BulkSendData
                0x0800a18a       0x4a ./Middlewares/ST/STM32_USB_Host_Library/Core/Src/usbh_ioreq.o
                0x0800a18a                USBH_BulkSendData
 .text.USBH_BulkReceiveData
                0x0800a1d4       0x3c ./Middlewares/ST/STM32_USB_Host_Library/Core/Src/usbh_ioreq.o
                0x0800a1d4                USBH_BulkReceiveData
 .text.USBH_OpenPipe
                0x0800a210       0x3e ./Middlewares/ST/STM32_USB_Host_Library/Core/Src/usbh_pipes.o
                0x0800a210                USBH_OpenPipe
 .text.USBH_ClosePipe
                0x0800a24e       0x20 ./Middlewares/ST/STM32_USB_Host_Library/Core/Src/usbh_pipes.o
                0x0800a24e                USBH_ClosePipe
 .text.USBH_AllocPipe
                0x0800a26e       0x42 ./Middlewares/ST/STM32_USB_Host_Library/Core/Src/usbh_pipes.o
                0x0800a26e                USBH_AllocPipe
 .text.USBH_FreePipe
                0x0800a2b0       0x3c ./Middlewares/ST/STM32_USB_Host_Library/Core/Src/usbh_pipes.o
                0x0800a2b0                USBH_FreePipe
 .text.USBH_GetFreePipe
                0x0800a2ec       0x48 ./Middlewares/ST/STM32_USB_Host_Library/Core/Src/usbh_pipes.o
 .text.MX_USB_HOST_Init
                0x0800a334       0x4c ./USB_HOST/App/usb_host.o
                0x0800a334                MX_USB_HOST_Init
 .text.MX_USB_HOST_Process
                0x0800a380       0x14 ./USB_HOST/App/usb_host.o
                0x0800a380                MX_USB_HOST_Process
 .text.USBH_UserProcess
                0x0800a394       0x5c ./USB_HOST/App/usb_host.o
 .text.HAL_HCD_MspInit
                0x0800a3f0       0xc4 ./USB_HOST/Target/usbh_conf.o
                0x0800a3f0                HAL_HCD_MspInit
 .text.HAL_HCD_SOF_Callback
                0x0800a4b4       0x1c ./USB_HOST/Target/usbh_conf.o
                0x0800a4b4                HAL_HCD_SOF_Callback
 .text.HAL_HCD_Connect_Callback
                0x0800a4d0       0x1c ./USB_HOST/Target/usbh_conf.o
                0x0800a4d0                HAL_HCD_Connect_Callback
 .text.HAL_HCD_Disconnect_Callback
                0x0800a4ec       0x1c ./USB_HOST/Target/usbh_conf.o
                0x0800a4ec                HAL_HCD_Disconnect_Callback
 .text.HAL_HCD_HC_NotifyURBChange_Callback
                0x0800a508       0x1c ./USB_HOST/Target/usbh_conf.o
                0x0800a508                HAL_HCD_HC_NotifyURBChange_Callback
 .text.HAL_HCD_PortEnabled_Callback
                0x0800a524       0x1c ./USB_HOST/Target/usbh_conf.o
                0x0800a524                HAL_HCD_PortEnabled_Callback
 .text.HAL_HCD_PortDisabled_Callback
                0x0800a540       0x1c ./USB_HOST/Target/usbh_conf.o
                0x0800a540                HAL_HCD_PortDisabled_Callback
 .text.USBH_LL_Init
                0x0800a55c       0x78 ./USB_HOST/Target/usbh_conf.o
                0x0800a55c                USBH_LL_Init
 .text.USBH_LL_Start
                0x0800a5d4       0x36 ./USB_HOST/Target/usbh_conf.o
                0x0800a5d4                USBH_LL_Start
 .text.USBH_LL_Stop
                0x0800a60a       0x36 ./USB_HOST/Target/usbh_conf.o
                0x0800a60a                USBH_LL_Stop
 .text.USBH_LL_GetSpeed
                0x0800a640       0x4e ./USB_HOST/Target/usbh_conf.o
                0x0800a640                USBH_LL_GetSpeed
 .text.USBH_LL_ResetPort
                0x0800a68e       0x36 ./USB_HOST/Target/usbh_conf.o
                0x0800a68e                USBH_LL_ResetPort
 .text.USBH_LL_GetLastXferSize
                0x0800a6c4       0x26 ./USB_HOST/Target/usbh_conf.o
                0x0800a6c4                USBH_LL_GetLastXferSize
 .text.USBH_LL_OpenPipe
                0x0800a6ea       0x5e ./USB_HOST/Target/usbh_conf.o
                0x0800a6ea                USBH_LL_OpenPipe
 .text.USBH_LL_ClosePipe
                0x0800a748       0x1a ./USB_HOST/Target/usbh_conf.o
                0x0800a748                USBH_LL_ClosePipe
 .text.USBH_LL_SubmitURB
                0x0800a762       0x62 ./USB_HOST/Target/usbh_conf.o
                0x0800a762                USBH_LL_SubmitURB
 .text.USBH_LL_GetURBState
                0x0800a7c4       0x26 ./USB_HOST/Target/usbh_conf.o
                0x0800a7c4                USBH_LL_GetURBState
 .text.USBH_LL_DriverVBUS
                0x0800a7ea       0x2e ./USB_HOST/Target/usbh_conf.o
                0x0800a7ea                USBH_LL_DriverVBUS
 .text.USBH_LL_SetToggle
                0x0800a818       0x66 ./USB_HOST/Target/usbh_conf.o
                0x0800a818                USBH_LL_SetToggle
 .text.USBH_Delay
                0x0800a87e       0x16 ./USB_HOST/Target/usbh_conf.o
                0x0800a87e                USBH_Delay
 .text.USBH_Get_USB_Status
                0x0800a894       0x58 ./USB_HOST/Target/usbh_conf.o
                0x0800a894                USBH_Get_USB_Status
 .text.MX_DriverVbusFS
                0x0800a8ec       0x38 ./USB_HOST/Target/usbh_platform.o
                0x0800a8ec                MX_DriverVbusFS
 .text.malloc   0x0800a924       0x10 /Applications/STM32CubeIDE.app/Contents/Eclipse/plugins/com.st.stm32cube.ide.mcu.externaltools.gnu-tools-for-stm32.13.3.rel1.macos64_1.0.0.202411102158/tools/bin/../lib/gcc/arm-none-eabi/13.3.1/../../../../arm-none-eabi/lib/thumb/v7e-m+fp/hard/libc_nano.a(libc_a-malloc.o)
                0x0800a924                malloc
 .text.free     0x0800a934       0x10 /Applications/STM32CubeIDE.app/Contents/Eclipse/plugins/com.st.stm32cube.ide.mcu.externaltools.gnu-tools-for-stm32.13.3.rel1.macos64_1.0.0.202411102158/tools/bin/../lib/gcc/arm-none-eabi/13.3.1/../../../../arm-none-eabi/lib/thumb/v7e-m+fp/hard/libc_nano.a(libc_a-malloc.o)
                0x0800a934                free
 .text.sbrk_aligned
                0x0800a944       0x44 /Applications/STM32CubeIDE.app/Contents/Eclipse/plugins/com.st.stm32cube.ide.mcu.externaltools.gnu-tools-for-stm32.13.3.rel1.macos64_1.0.0.202411102158/tools/bin/../lib/gcc/arm-none-eabi/13.3.1/../../../../arm-none-eabi/lib/thumb/v7e-m+fp/hard/libc_nano.a(libc_a-mallocr.o)
 .text._malloc_r
                0x0800a988      0x100 /Applications/STM32CubeIDE.app/Contents/Eclipse/plugins/com.st.stm32cube.ide.mcu.externaltools.gnu-tools-for-stm32.13.3.rel1.macos64_1.0.0.202411102158/tools/bin/../lib/gcc/arm-none-eabi/13.3.1/../../../../arm-none-eabi/lib/thumb/v7e-m+fp/hard/libc_nano.a(libc_a-mallocr.o)
                0x0800a988                _malloc_r
 .text.__malloc_lock
                0x0800aa88        0xc /Applications/STM32CubeIDE.app/Contents/Eclipse/plugins/com.st.stm32cube.ide.mcu.externaltools.gnu-tools-for-stm32.13.3.rel1.macos64_1.0.0.202411102158/tools/bin/../lib/gcc/arm-none-eabi/13.3.1/../../../../arm-none-eabi/lib/thumb/v7e-m+fp/hard/libc_nano.a(libc_a-mlock.o)
                0x0800aa88                __malloc_lock
 .text.__malloc_unlock
                0x0800aa94        0xc /Applications/STM32CubeIDE.app/Contents/Eclipse/plugins/com.st.stm32cube.ide.mcu.externaltools.gnu-tools-for-stm32.13.3.rel1.macos64_1.0.0.202411102158/tools/bin/../lib/gcc/arm-none-eabi/13.3.1/../../../../arm-none-eabi/lib/thumb/v7e-m+fp/hard/libc_nano.a(libc_a-mlock.o)
                0x0800aa94                __malloc_unlock
 .text.memset   0x0800aaa0       0x10 /Applications/STM32CubeIDE.app/Contents/Eclipse/plugins/com.st.stm32cube.ide.mcu.externaltools.gnu-tools-for-stm32.13.3.rel1.macos64_1.0.0.202411102158/tools/bin/../lib/gcc/arm-none-eabi/13.3.1/../../../../arm-none-eabi/lib/thumb/v7e-m+fp/hard/libc_nano.a(libc_a-memset.o)
                0x0800aaa0                memset
 .text._sbrk_r  0x0800aab0       0x20 /Applications/STM32CubeIDE.app/Contents/Eclipse/plugins/com.st.stm32cube.ide.mcu.externaltools.gnu-tools-for-stm32.13.3.rel1.macos64_1.0.0.202411102158/tools/bin/../lib/gcc/arm-none-eabi/13.3.1/../../../../arm-none-eabi/lib/thumb/v7e-m+fp/hard/libc_nano.a(libc_a-sbrkr.o)
                0x0800aab0                _sbrk_r
 .text.__errno  0x0800aad0        0xc /Applications/STM32CubeIDE.app/Contents/Eclipse/plugins/com.st.stm32cube.ide.mcu.externaltools.gnu-tools-for-stm32.13.3.rel1.macos64_1.0.0.202411102158/tools/bin/../lib/gcc/arm-none-eabi/13.3.1/../../../../arm-none-eabi/lib/thumb/v7e-m+fp/hard/libc_nano.a(libc_a-errno.o)
                0x0800aad0                __errno
 .text.__libc_init_array
                0x0800aadc       0x48 /Applications/STM32CubeIDE.app/Contents/Eclipse/plugins/com.st.stm32cube.ide.mcu.externaltools.gnu-tools-for-stm32.13.3.rel1.macos64_1.0.0.202411102158/tools/bin/../lib/gcc/arm-none-eabi/13.3.1/../../../../arm-none-eabi/lib/thumb/v7e-m+fp/hard/libc_nano.a(libc_a-init.o)
                0x0800aadc                __libc_init_array
 .text.__retarget_lock_acquire_recursive
                0x0800ab24        0x2 /Applications/STM32CubeIDE.app/Contents/Eclipse/plugins/com.st.stm32cube.ide.mcu.externaltools.gnu-tools-for-stm32.13.3.rel1.macos64_1.0.0.202411102158/tools/bin/../lib/gcc/arm-none-eabi/13.3.1/../../../../arm-none-eabi/lib/thumb/v7e-m+fp/hard/libc_nano.a(libc_a-lock.o)
                0x0800ab24                __retarget_lock_acquire_recursive
 .text.__retarget_lock_release_recursive
                0x0800ab26        0x2 /Applications/STM32CubeIDE.app/Contents/Eclipse/plugins/com.st.stm32cube.ide.mcu.externaltools.gnu-tools-for-stm32.13.3.rel1.macos64_1.0.0.202411102158/tools/bin/../lib/gcc/arm-none-eabi/13.3.1/../../../../arm-none-eabi/lib/thumb/v7e-m+fp/hard/libc_nano.a(libc_a-lock.o)
                0x0800ab26                __retarget_lock_release_recursive
 .text._free_r  0x0800ab28       0x94 /Applications/STM32CubeIDE.app/Contents/Eclipse/plugins/com.st.stm32cube.ide.mcu.externaltools.gnu-tools-for-stm32.13.3.rel1.macos64_1.0.0.202411102158/tools/bin/../lib/gcc/arm-none-eabi/13.3.1/../../../../arm-none-eabi/lib/thumb/v7e-m+fp/hard/libc_nano.a(libc_a-freer.o)
                0x0800ab28                _free_r
 *(.glue_7)
 .glue_7        0x0800abbc        0x0 linker stubs
 *(.glue_7t)
 .glue_7t       0x0800abbc        0x0 linker stubs
 *(.eh_frame)
 .eh_frame      0x0800abbc        0x0 /Applications/STM32CubeIDE.app/Contents/Eclipse/plugins/com.st.stm32cube.ide.mcu.externaltools.gnu-tools-for-stm32.13.3.rel1.macos64_1.0.0.202411102158/tools/bin/../lib/gcc/arm-none-eabi/13.3.1/thumb/v7e-m+fp/hard/crtbegin.o
 *(.init)
 .init          0x0800abbc        0x4 /Applications/STM32CubeIDE.app/Contents/Eclipse/plugins/com.st.stm32cube.ide.mcu.externaltools.gnu-tools-for-stm32.13.3.rel1.macos64_1.0.0.202411102158/tools/bin/../lib/gcc/arm-none-eabi/13.3.1/thumb/v7e-m+fp/hard/crti.o
                0x0800abbc                _init
 .init          0x0800abc0        0x8 /Applications/STM32CubeIDE.app/Contents/Eclipse/plugins/com.st.stm32cube.ide.mcu.externaltools.gnu-tools-for-stm32.13.3.rel1.macos64_1.0.0.202411102158/tools/bin/../lib/gcc/arm-none-eabi/13.3.1/thumb/v7e-m+fp/hard/crtn.o
 *(.fini)
 .fini          0x0800abc8        0x4 /Applications/STM32CubeIDE.app/Contents/Eclipse/plugins/com.st.stm32cube.ide.mcu.externaltools.gnu-tools-for-stm32.13.3.rel1.macos64_1.0.0.202411102158/tools/bin/../lib/gcc/arm-none-eabi/13.3.1/thumb/v7e-m+fp/hard/crti.o
                0x0800abc8                _fini
 .fini          0x0800abcc        0x8 /Applications/STM32CubeIDE.app/Contents/Eclipse/plugins/com.st.stm32cube.ide.mcu.externaltools.gnu-tools-for-stm32.13.3.rel1.macos64_1.0.0.202411102158/tools/bin/../lib/gcc/arm-none-eabi/13.3.1/thumb/v7e-m+fp/hard/crtn.o
                0x0800abd4                        . = ALIGN (0x4)
                0x0800abd4                        _etext = .

.vfp11_veneer   0x0800abd4        0x0
 .vfp11_veneer  0x0800abd4        0x0 linker stubs

.v4_bx          0x0800abd4        0x0
 .v4_bx         0x0800abd4        0x0 linker stubs

.iplt           0x0800abd4        0x0
 .iplt          0x0800abd4        0x0 /Applications/STM32CubeIDE.app/Contents/Eclipse/plugins/com.st.stm32cube.ide.mcu.externaltools.gnu-tools-for-stm32.13.3.rel1.macos64_1.0.0.202411102158/tools/bin/../lib/gcc/arm-none-eabi/13.3.1/thumb/v7e-m+fp/hard/crtbegin.o

.rodata         0x0800abd4       0x30
                0x0800abd4                        . = ALIGN (0x4)
 *(.rodata)
 .rodata        0x0800abd4       0x11 ./Core/Src/Processus/processus_Affichage.o
 *fill*         0x0800abe5        0x3 
 .rodata        0x0800abe8        0x4 ./Middlewares/ST/STM32_USB_Host_Library/Class/CDC/Src/usbh_cdc.o
 *(.rodata*)
 .rodata.AHBPrescTable
                0x0800abec       0x10 ./Core/Src/system_stm32f4xx.o
                0x0800abec                AHBPrescTable
 .rodata.APBPrescTable
                0x0800abfc        0x8 ./Core/Src/system_stm32f4xx.o
                0x0800abfc                APBPrescTable
                0x0800ac04                        . = ALIGN (0x4)

.ARM.extab      0x0800ac04        0x0
                0x0800ac04                        . = ALIGN (0x4)
 *(.ARM.extab* .gnu.linkonce.armextab.*)
                0x0800ac04                        . = ALIGN (0x4)

.ARM            0x0800ac04        0x8
                0x0800ac04                        . = ALIGN (0x4)
                0x0800ac04                        __exidx_start = .
 *(.ARM.exidx*)
 .ARM.exidx     0x0800ac04        0x8 /Applications/STM32CubeIDE.app/Contents/Eclipse/plugins/com.st.stm32cube.ide.mcu.externaltools.gnu-tools-for-stm32.13.3.rel1.macos64_1.0.0.202411102158/tools/bin/../lib/gcc/arm-none-eabi/13.3.1/thumb/v7e-m+fp/hard/libgcc.a(_udivmoddi4.o)
                0x0800ac0c                        __exidx_end = .
                0x0800ac0c                        . = ALIGN (0x4)

.preinit_array  0x0800ac0c        0x0
                0x0800ac0c                        . = ALIGN (0x4)
                0x0800ac0c                        PROVIDE (__preinit_array_start = .)
 *(.preinit_array*)
                0x0800ac0c                        PROVIDE (__preinit_array_end = .)
                0x0800ac0c                        . = ALIGN (0x4)

.init_array     0x0800ac0c        0x4
                0x0800ac0c                        . = ALIGN (0x4)
                0x0800ac0c                        PROVIDE (__init_array_start = .)
 *(SORT_BY_NAME(.init_array.*))
 *(.init_array*)
 .init_array    0x0800ac0c        0x4 /Applications/STM32CubeIDE.app/Contents/Eclipse/plugins/com.st.stm32cube.ide.mcu.externaltools.gnu-tools-for-stm32.13.3.rel1.macos64_1.0.0.202411102158/tools/bin/../lib/gcc/arm-none-eabi/13.3.1/thumb/v7e-m+fp/hard/crtbegin.o
                0x0800ac10                        PROVIDE (__init_array_end = .)
                0x0800ac10                        . = ALIGN (0x4)

.fini_array     0x0800ac10        0x4
                0x0800ac10                        . = ALIGN (0x4)
                [!provide]                        PROVIDE (__fini_array_start = .)
 *(SORT_BY_NAME(.fini_array.*))
 *(.fini_array*)
 .fini_array    0x0800ac10        0x4 /Applications/STM32CubeIDE.app/Contents/Eclipse/plugins/com.st.stm32cube.ide.mcu.externaltools.gnu-tools-for-stm32.13.3.rel1.macos64_1.0.0.202411102158/tools/bin/../lib/gcc/arm-none-eabi/13.3.1/thumb/v7e-m+fp/hard/crtbegin.o
                [!provide]                        PROVIDE (__fini_array_end = .)
                0x0800ac14                        . = ALIGN (0x4)
                0x0800ac14                        _sidata = LOADADDR (.data)

.rel.dyn        0x0800ac14        0x0
 .rel.iplt      0x0800ac14        0x0 /Applications/STM32CubeIDE.app/Contents/Eclipse/plugins/com.st.stm32cube.ide.mcu.externaltools.gnu-tools-for-stm32.13.3.rel1.macos64_1.0.0.202411102158/tools/bin/../lib/gcc/arm-none-eabi/13.3.1/thumb/v7e-m+fp/hard/crtbegin.o

.data           0x20000000      0x6a8 load address 0x0800ac14
                0x20000000                        . = ALIGN (0x4)
                0x20000000                        _sdata = .
 *(.data)
 *(.data*)
 .data.ucFontSystem3x6
                0x20000000       0xc3 ./Core/Src/GLcd.o
                0x20000000                ucFontSystem3x6
 *fill*         0x200000c3        0x1 
 .data.ucFontSystem5x8
                0x200000c4      0x1e5 ./Core/Src/GLcd.o
                0x200000c4                ucFontSystem5x8
 *fill*         0x200002a9        0x3 
 .data.ucFontSystem7x8
                0x200002ac      0x2a7 ./Core/Src/GLcd.o
                0x200002ac                ucFontSystem7x8
 *fill*         0x20000553        0x1 
 .data.SystemCoreClock
                0x20000554        0x4 ./Core/Src/system_stm32f4xx.o
                0x20000554                SystemCoreClock
 .data.sequence_halfstep
                0x20000558       0x20 ./Core/Src/Interfaces/interface_Moteur.o
                0x20000558                sequence_halfstep
 .data.base_affichage
                0x20000578       0xb8 ./Core/Src/Processus/processus_Affichage.o
                0x20000578                base_affichage
 .data.uwTickPrio
                0x20000630        0x4 ./Drivers/STM32F4xx_HAL_Driver/Src/stm32f4xx_hal.o
                0x20000630                uwTickPrio
 .data.uwTickFreq
                0x20000634        0x1 ./Drivers/STM32F4xx_HAL_Driver/Src/stm32f4xx_hal.o
                0x20000634                uwTickFreq
 *fill*         0x20000635        0x3 
 .data.CDC_Class
                0x20000638       0x20 ./Middlewares/ST/STM32_USB_Host_Library/Class/CDC/Src/usbh_cdc.o
                0x20000638                CDC_Class
 .data._impure_ptr
                0x20000658        0x4 /Applications/STM32CubeIDE.app/Contents/Eclipse/plugins/com.st.stm32cube.ide.mcu.externaltools.gnu-tools-for-stm32.13.3.rel1.macos64_1.0.0.202411102158/tools/bin/../lib/gcc/arm-none-eabi/13.3.1/../../../../arm-none-eabi/lib/thumb/v7e-m+fp/hard/libc_nano.a(libc_a-impure.o)
                0x20000658                _impure_ptr
 .data._impure_data
                0x2000065c       0x4c /Applications/STM32CubeIDE.app/Contents/Eclipse/plugins/com.st.stm32cube.ide.mcu.externaltools.gnu-tools-for-stm32.13.3.rel1.macos64_1.0.0.202411102158/tools/bin/../lib/gcc/arm-none-eabi/13.3.1/../../../../arm-none-eabi/lib/thumb/v7e-m+fp/hard/libc_nano.a(libc_a-impure.o)
                0x2000065c                _impure_data
 *(.RamFunc)
 *(.RamFunc*)
                0x200006a8                        . = ALIGN (0x4)
                0x200006a8                        _edata = .
                0x0800b2bc                        _siccmram = LOADADDR (.ccmram)

.igot.plt       0x200006a8        0x0 load address 0x0800b2bc
 .igot.plt      0x200006a8        0x0 /Applications/STM32CubeIDE.app/Contents/Eclipse/plugins/com.st.stm32cube.ide.mcu.externaltools.gnu-tools-for-stm32.13.3.rel1.macos64_1.0.0.202411102158/tools/bin/../lib/gcc/arm-none-eabi/13.3.1/thumb/v7e-m+fp/hard/crtbegin.o

.ccmram         0x10000000        0x0 load address 0x0800b2bc
                0x10000000                        . = ALIGN (0x4)
                0x10000000                        _sccmram = .
 *(.ccmram)
 *(.ccmram*)
                0x10000000                        . = ALIGN (0x4)
                0x10000000                        _eccmram = .
                0x10000000                        . = ALIGN (0x4)

.bss            0x200006a8      0xa68
                0x200006a8                        _sbss = .
                0x200006a8                        __bss_start__ = _sbss
 *(.bss)
 .bss           0x200006a8       0x1c /Applications/STM32CubeIDE.app/Contents/Eclipse/plugins/com.st.stm32cube.ide.mcu.externaltools.gnu-tools-for-stm32.13.3.rel1.macos64_1.0.0.202411102158/tools/bin/../lib/gcc/arm-none-eabi/13.3.1/thumb/v7e-m+fp/hard/crtbegin.o
 *(.bss*)
 .bss.hcan1     0x200006c4       0x28 ./Core/Src/main.o
                0x200006c4                hcan1
 .bss.hi2c1     0x200006ec       0x54 ./Core/Src/main.o
                0x200006ec                hi2c1
 .bss.htim2     0x20000740       0x48 ./Core/Src/main.o
                0x20000740                htim2
 .bss.htim14    0x20000788       0x48 ./Core/Src/main.o
                0x20000788                htim14
 .bss.__sbrk_heap_end
                0x200007d0        0x4 ./Core/Src/sysmem.o
 .bss.interfaceADC
                0x200007d4        0x4 ./Core/Src/Interfaces/interface_ADC.o
                0x200007d4                interfaceADC
 .bss.compteurAvantLecture
                0x200007d8        0x2 ./Core/Src/Interfaces/interface_BoutonBleu.o
                0x200007d8                compteurAvantLecture
 .bss.compteurAntiRebond
                0x200007da        0x2 ./Core/Src/Interfaces/interface_BoutonBleu.o
                0x200007da                compteurAntiRebond
 .bss.interfaceBtnBleu
                0x200007dc        0x2 ./Core/Src/Interfaces/interface_BoutonBleu.o
                0x200007dc                interfaceBtnBleu
 .bss.compteurMoteur
                0x200007de        0x2 ./Core/Src/Interfaces/interface_Moteur.o
                0x200007de                compteurMoteur
 .bss.interfaceMoteur
                0x200007e0        0x3 ./Core/Src/Interfaces/interface_Moteur.o
                0x200007e0                interfaceMoteur
 .bss.step_index.0
                0x200007e3        0x1 ./Core/Src/Interfaces/interface_Moteur.o
 .bss.interfacePCF8574
                0x200007e4        0x6 ./Core/Src/Interfaces/interface_PCF8574.o
                0x200007e4                interfacePCF8574
 *fill*         0x200007ea        0x2 
 .bss.piloteTimer14_execute
                0x200007ec        0x4 ./Core/Src/Pilotes/pilote_Timers.o
                0x200007ec                piloteTimer14_execute
 .bss.serviceBaseDeTemps_execute
                0x200007f0       0x18 ./Core/Src/Services/ServiceBaseTemps.o
                0x200007f0                serviceBaseDeTemps_execute
 .bss.uwTick    0x20000808        0x4 ./Drivers/STM32F4xx_HAL_Driver/Src/stm32f4xx_hal.o
                0x20000808                uwTick
 .bss.hUsbHostFS
                0x2000080c      0x3d8 ./USB_HOST/App/usb_host.o
                0x2000080c                hUsbHostFS
 .bss.Appli_state
                0x20000be4        0x1 ./USB_HOST/App/usb_host.o
                0x20000be4                Appli_state
 *fill*         0x20000be5        0x3 
 .bss.hhcd_USB_OTG_FS
                0x20000be8      0x3e0 ./USB_HOST/Target/usbh_conf.o
                0x20000be8                hhcd_USB_OTG_FS
 .bss.__malloc_sbrk_start
                0x20000fc8        0x4 /Applications/STM32CubeIDE.app/Contents/Eclipse/plugins/com.st.stm32cube.ide.mcu.externaltools.gnu-tools-for-stm32.13.3.rel1.macos64_1.0.0.202411102158/tools/bin/../lib/gcc/arm-none-eabi/13.3.1/../../../../arm-none-eabi/lib/thumb/v7e-m+fp/hard/libc_nano.a(libc_a-mallocr.o)
                0x20000fc8                __malloc_sbrk_start
 .bss.__malloc_free_list
                0x20000fcc        0x4 /Applications/STM32CubeIDE.app/Contents/Eclipse/plugins/com.st.stm32cube.ide.mcu.externaltools.gnu-tools-for-stm32.13.3.rel1.macos64_1.0.0.202411102158/tools/bin/../lib/gcc/arm-none-eabi/13.3.1/../../../../arm-none-eabi/lib/thumb/v7e-m+fp/hard/libc_nano.a(libc_a-mallocr.o)
                0x20000fcc                __malloc_free_list
 .bss.__sf      0x20000fd0      0x138 /Applications/STM32CubeIDE.app/Contents/Eclipse/plugins/com.st.stm32cube.ide.mcu.externaltools.gnu-tools-for-stm32.13.3.rel1.macos64_1.0.0.202411102158/tools/bin/../lib/gcc/arm-none-eabi/13.3.1/../../../../arm-none-eabi/lib/thumb/v7e-m+fp/hard/libc_nano.a(libc_a-findfp.o)
                0x20000fd0                __sf
 .bss.__lock___malloc_recursive_mutex
                0x20001108        0x1 /Applications/STM32CubeIDE.app/Contents/Eclipse/plugins/com.st.stm32cube.ide.mcu.externaltools.gnu-tools-for-stm32.13.3.rel1.macos64_1.0.0.202411102158/tools/bin/../lib/gcc/arm-none-eabi/13.3.1/../../../../arm-none-eabi/lib/thumb/v7e-m+fp/hard/libc_nano.a(libc_a-lock.o)
                0x20001108                __lock___malloc_recursive_mutex
 *fill*         0x20001109        0x3 
 .bss.errno     0x2000110c        0x4 /Applications/STM32CubeIDE.app/Contents/Eclipse/plugins/com.st.stm32cube.ide.mcu.externaltools.gnu-tools-for-stm32.13.3.rel1.macos64_1.0.0.202411102158/tools/bin/../lib/gcc/arm-none-eabi/13.3.1/../../../../arm-none-eabi/lib/thumb/v7e-m+fp/hard/libc_nano.a(libc_a-reent.o)
                0x2000110c                errno
 *(COMMON)
                0x20001110                        . = ALIGN (0x4)
                0x20001110                        _ebss = .
                0x20001110                        __bss_end__ = _ebss

._user_heap_stack
                0x20001110      0x600
                0x20001110                        . = ALIGN (0x8)
                [!provide]                        PROVIDE (end = .)
                0x20001110                        PROVIDE (_end = .)
                0x20001310                        . = (. + _Min_Heap_Size)
 *fill*         0x20001110      0x200 
                0x20001710                        . = (. + _Min_Stack_Size)
 *fill*         0x20001310      0x400 
                0x20001710                        . = ALIGN (0x8)

/DISCARD/
 libc.a(*)
 libm.a(*)
 libgcc.a(*)

.ARM.attributes
                0x00000000       0x30
 *(.ARM.attributes)
 .ARM.attributes
                0x00000000       0x22 /Applications/STM32CubeIDE.app/Contents/Eclipse/plugins/com.st.stm32cube.ide.mcu.externaltools.gnu-tools-for-stm32.13.3.rel1.macos64_1.0.0.202411102158/tools/bin/../lib/gcc/arm-none-eabi/13.3.1/thumb/v7e-m+fp/hard/crti.o
 .ARM.attributes
                0x00000022       0x34 /Applications/STM32CubeIDE.app/Contents/Eclipse/plugins/com.st.stm32cube.ide.mcu.externaltools.gnu-tools-for-stm32.13.3.rel1.macos64_1.0.0.202411102158/tools/bin/../lib/gcc/arm-none-eabi/13.3.1/thumb/v7e-m+fp/hard/crtbegin.o
 .ARM.attributes
                0x00000056       0x34 ./Core/Src/GLcd.o
 .ARM.attributes
                0x0000008a       0x34 ./Core/Src/IO_BUS.o
 .ARM.attributes
                0x000000be       0x34 ./Core/Src/main.o
 .ARM.attributes
                0x000000f2       0x34 ./Core/Src/stm32f4xx_hal_msp.o
 .ARM.attributes
                0x00000126       0x34 ./Core/Src/stm32f4xx_it.o
 .ARM.attributes
                0x0000015a       0x34 ./Core/Src/sysmem.o
 .ARM.attributes
                0x0000018e       0x34 ./Core/Src/system_stm32f4xx.o
 .ARM.attributes
                0x000001c2       0x34 ./Core/Src/Interfaces/interface_ADC.o
 .ARM.attributes
                0x000001f6       0x34 ./Core/Src/Interfaces/interface_BoutonBleu.o
 .ARM.attributes
                0x0000022a       0x34 ./Core/Src/Interfaces/interface_Moteur.o
 .ARM.attributes
                0x0000025e       0x34 ./Core/Src/Interfaces/interface_PCF8574.o
 .ARM.attributes
                0x00000292       0x34 ./Core/Src/Pilotes/pilote_BoutonBleu.o
 .ARM.attributes
                0x000002c6       0x34 ./Core/Src/Pilotes/pilote_I2C.o
 .ARM.attributes
                0x000002fa       0x34 ./Core/Src/Pilotes/pilote_MoteurPH1.o
 .ARM.attributes
                0x0000032e       0x34 ./Core/Src/Pilotes/pilote_MoteurPH2.o
 .ARM.attributes
                0x00000362       0x34 ./Core/Src/Pilotes/pilote_MoteurPH3.o
 .ARM.attributes
                0x00000396       0x34 ./Core/Src/Pilotes/pilote_MoteurPH4.o
 .ARM.attributes
                0x000003ca       0x34 ./Core/Src/Pilotes/pilote_Timers.o
 .ARM.attributes
                0x000003fe       0x34 ./Core/Src/Pilotes/pilote_Triac.o
 .ARM.attributes
                0x00000432       0x34 ./Core/Src/Processus/processusEntreesNumeriques.o
 .ARM.attributes
                0x00000466       0x34 ./Core/Src/Processus/processusSortiesNumeriques.o
 .ARM.attributes
                0x0000049a       0x34 ./Core/Src/Processus/processus_Affichage.o
 .ARM.attributes
                0x000004ce       0x34 ./Core/Src/Services/ServiceBaseTemps.o
 .ARM.attributes
                0x00000502       0x21 ./Core/Startup/startup_stm32f407vgtx.o
 .ARM.attributes
                0x00000523       0x34 ./Drivers/STM32F4xx_HAL_Driver/Src/stm32f4xx_hal.o
 .ARM.attributes
                0x00000557       0x34 ./Drivers/STM32F4xx_HAL_Driver/Src/stm32f4xx_hal_can.o
 .ARM.attributes
                0x0000058b       0x34 ./Drivers/STM32F4xx_HAL_Driver/Src/stm32f4xx_hal_cortex.o
 .ARM.attributes
                0x000005bf       0x34 ./Drivers/STM32F4xx_HAL_Driver/Src/stm32f4xx_hal_gpio.o
 .ARM.attributes
                0x000005f3       0x34 ./Drivers/STM32F4xx_HAL_Driver/Src/stm32f4xx_hal_hcd.o
 .ARM.attributes
                0x00000627       0x34 ./Drivers/STM32F4xx_HAL_Driver/Src/stm32f4xx_hal_i2c.o
 .ARM.attributes
                0x0000065b       0x34 ./Drivers/STM32F4xx_HAL_Driver/Src/stm32f4xx_hal_rcc.o
 .ARM.attributes
                0x0000068f       0x34 ./Drivers/STM32F4xx_HAL_Driver/Src/stm32f4xx_hal_tim.o
 .ARM.attributes
                0x000006c3       0x34 ./Drivers/STM32F4xx_HAL_Driver/Src/stm32f4xx_hal_tim_ex.o
 .ARM.attributes
                0x000006f7       0x34 ./Drivers/STM32F4xx_HAL_Driver/Src/stm32f4xx_ll_usb.o
 .ARM.attributes
                0x0000072b       0x34 ./Middlewares/ST/STM32_USB_Host_Library/Class/CDC/Src/usbh_cdc.o
 .ARM.attributes
                0x0000075f       0x34 ./Middlewares/ST/STM32_USB_Host_Library/Core/Src/usbh_core.o
 .ARM.attributes
                0x00000793       0x34 ./Middlewares/ST/STM32_USB_Host_Library/Core/Src/usbh_ctlreq.o
 .ARM.attributes
                0x000007c7       0x34 ./Middlewares/ST/STM32_USB_Host_Library/Core/Src/usbh_ioreq.o
 .ARM.attributes
                0x000007fb       0x34 ./Middlewares/ST/STM32_USB_Host_Library/Core/Src/usbh_pipes.o
 .ARM.attributes
                0x0000082f       0x34 ./USB_HOST/App/usb_host.o
 .ARM.attributes
                0x00000863       0x34 ./USB_HOST/Target/usbh_conf.o
 .ARM.attributes
                0x00000897       0x34 ./USB_HOST/Target/usbh_platform.o
 .ARM.attributes
                0x000008cb       0x34 /Applications/STM32CubeIDE.app/Contents/Eclipse/plugins/com.st.stm32cube.ide.mcu.externaltools.gnu-tools-for-stm32.13.3.rel1.macos64_1.0.0.202411102158/tools/bin/../lib/gcc/arm-none-eabi/13.3.1/../../../../arm-none-eabi/lib/thumb/v7e-m+fp/hard/libc_nano.a(libc_a-malloc.o)
 .ARM.attributes
                0x000008ff       0x34 /Applications/STM32CubeIDE.app/Contents/Eclipse/plugins/com.st.stm32cube.ide.mcu.externaltools.gnu-tools-for-stm32.13.3.rel1.macos64_1.0.0.202411102158/tools/bin/../lib/gcc/arm-none-eabi/13.3.1/../../../../arm-none-eabi/lib/thumb/v7e-m+fp/hard/libc_nano.a(libc_a-mallocr.o)
 .ARM.attributes
                0x00000933       0x34 /Applications/STM32CubeIDE.app/Contents/Eclipse/plugins/com.st.stm32cube.ide.mcu.externaltools.gnu-tools-for-stm32.13.3.rel1.macos64_1.0.0.202411102158/tools/bin/../lib/gcc/arm-none-eabi/13.3.1/../../../../arm-none-eabi/lib/thumb/v7e-m+fp/hard/libc_nano.a(libc_a-mlock.o)
 .ARM.attributes
                0x00000967       0x34 /Applications/STM32CubeIDE.app/Contents/Eclipse/plugins/com.st.stm32cube.ide.mcu.externaltools.gnu-tools-for-stm32.13.3.rel1.macos64_1.0.0.202411102158/tools/bin/../lib/gcc/arm-none-eabi/13.3.1/../../../../arm-none-eabi/lib/thumb/v7e-m+fp/hard/libc_nano.a(libc_a-findfp.o)
 .ARM.attributes
                0x0000099b       0x34 /Applications/STM32CubeIDE.app/Contents/Eclipse/plugins/com.st.stm32cube.ide.mcu.externaltools.gnu-tools-for-stm32.13.3.rel1.macos64_1.0.0.202411102158/tools/bin/../lib/gcc/arm-none-eabi/13.3.1/../../../../arm-none-eabi/lib/thumb/v7e-m+fp/hard/libc_nano.a(libc_a-memset.o)
 .ARM.attributes
                0x000009cf       0x34 /Applications/STM32CubeIDE.app/Contents/Eclipse/plugins/com.st.stm32cube.ide.mcu.externaltools.gnu-tools-for-stm32.13.3.rel1.macos64_1.0.0.202411102158/tools/bin/../lib/gcc/arm-none-eabi/13.3.1/../../../../arm-none-eabi/lib/thumb/v7e-m+fp/hard/libc_nano.a(libc_a-sbrkr.o)
 .ARM.attributes
                0x00000a03       0x34 /Applications/STM32CubeIDE.app/Contents/Eclipse/plugins/com.st.stm32cube.ide.mcu.externaltools.gnu-tools-for-stm32.13.3.rel1.macos64_1.0.0.202411102158/tools/bin/../lib/gcc/arm-none-eabi/13.3.1/../../../../arm-none-eabi/lib/thumb/v7e-m+fp/hard/libc_nano.a(libc_a-errno.o)
 .ARM.attributes
                0x00000a37       0x34 /Applications/STM32CubeIDE.app/Contents/Eclipse/plugins/com.st.stm32cube.ide.mcu.externaltools.gnu-tools-for-stm32.13.3.rel1.macos64_1.0.0.202411102158/tools/bin/../lib/gcc/arm-none-eabi/13.3.1/../../../../arm-none-eabi/lib/thumb/v7e-m+fp/hard/libc_nano.a(libc_a-init.o)
 .ARM.attributes
                0x00000a6b       0x34 /Applications/STM32CubeIDE.app/Contents/Eclipse/plugins/com.st.stm32cube.ide.mcu.externaltools.gnu-tools-for-stm32.13.3.rel1.macos64_1.0.0.202411102158/tools/bin/../lib/gcc/arm-none-eabi/13.3.1/../../../../arm-none-eabi/lib/thumb/v7e-m+fp/hard/libc_nano.a(libc_a-lock.o)
 .ARM.attributes
                0x00000a9f       0x34 /Applications/STM32CubeIDE.app/Contents/Eclipse/plugins/com.st.stm32cube.ide.mcu.externaltools.gnu-tools-for-stm32.13.3.rel1.macos64_1.0.0.202411102158/tools/bin/../lib/gcc/arm-none-eabi/13.3.1/../../../../arm-none-eabi/lib/thumb/v7e-m+fp/hard/libc_nano.a(libc_a-reent.o)
 .ARM.attributes
                0x00000ad3       0x34 /Applications/STM32CubeIDE.app/Contents/Eclipse/plugins/com.st.stm32cube.ide.mcu.externaltools.gnu-tools-for-stm32.13.3.rel1.macos64_1.0.0.202411102158/tools/bin/../lib/gcc/arm-none-eabi/13.3.1/../../../../arm-none-eabi/lib/thumb/v7e-m+fp/hard/libc_nano.a(libc_a-impure.o)
 .ARM.attributes
                0x00000b07       0x34 /Applications/STM32CubeIDE.app/Contents/Eclipse/plugins/com.st.stm32cube.ide.mcu.externaltools.gnu-tools-for-stm32.13.3.rel1.macos64_1.0.0.202411102158/tools/bin/../lib/gcc/arm-none-eabi/13.3.1/../../../../arm-none-eabi/lib/thumb/v7e-m+fp/hard/libc_nano.a(libc_a-freer.o)
 .ARM.attributes
                0x00000b3b       0x22 /Applications/STM32CubeIDE.app/Contents/Eclipse/plugins/com.st.stm32cube.ide.mcu.externaltools.gnu-tools-for-stm32.13.3.rel1.macos64_1.0.0.202411102158/tools/bin/../lib/gcc/arm-none-eabi/13.3.1/thumb/v7e-m+fp/hard/libgcc.a(_aeabi_uldivmod.o)
 .ARM.attributes
                0x00000b5d       0x34 /Applications/STM32CubeIDE.app/Contents/Eclipse/plugins/com.st.stm32cube.ide.mcu.externaltools.gnu-tools-for-stm32.13.3.rel1.macos64_1.0.0.202411102158/tools/bin/../lib/gcc/arm-none-eabi/13.3.1/thumb/v7e-m+fp/hard/libgcc.a(_udivmoddi4.o)
 .ARM.attributes
                0x00000b91       0x22 /Applications/STM32CubeIDE.app/Contents/Eclipse/plugins/com.st.stm32cube.ide.mcu.externaltools.gnu-tools-for-stm32.13.3.rel1.macos64_1.0.0.202411102158/tools/bin/../lib/gcc/arm-none-eabi/13.3.1/thumb/v7e-m+fp/hard/libgcc.a(_dvmd_tls.o)
 .ARM.attributes
                0x00000bb3       0x22 /Applications/STM32CubeIDE.app/Contents/Eclipse/plugins/com.st.stm32cube.ide.mcu.externaltools.gnu-tools-for-stm32.13.3.rel1.macos64_1.0.0.202411102158/tools/bin/../lib/gcc/arm-none-eabi/13.3.1/thumb/v7e-m+fp/hard/crtn.o
OUTPUT(ProjetA25_CentreDeTri.elf elf32-littlearm)
LOAD linker stubs
LOAD /Applications/STM32CubeIDE.app/Contents/Eclipse/plugins/com.st.stm32cube.ide.mcu.externaltools.gnu-tools-for-stm32.13.3.rel1.macos64_1.0.0.202411102158/tools/bin/../lib/gcc/arm-none-eabi/13.3.1/../../../../arm-none-eabi/lib/thumb/v7e-m+fp/hard/libc.a
LOAD /Applications/STM32CubeIDE.app/Contents/Eclipse/plugins/com.st.stm32cube.ide.mcu.externaltools.gnu-tools-for-stm32.13.3.rel1.macos64_1.0.0.202411102158/tools/bin/../lib/gcc/arm-none-eabi/13.3.1/../../../../arm-none-eabi/lib/thumb/v7e-m+fp/hard/libm.a
LOAD /Applications/STM32CubeIDE.app/Contents/Eclipse/plugins/com.st.stm32cube.ide.mcu.externaltools.gnu-tools-for-stm32.13.3.rel1.macos64_1.0.0.202411102158/tools/bin/../lib/gcc/arm-none-eabi/13.3.1/thumb/v7e-m+fp/hard/libgcc.a

.debug_info     0x00000000    0x1a5ae
 .debug_info    0x00000000      0x583 ./Core/Src/GLcd.o
 .debug_info    0x00000583      0x431 ./Core/Src/IO_BUS.o
 .debug_info    0x000009b4     0x17b9 ./Core/Src/main.o
 .debug_info    0x0000216d     0x13ff ./Core/Src/stm32f4xx_hal_msp.o
 .debug_info    0x0000356c      0xc77 ./Core/Src/stm32f4xx_it.o
 .debug_info    0x000041e3      0x168 ./Core/Src/sysmem.o
 .debug_info    0x0000434b      0x512 ./Core/Src/system_stm32f4xx.o
 .debug_info    0x0000485d      0x14d ./Core/Src/Interfaces/interface_ADC.o
 .debug_info    0x000049aa      0x161 ./Core/Src/Interfaces/interface_BoutonBleu.o
 .debug_info    0x00004b0b      0x229 ./Core/Src/Interfaces/interface_Moteur.o
 .debug_info    0x00004d34      0x161 ./Core/Src/Interfaces/interface_PCF8574.o
 .debug_info    0x00004e95      0x1bc ./Core/Src/Pilotes/pilote_BoutonBleu.o
 .debug_info    0x00005051      0x706 ./Core/Src/Pilotes/pilote_I2C.o
 .debug_info    0x00005757      0x1af ./Core/Src/Pilotes/pilote_MoteurPH1.o
 .debug_info    0x00005906      0x1af ./Core/Src/Pilotes/pilote_MoteurPH2.o
 .debug_info    0x00005ab5      0x1af ./Core/Src/Pilotes/pilote_MoteurPH3.o
 .debug_info    0x00005c64      0x1af ./Core/Src/Pilotes/pilote_MoteurPH4.o
 .debug_info    0x00005e13      0x6f5 ./Core/Src/Pilotes/pilote_Timers.o
 .debug_info    0x00006508      0x1d1 ./Core/Src/Pilotes/pilote_Triac.o
 .debug_info    0x000066d9       0xc7 ./Core/Src/Processus/processusEntreesNumeriques.o
 .debug_info    0x000067a0      0x143 ./Core/Src/Processus/processusSortiesNumeriques.o
 .debug_info    0x000068e3      0x51f ./Core/Src/Processus/processus_Affichage.o
 .debug_info    0x00006e02       0xfb ./Core/Src/Services/ServiceBaseTemps.o
 .debug_info    0x00006efd       0x30 ./Core/Startup/startup_stm32f407vgtx.o
 .debug_info    0x00006f2d      0x944 ./Drivers/STM32F4xx_HAL_Driver/Src/stm32f4xx_hal.o
 .debug_info    0x00007871      0xf49 ./Drivers/STM32F4xx_HAL_Driver/Src/stm32f4xx_hal_can.o
 .debug_info    0x000087ba      0xd8c ./Drivers/STM32F4xx_HAL_Driver/Src/stm32f4xx_hal_cortex.o
 .debug_info    0x00009546      0x6c3 ./Drivers/STM32F4xx_HAL_Driver/Src/stm32f4xx_hal_gpio.o
 .debug_info    0x00009c09     0x114c ./Drivers/STM32F4xx_HAL_Driver/Src/stm32f4xx_hal_hcd.o
 .debug_info    0x0000ad55     0x2415 ./Drivers/STM32F4xx_HAL_Driver/Src/stm32f4xx_hal_i2c.o
 .debug_info    0x0000d16a      0x8c3 ./Drivers/STM32F4xx_HAL_Driver/Src/stm32f4xx_hal_rcc.o
 .debug_info    0x0000da2d     0x299d ./Drivers/STM32F4xx_HAL_Driver/Src/stm32f4xx_hal_tim.o
 .debug_info    0x000103ca     0x14db ./Drivers/STM32F4xx_HAL_Driver/Src/stm32f4xx_hal_tim_ex.o
 .debug_info    0x000118a5     0x1993 ./Drivers/STM32F4xx_HAL_Driver/Src/stm32f4xx_ll_usb.o
 .debug_info    0x00013238     0x1479 ./Middlewares/ST/STM32_USB_Host_Library/Class/CDC/Src/usbh_cdc.o
 .debug_info    0x000146b1      0xfb5 ./Middlewares/ST/STM32_USB_Host_Library/Core/Src/usbh_core.o
 .debug_info    0x00015666      0xfaf ./Middlewares/ST/STM32_USB_Host_Library/Core/Src/usbh_ctlreq.o
 .debug_info    0x00016615      0xc2e ./Middlewares/ST/STM32_USB_Host_Library/Core/Src/usbh_ioreq.o
 .debug_info    0x00017243      0xa91 ./Middlewares/ST/STM32_USB_Host_Library/Core/Src/usbh_pipes.o
 .debug_info    0x00017cd4      0xa13 ./USB_HOST/App/usb_host.o
 .debug_info    0x000186e7     0x1cef ./USB_HOST/Target/usbh_conf.o
 .debug_info    0x0001a3d6      0x1d8 ./USB_HOST/Target/usbh_platform.o

.debug_abbrev   0x00000000     0x4d82
 .debug_abbrev  0x00000000      0x19c ./Core/Src/GLcd.o
 .debug_abbrev  0x0000019c      0x266 ./Core/Src/IO_BUS.o
 .debug_abbrev  0x00000402      0x336 ./Core/Src/main.o
 .debug_abbrev  0x00000738      0x234 ./Core/Src/stm32f4xx_hal_msp.o
 .debug_abbrev  0x0000096c      0x1fe ./Core/Src/stm32f4xx_it.o
 .debug_abbrev  0x00000b6a       0xbc ./Core/Src/sysmem.o
 .debug_abbrev  0x00000c26      0x11a ./Core/Src/system_stm32f4xx.o
 .debug_abbrev  0x00000d40       0xf0 ./Core/Src/Interfaces/interface_ADC.o
 .debug_abbrev  0x00000e30       0xfb ./Core/Src/Interfaces/interface_BoutonBleu.o
 .debug_abbrev  0x00000f2b      0x139 ./Core/Src/Interfaces/interface_Moteur.o
 .debug_abbrev  0x00001064       0xe6 ./Core/Src/Interfaces/interface_PCF8574.o
 .debug_abbrev  0x0000114a       0xf6 ./Core/Src/Pilotes/pilote_BoutonBleu.o
 .debug_abbrev  0x00001240      0x1b1 ./Core/Src/Pilotes/pilote_I2C.o
 .debug_abbrev  0x000013f1       0xf4 ./Core/Src/Pilotes/pilote_MoteurPH1.o
 .debug_abbrev  0x000014e5       0xf4 ./Core/Src/Pilotes/pilote_MoteurPH2.o
 .debug_abbrev  0x000015d9       0xf4 ./Core/Src/Pilotes/pilote_MoteurPH3.o
 .debug_abbrev  0x000016cd       0xf4 ./Core/Src/Pilotes/pilote_MoteurPH4.o
 .debug_abbrev  0x000017c1      0x1d2 ./Core/Src/Pilotes/pilote_Timers.o
 .debug_abbrev  0x00001993      0x11e ./Core/Src/Pilotes/pilote_Triac.o
 .debug_abbrev  0x00001ab1       0xa6 ./Core/Src/Processus/processusEntreesNumeriques.o
 .debug_abbrev  0x00001b57       0xd7 ./Core/Src/Processus/processusSortiesNumeriques.o
 .debug_abbrev  0x00001c2e      0x1f1 ./Core/Src/Processus/processus_Affichage.o
 .debug_abbrev  0x00001e1f       0xcb ./Core/Src/Services/ServiceBaseTemps.o
 .debug_abbrev  0x00001eea       0x24 ./Core/Startup/startup_stm32f407vgtx.o
 .debug_abbrev  0x00001f0e      0x214 ./Drivers/STM32F4xx_HAL_Driver/Src/stm32f4xx_hal.o
 .debug_abbrev  0x00002122      0x258 ./Drivers/STM32F4xx_HAL_Driver/Src/stm32f4xx_hal_can.o
 .debug_abbrev  0x0000237a      0x31d ./Drivers/STM32F4xx_HAL_Driver/Src/stm32f4xx_hal_cortex.o
 .debug_abbrev  0x00002697      0x1d4 ./Drivers/STM32F4xx_HAL_Driver/Src/stm32f4xx_hal_gpio.o
 .debug_abbrev  0x0000286b      0x296 ./Drivers/STM32F4xx_HAL_Driver/Src/stm32f4xx_hal_hcd.o
 .debug_abbrev  0x00002b01      0x2ad ./Drivers/STM32F4xx_HAL_Driver/Src/stm32f4xx_hal_i2c.o
 .debug_abbrev  0x00002dae      0x2b7 ./Drivers/STM32F4xx_HAL_Driver/Src/stm32f4xx_hal_rcc.o
 .debug_abbrev  0x00003065      0x278 ./Drivers/STM32F4xx_HAL_Driver/Src/stm32f4xx_hal_tim.o
 .debug_abbrev  0x000032dd      0x283 ./Drivers/STM32F4xx_HAL_Driver/Src/stm32f4xx_hal_tim_ex.o
 .debug_abbrev  0x00003560      0x2b3 ./Drivers/STM32F4xx_HAL_Driver/Src/stm32f4xx_ll_usb.o
 .debug_abbrev  0x00003813      0x33c ./Middlewares/ST/STM32_USB_Host_Library/Class/CDC/Src/usbh_cdc.o
 .debug_abbrev  0x00003b4f      0x32a ./Middlewares/ST/STM32_USB_Host_Library/Core/Src/usbh_core.o
 .debug_abbrev  0x00003e79      0x2ff ./Middlewares/ST/STM32_USB_Host_Library/Core/Src/usbh_ctlreq.o
 .debug_abbrev  0x00004178      0x245 ./Middlewares/ST/STM32_USB_Host_Library/Core/Src/usbh_ioreq.o
 .debug_abbrev  0x000043bd      0x281 ./Middlewares/ST/STM32_USB_Host_Library/Core/Src/usbh_pipes.o
 .debug_abbrev  0x0000463e      0x26e ./USB_HOST/App/usb_host.o
 .debug_abbrev  0x000048ac      0x3c2 ./USB_HOST/Target/usbh_conf.o
 .debug_abbrev  0x00004c6e      0x114 ./USB_HOST/Target/usbh_platform.o

.debug_aranges  0x00000000     0x17a8
 .debug_aranges
                0x00000000       0x78 ./Core/Src/GLcd.o
 .debug_aranges
                0x00000078       0x38 ./Core/Src/IO_BUS.o
 .debug_aranges
                0x000000b0       0x68 ./Core/Src/main.o
 .debug_aranges
                0x00000118       0x50 ./Core/Src/stm32f4xx_hal_msp.o
 .debug_aranges
                0x00000168       0x80 ./Core/Src/stm32f4xx_it.o
 .debug_aranges
                0x000001e8       0x20 ./Core/Src/sysmem.o
 .debug_aranges
                0x00000208       0x28 ./Core/Src/system_stm32f4xx.o
 .debug_aranges
                0x00000230       0x28 ./Core/Src/Interfaces/interface_ADC.o
 .debug_aranges
                0x00000258       0x28 ./Core/Src/Interfaces/interface_BoutonBleu.o
 .debug_aranges
                0x00000280       0x30 ./Core/Src/Interfaces/interface_Moteur.o
 .debug_aranges
                0x000002b0       0x30 ./Core/Src/Interfaces/interface_PCF8574.o
 .debug_aranges
                0x000002e0       0x20 ./Core/Src/Pilotes/pilote_BoutonBleu.o
 .debug_aranges
                0x00000300       0x30 ./Core/Src/Pilotes/pilote_I2C.o
 .debug_aranges
                0x00000330       0x28 ./Core/Src/Pilotes/pilote_MoteurPH1.o
 .debug_aranges
                0x00000358       0x28 ./Core/Src/Pilotes/pilote_MoteurPH2.o
 .debug_aranges
                0x00000380       0x28 ./Core/Src/Pilotes/pilote_MoteurPH3.o
 .debug_aranges
                0x000003a8       0x28 ./Core/Src/Pilotes/pilote_MoteurPH4.o
 .debug_aranges
                0x000003d0       0x38 ./Core/Src/Pilotes/pilote_Timers.o
 .debug_aranges
                0x00000408       0x30 ./Core/Src/Pilotes/pilote_Triac.o
 .debug_aranges
                0x00000438       0x28 ./Core/Src/Processus/processusEntreesNumeriques.o
 .debug_aranges
                0x00000460       0x28 ./Core/Src/Processus/processusSortiesNumeriques.o
 .debug_aranges
                0x00000488       0x38 ./Core/Src/Processus/processus_Affichage.o
 .debug_aranges
                0x000004c0       0x28 ./Core/Src/Services/ServiceBaseTemps.o
 .debug_aranges
                0x000004e8       0x28 ./Core/Startup/startup_stm32f407vgtx.o
 .debug_aranges
                0x00000510       0xf0 ./Drivers/STM32F4xx_HAL_Driver/Src/stm32f4xx_hal.o
 .debug_aranges
                0x00000600      0x138 ./Drivers/STM32F4xx_HAL_Driver/Src/stm32f4xx_hal_can.o
 .debug_aranges
                0x00000738      0x130 ./Drivers/STM32F4xx_HAL_Driver/Src/stm32f4xx_hal_cortex.o
 .debug_aranges
                0x00000868       0x58 ./Drivers/STM32F4xx_HAL_Driver/Src/stm32f4xx_hal_gpio.o
 .debug_aranges
                0x000008c0      0x108 ./Drivers/STM32F4xx_HAL_Driver/Src/stm32f4xx_hal_hcd.o
 .debug_aranges
                0x000009c8      0x2a8 ./Drivers/STM32F4xx_HAL_Driver/Src/stm32f4xx_hal_i2c.o
 .debug_aranges
                0x00000c70       0x88 ./Drivers/STM32F4xx_HAL_Driver/Src/stm32f4xx_hal_rcc.o
 .debug_aranges
                0x00000cf8      0x3d0 ./Drivers/STM32F4xx_HAL_Driver/Src/stm32f4xx_hal_tim.o
 .debug_aranges
                0x000010c8      0x168 ./Drivers/STM32F4xx_HAL_Driver/Src/stm32f4xx_hal_tim_ex.o
 .debug_aranges
                0x00001230      0x1a0 ./Drivers/STM32F4xx_HAL_Driver/Src/stm32f4xx_ll_usb.o
 .debug_aranges
                0x000013d0       0xa8 ./Middlewares/ST/STM32_USB_Host_Library/Class/CDC/Src/usbh_cdc.o
 .debug_aranges
                0x00001478       0xc0 ./Middlewares/ST/STM32_USB_Host_Library/Core/Src/usbh_core.o
 .debug_aranges
                0x00001538       0xa0 ./Middlewares/ST/STM32_USB_Host_Library/Core/Src/usbh_ctlreq.o
 .debug_aranges
                0x000015d8       0x60 ./Middlewares/ST/STM32_USB_Host_Library/Core/Src/usbh_ioreq.o
 .debug_aranges
                0x00001638       0x40 ./Middlewares/ST/STM32_USB_Host_Library/Core/Src/usbh_pipes.o
 .debug_aranges
                0x00001678       0x30 ./USB_HOST/App/usb_host.o
 .debug_aranges