Archive member included to satisfy reference by file (symbol)

/Applications/STM32CubeIDE.app/Contents/Eclipse/plugins/com.st.stm32cube.ide.mcu.externaltools.gnu-tools-for-stm32.13.3.rel1.macos64_1.0.0.202411102158/tools/bin/../lib/gcc/arm-none-eabi/13.3.1/../../../../arm-none-eabi/lib/thumb/v7e-m+fp/hard/libc_nano.a(libc_a-exit.o)
                              /Applications/STM32CubeIDE.app/Contents/Eclipse/plugins/com.st.stm32cube.ide.mcu.externaltools.gnu-tools-for-stm32.13.3.rel1.macos64_1.0.0.202411102158/tools/bin/../lib/gcc/arm-none-eabi/13.3.1/../../../../arm-none-eabi/lib/thumb/v7e-m+fp/hard/crt0.o (exit)
/Applications/STM32CubeIDE.app/Contents/Eclipse/plugins/com.st.stm32cube.ide.mcu.externaltools.gnu-tools-for-stm32.13.3.rel1.macos64_1.0.0.202411102158/tools/bin/../lib/gcc/arm-none-eabi/13.3.1/../../../../arm-none-eabi/lib/thumb/v7e-m+fp/hard/libc_nano.a(libc_a-malloc.o)
                              ./Middlewares/ST/STM32_USB_Host_Library/Class/CDC/Src/usbh_cdc.o (malloc)
/Applications/STM32CubeIDE.app/Contents/Eclipse/plugins/com.st.stm32cube.ide.mcu.externaltools.gnu-tools-for-stm32.13.3.rel1.macos64_1.0.0.202411102158/tools/bin/../lib/gcc/arm-none-eabi/13.3.1/../../../../arm-none-eabi/lib/thumb/v7e-m+fp/hard/libc_nano.a(libc_a-mallocr.o)
                              /Applications/STM32CubeIDE.app/Contents/Eclipse/plugins/com.st.stm32cube.ide.mcu.externaltools.gnu-tools-for-stm32.13.3.rel1.macos64_1.0.0.202411102158/tools/bin/../lib/gcc/arm-none-eabi/13.3.1/../../../../arm-none-eabi/lib/thumb/v7e-m+fp/hard/libc_nano.a(libc_a-malloc.o) (_malloc_r)
/Applications/STM32CubeIDE.app/Contents/Eclipse/plugins/com.st.stm32cube.ide.mcu.externaltools.gnu-tools-for-stm32.13.3.rel1.macos64_1.0.0.202411102158/tools/bin/../lib/gcc/arm-none-eabi/13.3.1/../../../../arm-none-eabi/lib/thumb/v7e-m+fp/hard/libc_nano.a(libc_a-mlock.o)
                              /Applications/STM32CubeIDE.app/Contents/Eclipse/plugins/com.st.stm32cube.ide.mcu.externaltools.gnu-tools-for-stm32.13.3.rel1.macos64_1.0.0.202411102158/tools/bin/../lib/gcc/arm-none-eabi/13.3.1/../../../../arm-none-eabi/lib/thumb/v7e-m+fp/hard/libc_nano.a(libc_a-mallocr.o) (__malloc_lock)
/Applications/STM32CubeIDE.app/Contents/Eclipse/plugins/com.st.stm32cube.ide.mcu.externaltools.gnu-tools-for-stm32.13.3.rel1.macos64_1.0.0.202411102158/tools/bin/../lib/gcc/arm-none-eabi/13.3.1/../../../../arm-none-eabi/lib/thumb/v7e-m+fp/hard/libc_nano.a(libc_a-findfp.o)
                              /Applications/STM32CubeIDE.app/Contents/Eclipse/plugins/com.st.stm32cube.ide.mcu.externaltools.gnu-tools-for-stm32.13.3.rel1.macos64_1.0.0.202411102158/tools/bin/../lib/gcc/arm-none-eabi/13.3.1/../../../../arm-none-eabi/lib/thumb/v7e-m+fp/hard/libc_nano.a(libc_a-exit.o) (__stdio_exit_handler)
/Applications/STM32CubeIDE.app/Contents/Eclipse/plugins/com.st.stm32cube.ide.mcu.externaltools.gnu-tools-for-stm32.13.3.rel1.macos64_1.0.0.202411102158/tools/bin/../lib/gcc/arm-none-eabi/13.3.1/../../../../arm-none-eabi/lib/thumb/v7e-m+fp/hard/libc_nano.a(libc_a-fwalk.o)
                              /Applications/STM32CubeIDE.app/Contents/Eclipse/plugins/com.st.stm32cube.ide.mcu.externaltools.gnu-tools-for-stm32.13.3.rel1.macos64_1.0.0.202411102158/tools/bin/../lib/gcc/arm-none-eabi/13.3.1/../../../../arm-none-eabi/lib/thumb/v7e-m+fp/hard/libc_nano.a(libc_a-findfp.o) (_fwalk_sglue)
/Applications/STM32CubeIDE.app/Contents/Eclipse/plugins/com.st.stm32cube.ide.mcu.externaltools.gnu-tools-for-stm32.13.3.rel1.macos64_1.0.0.202411102158/tools/bin/../lib/gcc/arm-none-eabi/13.3.1/../../../../arm-none-eabi/lib/thumb/v7e-m+fp/hard/libc_nano.a(libc_a-memset.o)
                              /Applications/STM32CubeIDE.app/Contents/Eclipse/plugins/com.st.stm32cube.ide.mcu.externaltools.gnu-tools-for-stm32.13.3.rel1.macos64_1.0.0.202411102158/tools/bin/../lib/gcc/arm-none-eabi/13.3.1/../../../../arm-none-eabi/lib/thumb/v7e-m+fp/hard/crt0.o (memset)
/Applications/STM32CubeIDE.app/Contents/Eclipse/plugins/com.st.stm32cube.ide.mcu.externaltools.gnu-tools-for-stm32.13.3.rel1.macos64_1.0.0.202411102158/tools/bin/../lib/gcc/arm-none-eabi/13.3.1/../../../../arm-none-eabi/lib/thumb/v7e-m+fp/hard/libc_nano.a(libc_a-sbrkr.o)
                              /Applications/STM32CubeIDE.app/Contents/Eclipse/plugins/com.st.stm32cube.ide.mcu.externaltools.gnu-tools-for-stm32.13.3.rel1.macos64_1.0.0.202411102158/tools/bin/../lib/gcc/arm-none-eabi/13.3.1/../../../../arm-none-eabi/lib/thumb/v7e-m+fp/hard/libc_nano.a(libc_a-mallocr.o) (_sbrk_r)
/Applications/STM32CubeIDE.app/Contents/Eclipse/plugins/com.st.stm32cube.ide.mcu.externaltools.gnu-tools-for-stm32.13.3.rel1.macos64_1.0.0.202411102158/tools/bin/../lib/gcc/arm-none-eabi/13.3.1/../../../../arm-none-eabi/lib/thumb/v7e-m+fp/hard/libc_nano.a(libc_a-errno.o)
                              ./Core/Src/syscalls.o (__errno)
[...]
Memory Configuration

Name             Origin             Length             Attributes
CCMRAM           0x10000000         0x00010000         xrw
RAM              0x20000000         0x00020000         xrw
FLASH            0x08000000         0x00100000         xr
*default*        0x00000000         0xffffffff

Linker script and memory map

LOAD /Applications/STM32CubeIDE.app/Contents/Eclipse/plugins/com.st.stm32cube.ide.mcu.externaltools.gnu-tools-for-stm32.13.3.rel1.macos64_1.0.0.202411102158/tools/bin/../lib/gcc/arm-none-eabi/13.3.1/thumb/v7e-m+fp/hard/crti.o
LOAD /Applications/STM32CubeIDE.app/Contents/Eclipse/plugins/com.st.stm32cube.ide.mcu.externaltools.gnu-tools-for-stm32.13.3.rel1.macos64_1.0.0.202411102158/tools/bin/../lib/gcc/arm-none-eabi/13.3.1/thumb/v7e-m+fp/hard/crtbegin.o
LOAD /Applications/STM32CubeIDE.app/Contents/Eclipse/plugins/com.st.stm32cube.ide.mcu.externaltools.gnu-tools-for-stm32.13.3.rel1.macos64_1.0.0.202411102158/tools/bin/../lib/gcc/arm-none-eabi/13.3.1/../../../../arm-none-eabi/lib/thumb/v7e-m+fp/hard/crt0.o
LOAD ./Core/Src/GLcd.o
LOAD ./Core/Src/IO_BUS.o
LOAD ./Core/Src/main.o
LOAD ./Core/Src/stm32f4xx_hal_msp.o
LOAD ./Core/Src/stm32f4xx_it.o
LOAD ./Core/Src/syscalls.o
LOAD ./Core/Src/sysmem.o
LOAD ./Core/Src/system_stm32f4xx.o
LOAD ./Core/Src/Interfaces/interface_ADC.o
LOAD ./Core/Src/Interfaces/interface_PCF8574.o
LOAD ./Core/Src/Pilotes/pilote_CAN.o
LOAD ./Core/Src/Pilotes/pilote_I2C.o
LOAD ./Core/Src/Pilotes/pilote_Timer14.o
LOAD ./Core/Src/Processus/processusCentreDeTri.o
LOAD ./Core/Src/Processus/processusEntreeAnalogique.o
LOAD ./Core/Src/Processus/processusEntreesNumeriques.o
LOAD ./Core/Src/Processus/processusSortiesNumeriques.o
LOAD ./Core/Src/Processus/processus_Affichage.o
LOAD ./Core/Src/Services/ServiceBaseTemps.o
LOAD ./Core/Startup/startup_stm32f407vgtx.o
LOAD ./Drivers/STM32F4xx_HAL_Driver/Src/stm32f4xx_hal.o
LOAD ./Drivers/STM32F4xx_HAL_Driver/Src/stm32f4xx_hal_can.o
LOAD ./Drivers/STM32F4xx_HAL_Driver/Src/stm32f4xx_hal_cortex.o
LOAD ./Drivers/STM32F4xx_HAL_Driver/Src/stm32f4xx_hal_dma.o
LOAD ./Drivers/STM32F4xx_HAL_Driver/Src/stm32f4xx_hal_dma_ex.o
LOAD ./Drivers/STM32F4xx_HAL_Driver/Src/stm32f4xx_hal_exti.o
LOAD ./Drivers/STM32F4xx_HAL_Driver/Src/stm32f4xx_hal_flash.o
LOAD ./Drivers/STM32F4xx_HAL_Driver/Src/stm32f4xx_hal_flash_ex.o
LOAD ./Drivers/STM32F4xx_HAL_Driver/Src/stm32f4xx_hal_flash_ramfunc.o
LOAD ./Drivers/STM32F4xx_HAL_Driver/Src/stm32f4xx_hal_gpio.o
LOAD ./Drivers/STM32F4xx_HAL_Driver/Src/stm32f4xx_hal_hcd.o
LOAD ./Drivers/STM32F4xx_HAL_Driver/Src/stm32f4xx_hal_i2c.o
LOAD ./Drivers/STM32F4xx_HAL_Driver/Src/stm32f4xx_hal_i2c_ex.o
LOAD ./Drivers/STM32F4xx_HAL_Driver/Src/stm32f4xx_hal_pwr.o
LOAD ./Drivers/STM32F4xx_HAL_Driver/Src/stm32f4xx_hal_pwr_ex.o
LOAD ./Drivers/STM32F4xx_HAL_Driver/Src/stm32f4xx_hal_rcc.o
LOAD ./Drivers/STM32F4xx_HAL_Driver/Src/stm32f4xx_hal_rcc_ex.o
LOAD ./Drivers/STM32F4xx_HAL_Driver/Src/stm32f4xx_hal_tim.o
LOAD ./Drivers/STM32F4xx_HAL_Driver/Src/stm32f4xx_hal_tim_ex.o
LOAD ./Drivers/STM32F4xx_HAL_Driver/Src/stm32f4xx_ll_usb.o
LOAD ./Middlewares/ST/STM32_USB_Host_Library/Class/CDC/Src/usbh_cdc.o
LOAD ./Middlewares/ST/STM32_USB_Host_Library/Core/Src/usbh_core.o
LOAD ./Middlewares/ST/STM32_USB_Host_Library/Core/Src/usbh_ctlreq.o
LOAD ./Middlewares/ST/STM32_USB_Host_Library/Core/Src/usbh_ioreq.o
LOAD ./Middlewares/ST/STM32_USB_Host_Library/Core/Src/usbh_pipes.o
LOAD ./USB_HOST/App/usb_host.o
LOAD ./USB_HOST/Target/usbh_conf.o
LOAD ./USB_HOST/Target/usbh_platform.o
START GROUP
LOAD /Applications/STM32CubeIDE.app/Contents/Eclipse/plugins/com.st.stm32cube.ide.mcu.externaltools.gnu-tools-for-stm32.13.3.rel1.macos64_1.0.0.202411102158/tools/bin/../lib/gcc/arm-none-eabi/13.3.1/../../../../arm-none-eabi/lib/thumb/v7e-m+fp/hard/libc_nano.a
LOAD /Applications/STM32CubeIDE.app/Contents/Eclipse/plugins/com.st.stm32cube.ide.mcu.externaltools.gnu-tools-for-stm32.13.3.rel1.macos64_1.0.0.202411102158/tools/bin/../lib/gcc/arm-none-eabi/13.3.1/../../../../arm-none-eabi/lib/thumb/v7e-m+fp/hard/libm.a
END GROUP
START GROUP
LOAD /Applications/STM32CubeIDE.app/Contents/Eclipse/plugins/com.st.stm32cube.ide.mcu.externaltools.gnu-tools-for-stm32.13.3.rel1.macos64_1.0.0.202411102158/tools/bin/../lib/gcc/arm-none-eabi/13.3.1/thumb/v7e-m+fp/hard/libgcc.a
LOAD /Applications/STM32CubeIDE.app/Contents/Eclipse/plugins/com.st.stm32cube.ide.mcu.externaltools.gnu-tools-for-stm32.13.3.rel1.macos64_1.0.0.202411102158/tools/bin/../lib/gcc/arm-none-eabi/13.3.1/../../../../arm-none-eabi/lib/thumb/v7e-m+fp/hard/libc_nano.a
END GROUP
START GROUP
LOAD /Applications/STM32CubeIDE.app/Contents/Eclipse/plugins/com.st.stm32cube.ide.mcu.externaltools.gnu-tools-for-stm32.13.3.rel1.macos64_1.0.0.202411102158/tools/bin/../lib/gcc/arm-none-eabi/13.3.1/thumb/v7e-m+fp/hard/libgcc.a
LOAD /Applications/STM32CubeIDE.app/Contents/Eclipse/plugins/com.st.stm32cube.ide.mcu.externaltools.gnu-tools-for-stm32.13.3.rel1.macos64_1.0.0.202411102158/tools/bin/../lib/gcc/arm-none-eabi/13.3.1/../../../../arm-none-eabi/lib/thumb/v7e-m+fp/hard/libc_nano.a
LOAD /Applications/STM32CubeIDE.app/Contents/Eclipse/plugins/com.st.stm32cube.ide.mcu.externaltools.gnu-tools-for-stm32.13.3.rel1.macos64_1.0.0.202411102158/tools/bin/../lib/gcc/arm-none-eabi/13.3.1/../../../../arm-none-eabi/lib/thumb/v7e-m+fp/hard/libnosys.a
END GROUP
START GROUP
LOAD /Applications/STM32CubeIDE.app/Contents/Eclipse/plugins/com.st.stm32cube.ide.mcu.externaltools.gnu-tools-for-stm32.13.3.rel1.macos64_1.0.0.202411102158/tools/bin/../lib/gcc/arm-none-eabi/13.3.1/thumb/v7e-m+fp/hard/libgcc.a
LOAD /Applications/STM32CubeIDE.app/Contents/Eclipse/plugins/com.st.stm32cube.ide.mcu.externaltools.gnu-tools-for-stm32.13.3.rel1.macos64_1.0.0.202411102158/tools/bin/../lib/gcc/arm-none-eabi/13.3.1/../../../../arm-none-eabi/lib/thumb/v7e-m+fp/hard/libc_nano.a
LOAD /Applications/STM32CubeIDE.app/Contents/Eclipse/plugins/com.st.stm32cube.ide.mcu.externaltools.gnu-tools-for-stm32.13.3.rel1.macos64_1.0.0.202411102158/tools/bin/../lib/gcc/arm-none-eabi/13.3.1/../../../../arm-none-eabi/lib/thumb/v7e-m+fp/hard/libnosys.a
END GROUP
LOAD /Applications/STM32CubeIDE.app/Contents/Eclipse/plugins/com.st.stm32cube.ide.mcu.externaltools.gnu-tools-for-stm32.13.3.rel1.macos64_1.0.0.202411102158/tools/bin/../lib/gcc/arm-none-eabi/13.3.1/thumb/v7e-m+fp/hard/crtend.o
LOAD /Applications/STM32CubeIDE.app/Contents/Eclipse/plugins/com.st.stm32cube.ide.mcu.externaltools.gnu-tools-for-stm32.13.3.rel1.macos64_1.0.0.202411102158/tools/bin/../lib/gcc/arm-none-eabi/13.3.1/thumb/v7e-m+fp/hard/crtn.o
                0x20020000                        _estack = (ORIGIN (RAM) + LENGTH (RAM))
                0x00000200                        _Min_Heap_Size = 0x200
                0x00000400                        _Min_Stack_Size = 0x400

.isr_vector     0x08000000      0x188
                0x08000000                        . = ALIGN (0x4)
 *(.isr_vector)
 .isr_vector    0x08000000      0x188 ./Core/Startup/startup_stm32f407vgtx.o
                0x08000000                g_pfnVectors
                0x08000188                        . = ALIGN (0x4)

.text           0x08000188     0x9fe4
                0x08000188                        . = ALIGN (0x4)
 *(.text)
 .text          0x08000188       0x40 /Applications/STM32CubeIDE.app/Contents/Eclipse/plugins/com.st.stm32cube.ide.mcu.externaltools.gnu-tools-for-stm32.13.3.rel1.macos64_1.0.0.202411102158/tools/bin/../lib/gcc/arm-none-eabi/13.3.1/thumb/v7e-m+fp/hard/crtbegin.o
 .text          0x080001c8       0x30 /Applications/STM32CubeIDE.app/Contents/Eclipse/plugins/com.st.stm32cube.ide.mcu.externaltools.gnu-tools-for-stm32.13.3.rel1.macos64_1.0.0.202411102158/tools/bin/../lib/gcc/arm-none-eabi/13.3.1/thumb/v7e-m+fp/hard/libgcc.a(_aeabi_uldivmod.o)
                0x080001c8                __aeabi_uldivmod
 .text          0x080001f8      0x2f8 /Applications/STM32CubeIDE.app/Contents/Eclipse/plugins/com.st.stm32cube.ide.mcu.externaltools.gnu-tools-for-stm32.13.3.rel1.macos64_1.0.0.202411102158/tools/bin/../lib/gcc/arm-none-eabi/13.3.1/thumb/v7e-m+fp/hard/libgcc.a(_udivmoddi4.o)
                0x080001f8                __udivmoddi4
 .text          0x080004f0        0x4 /Applications/STM32CubeIDE.app/Contents/Eclipse/plugins/com.st.stm32cube.ide.mcu.externaltools.gnu-tools-for-stm32.13.3.rel1.macos64_1.0.0.202411102158/tools/bin/../lib/gcc/arm-none-eabi/13.3.1/thumb/v7e-m+fp/hard/libgcc.a(_dvmd_tls.o)
                0x080004f0                __aeabi_ldiv0
                0x080004f0                __aeabi_idiv0
 *(.text*)
 .text.vOutputGLcd
                0x080004f4       0x50 ./Core/Src/GLcd.o
                0x080004f4                vOutputGLcd
 .text.vInitGLcd
                0x08000544       0x58 ./Core/Src/GLcd.o
                0x08000544                vInitGLcd
 .text.vClearGLcd
                0x0800059c       0x7e ./Core/Src/GLcd.o
                0x0800059c                vClearGLcd
 *fill*         0x0800061a        0x2 
 .text.vPutCharGLcd
                0x0800061c      0x190 ./Core/Src/GLcd.o
                0x0800061c                vPutCharGLcd
 .text.vPutStringGLcd
                0x080007ac       0x9c ./Core/Src/GLcd.o
                0x080007ac                vPutStringGLcd
 .text.vData_IN
                0x08000848       0x2c ./Core/Src/IO_BUS.o
                0x08000848                vData_IN
 .text.vData_OUT
                0x08000874       0x30 ./Core/Src/IO_BUS.o
                0x08000874                vData_OUT
 .text.ucReadIO
                0x080008a4      0x324 ./Core/Src/IO_BUS.o
                0x080008a4                ucReadIO
 .text.vWriteIO
                0x08000bc8      0x370 ./Core/Src/IO_BUS.o
                0x08000bc8                vWriteIO
 .text.Main_Init
                0x08000f38       0x1c ./Core/Src/main.o
                0x08000f38                Main_Init
 .text.doNothing
                0x08000f54        0xe ./Core/Src/main.o
                0x08000f54                doNothing
 .text.main     0x08000f62       0x2e ./Core/Src/main.o
                0x08000f62                main
 .text.SystemClock_Config
                0x08000f90       0xd4 ./Core/Src/main.o
                0x08000f90                SystemClock_Config
 .text.MX_CAN1_Init
                0x08001064       0x68 ./Core/Src/main.o
 .text.MX_I2C1_Init
                0x080010cc       0x5c ./Core/Src/main.o
 .text.MX_TIM14_Init
                0x08001128       0x48 ./Core/Src/main.o
 .text.MX_GPIO_Init
                0x08001170      0x1cc ./Core/Src/main.o
 .text.Error_Handler
                0x0800133c        0xc ./Core/Src/main.o
                0x0800133c                Error_Handler
 .text.HAL_MspInit
                0x08001348       0x50 ./Core/Src/stm32f4xx_hal_msp.o
                0x08001348                HAL_MspInit
 .text.HAL_CAN_MspInit
                0x08001398       0x90 ./Core/Src/stm32f4xx_hal_msp.o
                0x08001398                HAL_CAN_MspInit
 .text.HAL_I2C_MspInit
                0x08001428       0x90 ./Core/Src/stm32f4xx_hal_msp.o
                0x08001428                HAL_I2C_MspInit
 .text.HAL_TIM_Base_MspInit
                0x080014b8       0x50 ./Core/Src/stm32f4xx_hal_msp.o
                0x080014b8                HAL_TIM_Base_MspInit
 .text.NMI_Handler
                0x08001508        0x8 ./Core/Src/stm32f4xx_it.o
                0x08001508                NMI_Handler
 .text.HardFault_Handler
                0x08001510        0x8 ./Core/Src/stm32f4xx_it.o
                0x08001510                HardFault_Handler
 .text.MemManage_Handler
                0x08001518        0x8 ./Core/Src/stm32f4xx_it.o
                0x08001518                MemManage_Handler
 .text.BusFault_Handler
                0x08001520        0x8 ./Core/Src/stm32f4xx_it.o
                0x08001520                BusFault_Handler
 .text.UsageFault_Handler
                0x08001528        0x8 ./Core/Src/stm32f4xx_it.o
                0x08001528                UsageFault_Handler
 .text.SVC_Handler
                0x08001530        0xe ./Core/Src/stm32f4xx_it.o
                0x08001530                SVC_Handler
 .text.DebugMon_Handler
                0x0800153e        0xe ./Core/Src/stm32f4xx_it.o
                0x0800153e                DebugMon_Handler
 .text.PendSV_Handler
                0x0800154c        0xe ./Core/Src/stm32f4xx_it.o
                0x0800154c                PendSV_Handler
 .text.SysTick_Handler
                0x0800155a        0xc ./Core/Src/stm32f4xx_it.o
                0x0800155a                SysTick_Handler
 *fill*         0x08001566        0x2 
 .text.TIM8_TRG_COM_TIM14_IRQHandler
                0x08001568       0x14 ./Core/Src/stm32f4xx_it.o
                0x08001568                TIM8_TRG_COM_TIM14_IRQHandler
 .text.OTG_FS_IRQHandler
                0x0800157c       0x14 ./Core/Src/stm32f4xx_it.o
                0x0800157c                OTG_FS_IRQHandler
 .text._sbrk    0x08001590       0x6c ./Core/Src/sysmem.o
                0x08001590                _sbrk
 .text.SystemInit
                0x080015fc       0x24 ./Core/Src/system_stm32f4xx.o
                0x080015fc                SystemInit
 .text.lectureEntrees
                0x08001620       0x7c ./Core/Src/Interfaces/interface_PCF8574.o
                0x08001620                lectureEntrees
 .text.ecritureSorties
                0x0800169c       0x44 ./Core/Src/Interfaces/interface_PCF8574.o
                0x0800169c                ecritureSorties
 .text.HAL_TIM_PeriodElapsedCallback
                0x080016e0       0x28 ./Core/Src/Pilotes/pilote_Timer14.o
                0x080016e0                HAL_TIM_PeriodElapsedCallback
 .text.piloteTimer14_permetLesInterruptions
                0x08001708       0x14 ./Core/Src/Pilotes/pilote_Timer14.o
                0x08001708                piloteTimer14_permetLesInterruptions
 .text.piloteTimer14_initialise
                0x0800171c       0x1c ./Core/Src/Pilotes/pilote_Timer14.o
                0x0800171c                piloteTimer14_initialise
 .text.processusEntreesNum_Lire
                0x08001738        0xc ./Core/Src/Processus/processusEntreesNumeriques.o
                0x08001738                processusEntreesNum_Lire
 .text.processusEntreesNum_Init
                0x08001744       0x1c ./Core/Src/Processus/processusEntreesNumeriques.o
                0x08001744                processusEntreesNum_Init
 .text.processusSortiesNum_Ecrire
                0x08001760       0x1c ./Core/Src/Processus/processusSortiesNumeriques.o
                0x08001760                processusSortiesNum_Ecrire
 .text.processusSortiesNum_Init
                0x0800177c       0x1c ./Core/Src/Processus/processusSortiesNumeriques.o
                0x0800177c                processusSortiesNum_Init
 .text.byteToBinary
                0x08001798       0x50 ./Core/Src/Processus/processus_Affichage.o
                0x08001798                byteToBinary
 .text.processusAffichage_Afficher
                0x080017e8      0x250 ./Core/Src/Processus/processus_Affichage.o
                0x080017e8                processusAffichage_Afficher
 .text.processusAffichageInit
                0x08001a38       0xb4 ./Core/Src/Processus/processus_Affichage.o
                0x08001a38                processusAffichageInit
 .text.serviceBaseDeTemps_gere
                0x08001aec       0x30 ./Core/Src/Services/ServiceBaseTemps.o
                0x08001aec                serviceBaseDeTemps_gere
 .text.serviceBaseDeTemps_initialise
                0x08001b1c       0x44 ./Core/Src/Services/ServiceBaseTemps.o
                0x08001b1c                serviceBaseDeTemps_initialise
 .text.Reset_Handler
                0x08001b60       0x50 ./Core/Startup/startup_stm32f407vgtx.o
                0x08001b60                Reset_Handler
 .text.Default_Handler
                0x08001bb0        0x2 ./Core/Startup/startup_stm32f407vgtx.o
                0x08001bb0                DMA1_Stream3_IRQHandler
                0x08001bb0                HASH_RNG_IRQHandler
                0x08001bb0                EXTI2_IRQHandler
                0x08001bb0                TIM8_CC_IRQHandler
                0x08001bb0                TIM1_CC_IRQHandler
                0x08001bb0                DMA2_Stream5_IRQHandler
                0x08001bb0                DMA1_Stream5_IRQHandler
                0x08001bb0                PVD_IRQHandler
                0x08001bb0                SDIO_IRQHandler
                0x08001bb0                TAMP_STAMP_IRQHandler
                0x08001bb0                CAN2_RX1_IRQHandler
                0x08001bb0                EXTI3_IRQHandler
                0x08001bb0                TIM1_UP_TIM10_IRQHandler
                0x08001bb0                TIM8_UP_TIM13_IRQHandler
                0x08001bb0                I2C3_ER_IRQHandler
                0x08001bb0                EXTI0_IRQHandler
                0x08001bb0                I2C2_EV_IRQHandler
                0x08001bb0                DMA1_Stream2_IRQHandler
                0x08001bb0                CAN1_RX0_IRQHandler
                0x08001bb0                FPU_IRQHandler
                0x08001bb0                OTG_HS_WKUP_IRQHandler
                0x08001bb0                CAN2_SCE_IRQHandler
                0x08001bb0                DMA2_Stream2_IRQHandler
                0x08001bb0                SPI1_IRQHandler
                0x08001bb0                TIM6_DAC_IRQHandler
                0x08001bb0                TIM1_BRK_TIM9_IRQHandler
                0x08001bb0                DCMI_IRQHandler
                0x08001bb0                CAN2_RX0_IRQHandler
                0x08001bb0                DMA2_Stream3_IRQHandler
                0x08001bb0                USART6_IRQHandler
                0x08001bb0                USART3_IRQHandler
                0x08001bb0                CAN1_RX1_IRQHandler
                0x08001bb0                UART5_IRQHandler
                0x08001bb0                DMA2_Stream0_IRQHandler
                0x08001bb0                TIM4_IRQHandler
                0x08001bb0                I2C1_EV_IRQHandler
                0x08001bb0                DMA1_Stream6_IRQHandler
                0x08001bb0                DMA1_Stream1_IRQHandler
                0x08001bb0                UART4_IRQHandler
                0x08001bb0                TIM3_IRQHandler
                0x08001bb0                RCC_IRQHandler
                0x08001bb0                TIM8_BRK_TIM12_IRQHandler
                0x08001bb0                Default_Handler
                0x08001bb0                EXTI15_10_IRQHandler
                0x08001bb0                ADC_IRQHandler
                0x08001bb0                DMA1_Stream7_IRQHandler
                0x08001bb0                TIM7_IRQHandler
                0x08001bb0                CAN2_TX_IRQHandler
                0x08001bb0                TIM5_IRQHandler
                0x08001bb0                DMA2_Stream7_IRQHandler
                0x08001bb0                I2C3_EV_IRQHandler
                0x08001bb0                EXTI9_5_IRQHandler
                0x08001bb0                RTC_WKUP_IRQHandler
                0x08001bb0                ETH_WKUP_IRQHandler
                0x08001bb0                SPI2_IRQHandler
                0x08001bb0                OTG_HS_EP1_IN_IRQHandler
                0x08001bb0                DMA1_Stream0_IRQHandler
                0x08001bb0                CAN1_TX_IRQHandler
                0x08001bb0                EXTI4_IRQHandler
                0x08001bb0                FSMC_IRQHandler
                0x08001bb0                ETH_IRQHandler
                0x08001bb0                OTG_HS_EP1_OUT_IRQHandler
                0x08001bb0                WWDG_IRQHandler
                0x08001bb0                TIM2_IRQHandler
                0x08001bb0                OTG_FS_WKUP_IRQHandler
                0x08001bb0                TIM1_TRG_COM_TIM11_IRQHandler
                0x08001bb0                OTG_HS_IRQHandler
                0x08001bb0                EXTI1_IRQHandler
                0x08001bb0                USART2_IRQHandler
                0x08001bb0                I2C2_ER_IRQHandler
                0x08001bb0                DMA2_Stream1_IRQHandler
                0x08001bb0                CAN1_SCE_IRQHandler
                0x08001bb0                FLASH_IRQHandler
                0x08001bb0                DMA2_Stream4_IRQHandler
                0x08001bb0                USART1_IRQHandler
                0x08001bb0                SPI3_IRQHandler
                0x08001bb0                DMA1_Stream4_IRQHandler
                0x08001bb0                I2C1_ER_IRQHandler
                0x08001bb0                DMA2_Stream6_IRQHandler
                0x08001bb0                RTC_Alarm_IRQHandler
 *fill*         0x08001bb2        0x2 
 .text.HAL_Init
                0x08001bb4       0x44 ./Drivers/STM32F4xx_HAL_Driver/Src/stm32f4xx_hal.o
                0x08001bb4                HAL_Init
 .text.HAL_InitTick
                0x08001bf8       0x60 ./Drivers/STM32F4xx_HAL_Driver/Src/stm32f4xx_hal.o
                0x08001bf8                HAL_InitTick
 .text.HAL_IncTick
                0x08001c58       0x28 ./Drivers/STM32F4xx_HAL_Driver/Src/stm32f4xx_hal.o
                0x08001c58                HAL_IncTick
 .text.HAL_GetTick
                0x08001c80       0x18 ./Drivers/STM32F4xx_HAL_Driver/Src/stm32f4xx_hal.o
                0x08001c80                HAL_GetTick
 .text.HAL_Delay
                0x08001c98       0x48 ./Drivers/STM32F4xx_HAL_Driver/Src/stm32f4xx_hal.o
                0x08001c98                HAL_Delay
 .text.HAL_CAN_Init
                0x08001ce0      0x1f6 ./Drivers/STM32F4xx_HAL_Driver/Src/stm32f4xx_hal_can.o
                0x08001ce0                HAL_CAN_Init
 *fill*         0x08001ed6        0x2 
 .text.__NVIC_SetPriorityGrouping
                0x08001ed8       0x48 ./Drivers/STM32F4xx_HAL_Driver/Src/stm32f4xx_hal_cortex.o
 .text.__NVIC_GetPriorityGrouping
                0x08001f20       0x1c ./Drivers/STM32F4xx_HAL_Driver/Src/stm32f4xx_hal_cortex.o
 .text.__NVIC_EnableIRQ
                0x08001f3c       0x3c ./Drivers/STM32F4xx_HAL_Driver/Src/stm32f4xx_hal_cortex.o
 .text.__NVIC_SetPriority
                0x08001f78       0x54 ./Drivers/STM32F4xx_HAL_Driver/Src/stm32f4xx_hal_cortex.o
 .text.NVIC_EncodePriority
                0x08001fcc       0x66 ./Drivers/STM32F4xx_HAL_Driver/Src/stm32f4xx_hal_cortex.o
 *fill*         0x08002032        0x2 
 .text.SysTick_Config
                0x08002034       0x44 ./Drivers/STM32F4xx_HAL_Driver/Src/stm32f4xx_hal_cortex.o
 .text.HAL_NVIC_SetPriorityGrouping
                0x08002078       0x16 ./Drivers/STM32F4xx_HAL_Driver/Src/stm32f4xx_hal_cortex.o
                0x08002078                HAL_NVIC_SetPriorityGrouping
 .text.HAL_NVIC_SetPriority
                0x0800208e       0x38 ./Drivers/STM32F4xx_HAL_Driver/Src/stm32f4xx_hal_cortex.o
                0x0800208e                HAL_NVIC_SetPriority
 .text.HAL_NVIC_EnableIRQ
                0x080020c6       0x1c ./Drivers/STM32F4xx_HAL_Driver/Src/stm32f4xx_hal_cortex.o
                0x080020c6                HAL_NVIC_EnableIRQ
 .text.HAL_SYSTICK_Config
                0x080020e2       0x18 ./Drivers/STM32F4xx_HAL_Driver/Src/stm32f4xx_hal_cortex.o
                0x080020e2                HAL_SYSTICK_Config
 *fill*         0x080020fa        0x2 
 .text.HAL_GPIO_Init
                0x080020fc      0x338 ./Drivers/STM32F4xx_HAL_Driver/Src/stm32f4xx_hal_gpio.o
                0x080020fc                HAL_GPIO_Init
 .text.HAL_GPIO_ReadPin
                0x08002434       0x30 ./Drivers/STM32F4xx_HAL_Driver/Src/stm32f4xx_hal_gpio.o
                0x08002434                HAL_GPIO_ReadPin
 .text.HAL_GPIO_WritePin
                0x08002464       0x32 ./Drivers/STM32F4xx_HAL_Driver/Src/stm32f4xx_hal_gpio.o
                0x08002464                HAL_GPIO_WritePin
 .text.HAL_HCD_Init
                0x08002496       0xce ./Drivers/STM32F4xx_HAL_Driver/Src/stm32f4xx_hal_hcd.o
                0x08002496                HAL_HCD_Init
 .text.HAL_HCD_HC_Init
                0x08002564      0x170 ./Drivers/STM32F4xx_HAL_Driver/Src/stm32f4xx_hal_hcd.o
                0x08002564                HAL_HCD_HC_Init
 .text.HAL_HCD_HC_SubmitRequest
                0x080026d4      0x33c ./Drivers/STM32F4xx_HAL_Driver/Src/stm32f4xx_hal_hcd.o
                0x080026d4                HAL_HCD_HC_SubmitRequest
 .text.HAL_HCD_IRQHandler
                0x08002a10      0x220 ./Drivers/STM32F4xx_HAL_Driver/Src/stm32f4xx_hal_hcd.o
                0x08002a10                HAL_HCD_IRQHandler
 .text.HAL_HCD_Start
                0x08002c30       0x46 ./Drivers/STM32F4xx_HAL_Driver/Src/stm32f4xx_hal_hcd.o
                0x08002c30                HAL_HCD_Start
 .text.HAL_HCD_Stop
                0x08002c76       0x3a ./Drivers/STM32F4xx_HAL_Driver/Src/stm32f4xx_hal_hcd.o
                0x08002c76                HAL_HCD_Stop
 .text.HAL_HCD_ResetPort
                0x08002cb0       0x1c ./Drivers/STM32F4xx_HAL_Driver/Src/stm32f4xx_hal_hcd.o
                0x08002cb0                HAL_HCD_ResetPort
 .text.HAL_HCD_HC_GetURBState
                0x08002ccc       0x2a ./Drivers/STM32F4xx_HAL_Driver/Src/stm32f4xx_hal_hcd.o
                0x08002ccc                HAL_HCD_HC_GetURBState
 .text.HAL_HCD_HC_GetXferCount
                0x08002cf6       0x2a ./Drivers/STM32F4xx_HAL_Driver/Src/stm32f4xx_hal_hcd.o
                0x08002cf6                HAL_HCD_HC_GetXferCount
 .text.HAL_HCD_GetCurrentFrame
                0x08002d20       0x1c ./Drivers/STM32F4xx_HAL_Driver/Src/stm32f4xx_hal_hcd.o
                0x08002d20                HAL_HCD_GetCurrentFrame
 .text.HAL_HCD_GetCurrentSpeed
                0x08002d3c       0x1c ./Drivers/STM32F4xx_HAL_Driver/Src/stm32f4xx_hal_hcd.o
                0x08002d3c                HAL_HCD_GetCurrentSpeed
 .text.HAL_HCD_HC_ClearHubInfo
                0x08002d58       0x6a ./Drivers/STM32F4xx_HAL_Driver/Src/stm32f4xx_hal_hcd.o
                0x08002d58                HAL_HCD_HC_ClearHubInfo
 .text.HCD_HC_IN_IRQHandler
                0x08002dc2      0xcd2 ./Drivers/STM32F4xx_HAL_Driver/Src/stm32f4xx_hal_hcd.o
 .text.HCD_HC_OUT_IRQHandler
                0x08003a94      0x97e ./Drivers/STM32F4xx_HAL_Driver/Src/stm32f4xx_hal_hcd.o
 .text.HCD_RXQLVL_IRQHandler
                0x08004412      0x1be ./Drivers/STM32F4xx_HAL_Driver/Src/stm32f4xx_hal_hcd.o
 .text.HCD_Port_IRQHandler
                0x080045d0       0xe6 ./Drivers/STM32F4xx_HAL_Driver/Src/stm32f4xx_hal_hcd.o
 *fill*         0x080046b6        0x2 
 .text.HAL_I2C_Init
                0x080046b8      0x288 ./Drivers/STM32F4xx_HAL_Driver/Src/stm32f4xx_hal_i2c.o
                0x080046b8                HAL_I2C_Init
 .text.HAL_I2C_Master_Transmit
                0x08004940      0x1fc ./Drivers/STM32F4xx_HAL_Driver/Src/stm32f4xx_hal_i2c.o
                0x08004940                HAL_I2C_Master_Transmit
 .text.HAL_I2C_Master_Receive
                0x08004b3c      0x464 ./Drivers/STM32F4xx_HAL_Driver/Src/stm32f4xx_hal_i2c.o
                0x08004b3c                HAL_I2C_Master_Receive
 .text.I2C_MasterRequestWrite
                0x08004fa0      0x104 ./Drivers/STM32F4xx_HAL_Driver/Src/stm32f4xx_hal_i2c.o
 .text.I2C_MasterRequestRead
                0x080050a4      0x19c ./Drivers/STM32F4xx_HAL_Driver/Src/stm32f4xx_hal_i2c.o
 .text.I2C_WaitOnFlagUntilTimeout
                0x08005240       0xf4 ./Drivers/STM32F4xx_HAL_Driver/Src/stm32f4xx_hal_i2c.o
 .text.I2C_WaitOnMasterAddressFlagUntilTimeout
                0x08005334      0x140 ./Drivers/STM32F4xx_HAL_Driver/Src/stm32f4xx_hal_i2c.o
 .text.I2C_WaitOnTXEFlagUntilTimeout
                0x08005474       0x90 ./Drivers/STM32F4xx_HAL_Driver/Src/stm32f4xx_hal_i2c.o
 .text.I2C_WaitOnBTFFlagUntilTimeout
                0x08005504       0x90 ./Drivers/STM32F4xx_HAL_Driver/Src/stm32f4xx_hal_i2c.o
 .text.I2C_WaitOnRXNEFlagUntilTimeout
                0x08005594       0xba ./Drivers/STM32F4xx_HAL_Driver/Src/stm32f4xx_hal_i2c.o
 .text.I2C_IsAcknowledgeFailed
                0x0800564e       0x5e ./Drivers/STM32F4xx_HAL_Driver/Src/stm32f4xx_hal_i2c.o
 .text.HAL_RCC_OscConfig
                0x080056ac      0x4f0 ./Drivers/STM32F4xx_HAL_Driver/Src/stm32f4xx_hal_rcc.o
                0x080056ac                HAL_RCC_OscConfig
 .text.HAL_RCC_ClockConfig
                0x08005b9c      0x1cc ./Drivers/STM32F4xx_HAL_Driver/Src/stm32f4xx_hal_rcc.o
                0x08005b9c                HAL_RCC_ClockConfig
 .text.HAL_RCC_GetSysClockFreq
                0x08005d68      0x20c ./Drivers/STM32F4xx_HAL_Driver/Src/stm32f4xx_hal_rcc.o
                0x08005d68                HAL_RCC_GetSysClockFreq
 .text.HAL_RCC_GetHCLKFreq
                0x08005f74       0x18 ./Drivers/STM32F4xx_HAL_Driver/Src/stm32f4xx_hal_rcc.o
                0x08005f74                HAL_RCC_GetHCLKFreq
 .text.HAL_RCC_GetPCLK1Freq
                0x08005f8c       0x28 ./Drivers/STM32F4xx_HAL_Driver/Src/stm32f4xx_hal_rcc.o
                0x08005f8c                HAL_RCC_GetPCLK1Freq
 .text.HAL_TIM_Base_Init
                0x08005fb4       0x9e ./Drivers/STM32F4xx_HAL_Driver/Src/stm32f4xx_hal_tim.o
                0x08005fb4                HAL_TIM_Base_Init
 *fill*         0x08006052        0x2 
 .text.HAL_TIM_Base_Start_IT
                0x08006054       0xe0 ./Drivers/STM32F4xx_HAL_Driver/Src/stm32f4xx_hal_tim.o
                0x08006054                HAL_TIM_Base_Start_IT
 .text.HAL_TIM_IRQHandler
                0x08006134      0x1e0 ./Drivers/STM32F4xx_HAL_Driver/Src/stm32f4xx_hal_tim.o
                0x08006134                HAL_TIM_IRQHandler
 .text.HAL_TIM_OC_DelayElapsedCallback
                0x08006314       0x14 ./Drivers/STM32F4xx_HAL_Driver/Src/stm32f4xx_hal_tim.o
                0x08006314                HAL_TIM_OC_DelayElapsedCallback
 .text.HAL_TIM_IC_CaptureCallback
                0x08006328       0x14 ./Drivers/STM32F4xx_HAL_Driver/Src/stm32f4xx_hal_tim.o
                0x08006328                HAL_TIM_IC_CaptureCallback
 .text.HAL_TIM_PWM_PulseFinishedCallback
                0x0800633c       0x14 ./Drivers/STM32F4xx_HAL_Driver/Src/stm32f4xx_hal_tim.o
                0x0800633c                HAL_TIM_PWM_PulseFinishedCallback
 .text.HAL_TIM_TriggerCallback
                0x08006350       0x14 ./Drivers/STM32F4xx_HAL_Driver/Src/stm32f4xx_hal_tim.o
                0x08006350                HAL_TIM_TriggerCallback
 .text.TIM_Base_SetConfig
                0x08006364      0x14c ./Drivers/STM32F4xx_HAL_Driver/Src/stm32f4xx_hal_tim.o
                0x08006364                TIM_Base_SetConfig
 .text.HAL_TIMEx_CommutCallback
                0x080064b0       0x14 ./Drivers/STM32F4xx_HAL_Driver/Src/stm32f4xx_hal_tim_ex.o
                0x080064b0                HAL_TIMEx_CommutCallback
 .text.HAL_TIMEx_BreakCallback
                0x080064c4       0x14 ./Drivers/STM32F4xx_HAL_Driver/Src/stm32f4xx_hal_tim_ex.o
                0x080064c4                HAL_TIMEx_BreakCallback
 .text.USB_CoreInit
                0x080064d8       0xc8 ./Drivers/STM32F4xx_HAL_Driver/Src/stm32f4xx_ll_usb.o
                0x080064d8                USB_CoreInit
 .text.USB_EnableGlobalInt
                0x080065a0       0x22 ./Drivers/STM32F4xx_HAL_Driver/Src/stm32f4xx_ll_usb.o
                0x080065a0                USB_EnableGlobalInt
 .text.USB_DisableGlobalInt
                0x080065c2       0x22 ./Drivers/STM32F4xx_HAL_Driver/Src/stm32f4xx_ll_usb.o
                0x080065c2                USB_DisableGlobalInt
 .text.USB_SetCurrentMode
                0x080065e4       0x98 ./Drivers/STM32F4xx_HAL_Driver/Src/stm32f4xx_ll_usb.o
                0x080065e4                USB_SetCurrentMode
 .text.USB_FlushTxFifo
                0x0800667c       0x64 ./Drivers/STM32F4xx_HAL_Driver/Src/stm32f4xx_ll_usb.o
                0x0800667c                USB_FlushTxFifo
 .text.USB_FlushRxFifo
                0x080066e0       0x5c ./Drivers/STM32F4xx_HAL_Driver/Src/stm32f4xx_ll_usb.o
                0x080066e0                USB_FlushRxFifo
 .text.USB_WritePacket
                0x0800673c       0x7c ./Drivers/STM32F4xx_HAL_Driver/Src/stm32f4xx_ll_usb.o
                0x0800673c                USB_WritePacket
 .text.USB_ReadPacket
                0x080067b8       0xb0 ./Drivers/STM32F4xx_HAL_Driver/Src/stm32f4xx_ll_usb.o
                0x080067b8                USB_ReadPacket
 .text.USB_ReadInterrupts
                0x08006868       0x26 ./Drivers/STM32F4xx_HAL_Driver/Src/stm32f4xx_ll_usb.o
                0x08006868                USB_ReadInterrupts
 .text.USB_ReadChInterrupts
                0x0800688e       0x42 ./Drivers/STM32F4xx_HAL_Driver/Src/stm32f4xx_ll_usb.o
                0x0800688e                USB_ReadChInterrupts
 .text.USB_GetMode
                0x080068d0       0x1c ./Drivers/STM32F4xx_HAL_Driver/Src/stm32f4xx_ll_usb.o
                0x080068d0                USB_GetMode
 .text.USB_CoreReset
                0x080068ec       0x70 ./Drivers/STM32F4xx_HAL_Driver/Src/stm32f4xx_ll_usb.o
 .text.USB_HostInit
                0x0800695c      0x188 ./Drivers/STM32F4xx_HAL_Driver/Src/stm32f4xx_ll_usb.o
                0x0800695c                USB_HostInit
 .text.USB_InitFSLSPClkSel
                0x08006ae4       0x7a ./Drivers/STM32F4xx_HAL_Driver/Src/stm32f4xx_ll_usb.o
                0x08006ae4                USB_InitFSLSPClkSel
 .text.USB_ResetPort
                0x08006b5e       0x54 ./Drivers/STM32F4xx_HAL_Driver/Src/stm32f4xx_ll_usb.o
                0x08006b5e                USB_ResetPort
 .text.USB_DriveVbus
                0x08006bb2       0x72 ./Drivers/STM32F4xx_HAL_Driver/Src/stm32f4xx_ll_usb.o
                0x08006bb2                USB_DriveVbus
 .text.USB_GetHostSpeed
                0x08006c24       0x2e ./Drivers/STM32F4xx_HAL_Driver/Src/stm32f4xx_ll_usb.o
                0x08006c24                USB_GetHostSpeed
 .text.USB_GetCurrentFrame
                0x08006c52       0x22 ./Drivers/STM32F4xx_HAL_Driver/Src/stm32f4xx_ll_usb.o
                0x08006c52                USB_GetCurrentFrame
 .text.USB_HC_Init
                0x08006c74      0x258 ./Drivers/STM32F4xx_HAL_Driver/Src/stm32f4xx_ll_usb.o
                0x08006c74                USB_HC_Init
 .text.USB_HC_StartXfer
                0x08006ecc      0x4f4 ./Drivers/STM32F4xx_HAL_Driver/Src/stm32f4xx_ll_usb.o
                0x08006ecc                USB_HC_StartXfer
 .text.USB_HC_ReadInterrupt
                0x080073c0       0x22 ./Drivers/STM32F4xx_HAL_Driver/Src/stm32f4xx_ll_usb.o
                0x080073c0                USB_HC_ReadInterrupt
 .text.USB_HC_Halt
                0x080073e2      0x240 ./Drivers/STM32F4xx_HAL_Driver/Src/stm32f4xx_ll_usb.o
                0x080073e2                USB_HC_Halt
 *fill*         0x08007622        0x2 
 .text.USB_DoPing
                0x08007624       0x78 ./Drivers/STM32F4xx_HAL_Driver/Src/stm32f4xx_ll_usb.o
                0x08007624                USB_DoPing
 .text.USB_StopHost
                0x0800769c      0x124 ./Drivers/STM32F4xx_HAL_Driver/Src/stm32f4xx_ll_usb.o
                0x0800769c                USB_StopHost
 .text.USBH_CDC_InterfaceInit
                0x080077c0      0x2ac ./Middlewares/ST/STM32_USB_Host_Library/Class/CDC/Src/usbh_cdc.o
 .text.USBH_CDC_InterfaceDeInit
                0x08007a6c       0xb2 ./Middlewares/ST/STM32_USB_Host_Library/Class/CDC/Src/usbh_cdc.o
 .text.USBH_CDC_ClassRequest
                0x08007b1e       0x3e ./Middlewares/ST/STM32_USB_Host_Library/Class/CDC/Src/usbh_cdc.o
 .text.USBH_CDC_Process
                0x08007b5c      0x12c ./Middlewares/ST/STM32_USB_Host_Library/Class/CDC/Src/usbh_cdc.o
 .text.USBH_CDC_SOFProcess
                0x08007c88       0x16 ./Middlewares/ST/STM32_USB_Host_Library/Class/CDC/Src/usbh_cdc.o
 .text.GetLineCoding
                0x08007c9e       0x3e ./Middlewares/ST/STM32_USB_Host_Library/Class/CDC/Src/usbh_cdc.o
 .text.SetLineCoding
                0x08007cdc       0x3e ./Middlewares/ST/STM32_USB_Host_Library/Class/CDC/Src/usbh_cdc.o
 .text.CDC_ProcessTransmission
                0x08007d1a       0xec ./Middlewares/ST/STM32_USB_Host_Library/Class/CDC/Src/usbh_cdc.o
 .text.CDC_ProcessReception
                0x08007e06       0xb6 ./Middlewares/ST/STM32_USB_Host_Library/Class/CDC/Src/usbh_cdc.o
 .text.USBH_CDC_TransmitCallback
                0x08007ebc       0x14 ./Middlewares/ST/STM32_USB_Host_Library/Class/CDC/Src/usbh_cdc.o
                0x08007ebc                USBH_CDC_TransmitCallback
 .text.USBH_CDC_ReceiveCallback
                0x08007ed0       0x14 ./Middlewares/ST/STM32_USB_Host_Library/Class/CDC/Src/usbh_cdc.o
                0x08007ed0                USBH_CDC_ReceiveCallback
 .text.USBH_CDC_LineCodingChanged
                0x08007ee4       0x14 ./Middlewares/ST/STM32_USB_Host_Library/Class/CDC/Src/usbh_cdc.o
                0x08007ee4                USBH_CDC_LineCodingChanged
 .text.USBH_Init
                0x08007ef8       0x74 ./Middlewares/ST/STM32_USB_Host_Library/Core/Src/usbh_core.o
                0x08007ef8                USBH_Init
 .text.DeInitStateMachine
                0x08007f6c       0xe2 ./Middlewares/ST/STM32_USB_Host_Library/Core/Src/usbh_core.o
 .text.USBH_RegisterClass
                0x0800804e       0x54 ./Middlewares/ST/STM32_USB_Host_Library/Core/Src/usbh_core.o
                0x0800804e                USBH_RegisterClass
 .text.USBH_SelectInterface
                0x080080a2       0x38 ./Middlewares/ST/STM32_USB_Host_Library/Core/Src/usbh_core.o
                0x080080a2                USBH_SelectInterface
 .text.USBH_FindInterface
                0x080080da       0x8c ./Middlewares/ST/STM32_USB_Host_Library/Core/Src/usbh_core.o
                0x080080da                USBH_FindInterface
 .text.USBH_Start
                0x08008166       0x20 ./Middlewares/ST/STM32_USB_Host_Library/Core/Src/usbh_core.o
                0x08008166                USBH_Start
 *fill*         0x08008186        0x2 
 .text.USBH_Process
                0x08008188      0x3d4 ./Middlewares/ST/STM32_USB_Host_Library/Core/Src/usbh_core.o
                0x08008188                USBH_Process
 .text.USBH_HandleEnum
                0x0800855c      0x3c0 ./Middlewares/ST/STM32_USB_Host_Library/Core/Src/usbh_core.o
 .text.USBH_LL_SetTimer
                0x0800891c       0x1e ./Middlewares/ST/STM32_USB_Host_Library/Core/Src/usbh_core.o
                0x0800891c                USBH_LL_SetTimer
 .text.USBH_LL_IncTimer
                0x0800893a       0x24 ./Middlewares/ST/STM32_USB_Host_Library/Core/Src/usbh_core.o
                0x0800893a                USBH_LL_IncTimer
 .text.USBH_HandleSof
                0x0800895e       0x30 ./Middlewares/ST/STM32_USB_Host_Library/Core/Src/usbh_core.o
 .text.USBH_LL_PortEnabled
                0x0800898e       0x1c ./Middlewares/ST/STM32_USB_Host_Library/Core/Src/usbh_core.o
                0x0800898e                USBH_LL_PortEnabled
 .text.USBH_LL_PortDisabled
                0x080089aa       0x24 ./Middlewares/ST/STM32_USB_Host_Library/Core/Src/usbh_core.o
                0x080089aa                USBH_LL_PortDisabled
 .text.USBH_LL_Connect
                0x080089ce       0x2e ./Middlewares/ST/STM32_USB_Host_Library/Core/Src/usbh_core.o
                0x080089ce                USBH_LL_Connect
 .text.USBH_LL_Disconnect
                0x080089fc       0x48 ./Middlewares/ST/STM32_USB_Host_Library/Core/Src/usbh_core.o
                0x080089fc                USBH_LL_Disconnect
 .text.USBH_Get_DevDesc
                0x08008a44       0x58 ./Middlewares/ST/STM32_USB_Host_Library/Core/Src/usbh_ctlreq.o
                0x08008a44                USBH_Get_DevDesc
 .text.USBH_Get_CfgDesc
                0x08008a9c       0x54 ./Middlewares/ST/STM32_USB_Host_Library/Core/Src/usbh_ctlreq.o
                0x08008a9c                USBH_Get_CfgDesc
 .text.USBH_Get_StringDesc
                0x08008af0       0x68 ./Middlewares/ST/STM32_USB_Host_Library/Core/Src/usbh_ctlreq.o
                0x08008af0                USBH_Get_StringDesc
 .text.USBH_GetDescriptor
                0x08008b58       0x6a ./Middlewares/ST/STM32_USB_Host_Library/Core/Src/usbh_ctlreq.o
                0x08008b58                USBH_GetDescriptor
 .text.USBH_SetAddress
                0x08008bc2       0x48 ./Middlewares/ST/STM32_USB_Host_Library/Core/Src/usbh_ctlreq.o
                0x08008bc2                USBH_SetAddress
 .text.USBH_SetCfg
                0x08008c0a       0x46 ./Middlewares/ST/STM32_USB_Host_Library/Core/Src/usbh_ctlreq.o
                0x08008c0a                USBH_SetCfg
 .text.USBH_SetFeature
                0x08008c50       0x48 ./Middlewares/ST/STM32_USB_Host_Library/Core/Src/usbh_ctlreq.o
                0x08008c50                USBH_SetFeature
 .text.USBH_ClrFeature
                0x08008c98       0x48 ./Middlewares/ST/STM32_USB_Host_Library/Core/Src/usbh_ctlreq.o
                0x08008c98                USBH_ClrFeature
 .text.USBH_ParseDevDesc
                0x08008ce0      0x160 ./Middlewares/ST/STM32_USB_Host_Library/Core/Src/usbh_ctlreq.o
 .text.USBH_ParseCfgDesc
                0x08008e40      0x1f8 ./Middlewares/ST/STM32_USB_Host_Library/Core/Src/usbh_ctlreq.o
 .text.USBH_ParseInterfaceDesc
                0x08009038       0x5e ./Middlewares/ST/STM32_USB_Host_Library/Core/Src/usbh_ctlreq.o
 .text.USBH_ParseEPDesc
                0x08009096      0x1d0 ./Middlewares/ST/STM32_USB_Host_Library/Core/Src/usbh_ctlreq.o
 .text.USBH_ParseStringDesc
                0x08009266       0x66 ./Middlewares/ST/STM32_USB_Host_Library/Core/Src/usbh_ctlreq.o
 .text.USBH_GetNextDesc
                0x080092cc       0x34 ./Middlewares/ST/STM32_USB_Host_Library/Core/Src/usbh_ctlreq.o
                0x080092cc                USBH_GetNextDesc
 .text.USBH_CtlReq
                0x08009300       0x7a ./Middlewares/ST/STM32_USB_Host_Library/Core/Src/usbh_ctlreq.o
                0x08009300                USBH_CtlReq
 *fill*         0x0800937a        0x2 
 .text.USBH_HandleControl
                0x0800937c      0x2ec ./Middlewares/ST/STM32_USB_Host_Library/Core/Src/usbh_ctlreq.o
 .text.USBH_CtlSendSetup
                0x08009668       0x34 ./Middlewares/ST/STM32_USB_Host_Library/Core/Src/usbh_ioreq.o
                0x08009668                USBH_CtlSendSetup
 .text.USBH_CtlSendData
                0x0800969c       0x4a ./Middlewares/ST/STM32_USB_Host_Library/Core/Src/usbh_ioreq.o
                0x0800969c                USBH_CtlSendData
 .text.USBH_CtlReceiveData
                0x080096e6       0x3c ./Middlewares/ST/STM32_USB_Host_Library/Core/Src/usbh_ioreq.o
                0x080096e6                USBH_CtlReceiveData
 .text.USBH_BulkSendData
                0x08009722       0x4a ./Middlewares/ST/STM32_USB_Host_Library/Core/Src/usbh_ioreq.o
                0x08009722                USBH_BulkSendData
 .text.USBH_BulkReceiveData
                0x0800976c       0x3c ./Middlewares/ST/STM32_USB_Host_Library/Core/Src/usbh_ioreq.o
                0x0800976c                USBH_BulkReceiveData
 .text.USBH_OpenPipe
                0x080097a8       0x3e ./Middlewares/ST/STM32_USB_Host_Library/Core/Src/usbh_pipes.o
                0x080097a8                USBH_OpenPipe
 .text.USBH_ClosePipe
                0x080097e6       0x20 ./Middlewares/ST/STM32_USB_Host_Library/Core/Src/usbh_pipes.o
                0x080097e6                USBH_ClosePipe
 .text.USBH_AllocPipe
                0x08009806       0x42 ./Middlewares/ST/STM32_USB_Host_Library/Core/Src/usbh_pipes.o
                0x08009806                USBH_AllocPipe
 .text.USBH_FreePipe
                0x08009848       0x3c ./Middlewares/ST/STM32_USB_Host_Library/Core/Src/usbh_pipes.o
                0x08009848                USBH_FreePipe
 .text.USBH_GetFreePipe
                0x08009884       0x48 ./Middlewares/ST/STM32_USB_Host_Library/Core/Src/usbh_pipes.o
 .text.MX_USB_HOST_Init
                0x080098cc       0x4c ./USB_HOST/App/usb_host.o
                0x080098cc                MX_USB_HOST_Init
 .text.MX_USB_HOST_Process
                0x08009918       0x14 ./USB_HOST/App/usb_host.o
                0x08009918                MX_USB_HOST_Process
 .text.USBH_UserProcess
                0x0800992c       0x5c ./USB_HOST/App/usb_host.o
 .text.HAL_HCD_MspInit
                0x08009988       0xc4 ./USB_HOST/Target/usbh_conf.o
                0x08009988                HAL_HCD_MspInit
 .text.HAL_HCD_SOF_Callback
                0x08009a4c       0x1c ./USB_HOST/Target/usbh_conf.o
                0x08009a4c                HAL_HCD_SOF_Callback
 .text.HAL_HCD_Connect_Callback
                0x08009a68       0x1c ./USB_HOST/Target/usbh_conf.o
                0x08009a68                HAL_HCD_Connect_Callback
 .text.HAL_HCD_Disconnect_Callback
                0x08009a84       0x1c ./USB_HOST/Target/usbh_conf.o
                0x08009a84                HAL_HCD_Disconnect_Callback
 .text.HAL_HCD_HC_NotifyURBChange_Callback
                0x08009aa0       0x1c ./USB_HOST/Target/usbh_conf.o
                0x08009aa0                HAL_HCD_HC_NotifyURBChange_Callback
 .text.HAL_HCD_PortEnabled_Callback
                0x08009abc       0x1c ./USB_HOST/Target/usbh_conf.o
                0x08009abc                HAL_HCD_PortEnabled_Callback
 .text.HAL_HCD_PortDisabled_Callback
                0x08009ad8       0x1c ./USB_HOST/Target/usbh_conf.o
                0x08009ad8                HAL_HCD_PortDisabled_Callback
 .text.USBH_LL_Init
                0x08009af4       0x78 ./USB_HOST/Target/usbh_conf.o
                0x08009af4                USBH_LL_Init
 .text.USBH_LL_Start
                0x08009b6c       0x36 ./USB_HOST/Target/usbh_conf.o
                0x08009b6c                USBH_LL_Start
 .text.USBH_LL_Stop
                0x08009ba2       0x36 ./USB_HOST/Target/usbh_conf.o
                0x08009ba2                USBH_LL_Stop
 .text.USBH_LL_GetSpeed
                0x08009bd8       0x4e ./USB_HOST/Target/usbh_conf.o
                0x08009bd8                USBH_LL_GetSpeed
 .text.USBH_LL_ResetPort
                0x08009c26       0x36 ./USB_HOST/Target/usbh_conf.o
                0x08009c26                USBH_LL_ResetPort
 .text.USBH_LL_GetLastXferSize
                0x08009c5c       0x26 ./USB_HOST/Target/usbh_conf.o
                0x08009c5c                USBH_LL_GetLastXferSize
 .text.USBH_LL_OpenPipe
                0x08009c82       0x5e ./USB_HOST/Target/usbh_conf.o
                0x08009c82                USBH_LL_OpenPipe
 .text.USBH_LL_ClosePipe
                0x08009ce0       0x1a ./USB_HOST/Target/usbh_conf.o
                0x08009ce0                USBH_LL_ClosePipe
 .text.USBH_LL_SubmitURB
                0x08009cfa       0x62 ./USB_HOST/Target/usbh_conf.o
                0x08009cfa                USBH_LL_SubmitURB
 .text.USBH_LL_GetURBState
                0x08009d5c       0x26 ./USB_HOST/Target/usbh_conf.o
                0x08009d5c                USBH_LL_GetURBState
 .text.USBH_LL_DriverVBUS
                0x08009d82       0x2e ./USB_HOST/Target/usbh_conf.o
                0x08009d82                USBH_LL_DriverVBUS
 .text.USBH_LL_SetToggle
                0x08009db0       0x66 ./USB_HOST/Target/usbh_conf.o
                0x08009db0                USBH_LL_SetToggle
 .text.USBH_Delay
                0x08009e16       0x16 ./USB_HOST/Target/usbh_conf.o
                0x08009e16                USBH_Delay
 .text.USBH_Get_USB_Status
                0x08009e2c       0x58 ./USB_HOST/Target/usbh_conf.o
                0x08009e2c                USBH_Get_USB_Status
 .text.MX_DriverVbusFS
                0x08009e84       0x38 ./USB_HOST/Target/usbh_platform.o
                0x08009e84                MX_DriverVbusFS
 .text.malloc   0x08009ebc       0x10 /Applications/STM32CubeIDE.app/Contents/Eclipse/plugins/com.st.stm32cube.ide.mcu.externaltools.gnu-tools-for-stm32.13.3.rel1.macos64_1.0.0.202411102158/tools/bin/../lib/gcc/arm-none-eabi/13.3.1/../../../../arm-none-eabi/lib/thumb/v7e-m+fp/hard/libc_nano.a(libc_a-malloc.o)
                0x08009ebc                malloc
 .text.free     0x08009ecc       0x10 /Applications/STM32CubeIDE.app/Contents/Eclipse/plugins/com.st.stm32cube.ide.mcu.externaltools.gnu-tools-for-stm32.13.3.rel1.macos64_1.0.0.202411102158/tools/bin/../lib/gcc/arm-none-eabi/13.3.1/../../../../arm-none-eabi/lib/thumb/v7e-m+fp/hard/libc_nano.a(libc_a-malloc.o)
                0x08009ecc                free
 .text.sbrk_aligned
                0x08009edc       0x44 /Applications/STM32CubeIDE.app/Contents/Eclipse/plugins/com.st.stm32cube.ide.mcu.externaltools.gnu-tools-for-stm32.13.3.rel1.macos64_1.0.0.202411102158/tools/bin/../lib/gcc/arm-none-eabi/13.3.1/../../../../arm-none-eabi/lib/thumb/v7e-m+fp/hard/libc_nano.a(libc_a-mallocr.o)
 .text._malloc_r
                0x08009f20      0x100 /Applications/STM32CubeIDE.app/Contents/Eclipse/plugins/com.st.stm32cube.ide.mcu.externaltools.gnu-tools-for-stm32.13.3.rel1.macos64_1.0.0.202411102158/tools/bin/../lib/gcc/arm-none-eabi/13.3.1/../../../../arm-none-eabi/lib/thumb/v7e-m+fp/hard/libc_nano.a(libc_a-mallocr.o)
                0x08009f20                _malloc_r
 .text.__malloc_lock
                0x0800a020        0xc /Applications/STM32CubeIDE.app/Contents/Eclipse/plugins/com.st.stm32cube.ide.mcu.externaltools.gnu-tools-for-stm32.13.3.rel1.macos64_1.0.0.202411102158/tools/bin/../lib/gcc/arm-none-eabi/13.3.1/../../../../arm-none-eabi/lib/thumb/v7e-m+fp/hard/libc_nano.a(libc_a-mlock.o)
                0x0800a020                __malloc_lock
 .text.__malloc_unlock
                0x0800a02c        0xc /Applications/STM32CubeIDE.app/Contents/Eclipse/plugins/com.st.stm32cube.ide.mcu.externaltools.gnu-tools-for-stm32.13.3.rel1.macos64_1.0.0.202411102158/tools/bin/../lib/gcc/arm-none-eabi/13.3.1/../../../../arm-none-eabi/lib/thumb/v7e-m+fp/hard/libc_nano.a(libc_a-mlock.o)
                0x0800a02c                __malloc_unlock
 .text.memset   0x0800a038       0x10 /Applications/STM32CubeIDE.app/Contents/Eclipse/plugins/com.st.stm32cube.ide.mcu.externaltools.gnu-tools-for-stm32.13.3.rel1.macos64_1.0.0.202411102158/tools/bin/../lib/gcc/arm-none-eabi/13.3.1/../../../../arm-none-eabi/lib/thumb/v7e-m+fp/hard/libc_nano.a(libc_a-memset.o)
                0x0800a038                memset
 .text._sbrk_r  0x0800a048       0x20 /Applications/STM32CubeIDE.app/Contents/Eclipse/plugins/com.st.stm32cube.ide.mcu.externaltools.gnu-tools-for-stm32.13.3.rel1.macos64_1.0.0.202411102158/tools/bin/../lib/gcc/arm-none-eabi/13.3.1/../../../../arm-none-eabi/lib/thumb/v7e-m+fp/hard/libc_nano.a(libc_a-sbrkr.o)
                0x0800a048                _sbrk_r
 .text.__errno  0x0800a068        0xc /Applications/STM32CubeIDE.app/Contents/Eclipse/plugins/com.st.stm32cube.ide.mcu.externaltools.gnu-tools-for-stm32.13.3.rel1.macos64_1.0.0.202411102158/tools/bin/../lib/gcc/arm-none-eabi/13.3.1/../../../../arm-none-eabi/lib/thumb/v7e-m+fp/hard/libc_nano.a(libc_a-errno.o)
                0x0800a068                __errno
 .text.__libc_init_array
                0x0800a074       0x48 /Applications/STM32CubeIDE.app/Contents/Eclipse/plugins/com.st.stm32cube.ide.mcu.externaltools.gnu-tools-for-stm32.13.3.rel1.macos64_1.0.0.202411102158/tools/bin/../lib/gcc/arm-none-eabi/13.3.1/../../../../arm-none-eabi/lib/thumb/v7e-m+fp/hard/libc_nano.a(libc_a-init.o)
                0x0800a074                __libc_init_array
 .text.__retarget_lock_acquire_recursive
                0x0800a0bc        0x2 /Applications/STM32CubeIDE.app/Contents/Eclipse/plugins/com.st.stm32cube.ide.mcu.externaltools.gnu-tools-for-stm32.13.3.rel1.macos64_1.0.0.202411102158/tools/bin/../lib/gcc/arm-none-eabi/13.3.1/../../../../arm-none-eabi/lib/thumb/v7e-m+fp/hard/libc_nano.a(libc_a-lock.o)
                0x0800a0bc                __retarget_lock_acquire_recursive
 .text.__retarget_lock_release_recursive
                0x0800a0be        0x2 /Applications/STM32CubeIDE.app/Contents/Eclipse/plugins/com.st.stm32cube.ide.mcu.externaltools.gnu-tools-for-stm32.13.3.rel1.macos64_1.0.0.202411102158/tools/bin/../lib/gcc/arm-none-eabi/13.3.1/../../../../arm-none-eabi/lib/thumb/v7e-m+fp/hard/libc_nano.a(libc_a-lock.o)
                0x0800a0be                __retarget_lock_release_recursive
 .text._free_r  0x0800a0c0       0x94 /Applications/STM32CubeIDE.app/Contents/Eclipse/plugins/com.st.stm32cube.ide.mcu.externaltools.gnu-tools-for-stm32.13.3.rel1.macos64_1.0.0.202411102158/tools/bin/../lib/gcc/arm-none-eabi/13.3.1/../../../../arm-none-eabi/lib/thumb/v7e-m+fp/hard/libc_nano.a(libc_a-freer.o)
                0x0800a0c0                _free_r
 *(.glue_7)
 .glue_7        0x0800a154        0x0 linker stubs
 *(.glue_7t)
 .glue_7t       0x0800a154        0x0 linker stubs
 *(.eh_frame)
 .eh_frame      0x0800a154        0x0 /Applications/STM32CubeIDE.app/Contents/Eclipse/plugins/com.st.stm32cube.ide.mcu.externaltools.gnu-tools-for-stm32.13.3.rel1.macos64_1.0.0.202411102158/tools/bin/../lib/gcc/arm-none-eabi/13.3.1/thumb/v7e-m+fp/hard/crtbegin.o
 *(.init)
 .init          0x0800a154        0x4 /Applications/STM32CubeIDE.app/Contents/Eclipse/plugins/com.st.stm32cube.ide.mcu.externaltools.gnu-tools-for-stm32.13.3.rel1.macos64_1.0.0.202411102158/tools/bin/../lib/gcc/arm-none-eabi/13.3.1/thumb/v7e-m+fp/hard/crti.o
                0x0800a154                _init
 .init          0x0800a158        0x8 /Applications/STM32CubeIDE.app/Contents/Eclipse/plugins/com.st.stm32cube.ide.mcu.externaltools.gnu-tools-for-stm32.13.3.rel1.macos64_1.0.0.202411102158/tools/bin/../lib/gcc/arm-none-eabi/13.3.1/thumb/v7e-m+fp/hard/crtn.o
 *(.fini)
 .fini          0x0800a160        0x4 /Applications/STM32CubeIDE.app/Contents/Eclipse/plugins/com.st.stm32cube.ide.mcu.externaltools.gnu-tools-for-stm32.13.3.rel1.macos64_1.0.0.202411102158/tools/bin/../lib/gcc/arm-none-eabi/13.3.1/thumb/v7e-m+fp/hard/crti.o
                0x0800a160                _fini
 .fini          0x0800a164        0x8 /Applications/STM32CubeIDE.app/Contents/Eclipse/plugins/com.st.stm32cube.ide.mcu.externaltools.gnu-tools-for-stm32.13.3.rel1.macos64_1.0.0.202411102158/tools/bin/../lib/gcc/arm-none-eabi/13.3.1/thumb/v7e-m+fp/hard/crtn.o
                0x0800a16c                        . = ALIGN (0x4)
                0x0800a16c                        _etext = .

.vfp11_veneer   0x0800a16c        0x0
 .vfp11_veneer  0x0800a16c        0x0 linker stubs

.v4_bx          0x0800a16c        0x0
 .v4_bx         0x0800a16c        0x0 linker stubs

.iplt           0x0800a16c        0x0
 .iplt          0x0800a16c        0x0 /Applications/STM32CubeIDE.app/Contents/Eclipse/plugins/com.st.stm32cube.ide.mcu.externaltools.gnu-tools-for-stm32.13.3.rel1.macos64_1.0.0.202411102158/tools/bin/../lib/gcc/arm-none-eabi/13.3.1/thumb/v7e-m+fp/hard/crtbegin.o

.rodata         0x0800a16c       0x1c
                0x0800a16c                        . = ALIGN (0x4)
 *(.rodata)
 .rodata        0x0800a16c        0x4 ./Middlewares/ST/STM32_USB_Host_Library/Class/CDC/Src/usbh_cdc.o
 *(.rodata*)
 .rodata.AHBPrescTable
                0x0800a170       0x10 ./Core/Src/system_stm32f4xx.o
                0x0800a170                AHBPrescTable
 .rodata.APBPrescTable
                0x0800a180        0x8 ./Core/Src/system_stm32f4xx.o
                0x0800a180                APBPrescTable
                0x0800a188                        . = ALIGN (0x4)

.ARM.extab      0x0800a188        0x0
                0x0800a188                        . = ALIGN (0x4)
 *(.ARM.extab* .gnu.linkonce.armextab.*)
                0x0800a188                        . = ALIGN (0x4)

.ARM            0x0800a188        0x8
                0x0800a188                        . = ALIGN (0x4)
                0x0800a188                        __exidx_start = .
 *(.ARM.exidx*)
 .ARM.exidx     0x0800a188        0x8 /Applications/STM32CubeIDE.app/Contents/Eclipse/plugins/com.st.stm32cube.ide.mcu.externaltools.gnu-tools-for-stm32.13.3.rel1.macos64_1.0.0.202411102158/tools/bin/../lib/gcc/arm-none-eabi/13.3.1/thumb/v7e-m+fp/hard/libgcc.a(_udivmoddi4.o)
                0x0800a190                        __exidx_end = .
                0x0800a190                        . = ALIGN (0x4)

.preinit_array  0x0800a190        0x0
                0x0800a190                        . = ALIGN (0x4)
                0x0800a190                        PROVIDE (__preinit_array_start = .)
 *(.preinit_array*)
                0x0800a190                        PROVIDE (__preinit_array_end = .)
                0x0800a190                        . = ALIGN (0x4)

.init_array     0x0800a190        0x4
                0x0800a190                        . = ALIGN (0x4)
                0x0800a190                        PROVIDE (__init_array_start = .)
 *(SORT_BY_NAME(.init_array.*))
 *(.init_array*)
 .init_array    0x0800a190        0x4 /Applications/STM32CubeIDE.app/Contents/Eclipse/plugins/com.st.stm32cube.ide.mcu.externaltools.gnu-tools-for-stm32.13.3.rel1.macos64_1.0.0.202411102158/tools/bin/../lib/gcc/arm-none-eabi/13.3.1/thumb/v7e-m+fp/hard/crtbegin.o
                0x0800a194                        PROVIDE (__init_array_end = .)
                0x0800a194                        . = ALIGN (0x4)

.fini_array     0x0800a194        0x4
                0x0800a194                        . = ALIGN (0x4)
                [!provide]                        PROVIDE (__fini_array_start = .)
 *(SORT_BY_NAME(.fini_array.*))
 *(.fini_array*)
 .fini_array    0x0800a194        0x4 /Applications/STM32CubeIDE.app/Contents/Eclipse/plugins/com.st.stm32cube.ide.mcu.externaltools.gnu-tools-for-stm32.13.3.rel1.macos64_1.0.0.202411102158/tools/bin/../lib/gcc/arm-none-eabi/13.3.1/thumb/v7e-m+fp/hard/crtbegin.o
                [!provide]                        PROVIDE (__fini_array_end = .)
                0x0800a198                        . = ALIGN (0x4)
                0x0800a198                        _sidata = LOADADDR (.data)

.rel.dyn        0x0800a198        0x0
 .rel.iplt      0x0800a198        0x0 /Applications/STM32CubeIDE.app/Contents/Eclipse/plugins/com.st.stm32cube.ide.mcu.externaltools.gnu-tools-for-stm32.13.3.rel1.macos64_1.0.0.202411102158/tools/bin/../lib/gcc/arm-none-eabi/13.3.1/thumb/v7e-m+fp/hard/crtbegin.o

.data           0x20000000      0x65c load address 0x0800a198
                0x20000000                        . = ALIGN (0x4)
                0x20000000                        _sdata = .
 *(.data)
 *(.data*)
 .data.ucFontSystem3x6
                0x20000000       0xc3 ./Core/Src/GLcd.o
                0x20000000                ucFontSystem3x6
 *fill*         0x200000c3        0x1 
 .data.ucFontSystem5x8
                0x200000c4      0x1e5 ./Core/Src/GLcd.o
                0x200000c4                ucFontSystem5x8
 *fill*         0x200002a9        0x3 
 .data.ucFontSystem7x8
                0x200002ac      0x2a7 ./Core/Src/GLcd.o
                0x200002ac                ucFontSystem7x8
 *fill*         0x20000553        0x1 
 .data.SystemCoreClock
                0x20000554        0x4 ./Core/Src/system_stm32f4xx.o
                0x20000554                SystemCoreClock
 .data.base_affichage
                0x20000558       0x8a ./Core/Src/Processus/processus_Affichage.o
                0x20000558                base_affichage
 *fill*         0x200005e2        0x2 
 .data.uwTickPrio
                0x200005e4        0x4 ./Drivers/STM32F4xx_HAL_Driver/Src/stm32f4xx_hal.o
                0x200005e4                uwTickPrio
 .data.uwTickFreq
                0x200005e8        0x1 ./Drivers/STM32F4xx_HAL_Driver/Src/stm32f4xx_hal.o
                0x200005e8                uwTickFreq
 *fill*         0x200005e9        0x3 
 .data.CDC_Class
                0x200005ec       0x20 ./Middlewares/ST/STM32_USB_Host_Library/Class/CDC/Src/usbh_cdc.o
                0x200005ec                CDC_Class
 .data._impure_ptr
                0x2000060c        0x4 /Applications/STM32CubeIDE.app/Contents/Eclipse/plugins/com.st.stm32cube.ide.mcu.externaltools.gnu-tools-for-stm32.13.3.rel1.macos64_1.0.0.202411102158/tools/bin/../lib/gcc/arm-none-eabi/13.3.1/../../../../arm-none-eabi/lib/thumb/v7e-m+fp/hard/libc_nano.a(libc_a-impure.o)
                0x2000060c                _impure_ptr
 .data._impure_data
                0x20000610       0x4c /Applications/STM32CubeIDE.app/Contents/Eclipse/plugins/com.st.stm32cube.ide.mcu.externaltools.gnu-tools-for-stm32.13.3.rel1.macos64_1.0.0.202411102158/tools/bin/../lib/gcc/arm-none-eabi/13.3.1/../../../../arm-none-eabi/lib/thumb/v7e-m+fp/hard/libc_nano.a(libc_a-impure.o)
                0x20000610                _impure_data
 *(.RamFunc)
 *(.RamFunc*)
                0x2000065c                        . = ALIGN (0x4)
                0x2000065c                        _edata = .
                0x0800a7f4                        _siccmram = LOADADDR (.ccmram)

.igot.plt       0x2000065c        0x0 load address 0x0800a7f4
 .igot.plt      0x2000065c        0x0 /Applications/STM32CubeIDE.app/Contents/Eclipse/plugins/com.st.stm32cube.ide.mcu.externaltools.gnu-tools-for-stm32.13.3.rel1.macos64_1.0.0.202411102158/tools/bin/../lib/gcc/arm-none-eabi/13.3.1/thumb/v7e-m+fp/hard/crtbegin.o

.ccmram         0x10000000        0x0 load address 0x0800a7f4
                0x10000000                        . = ALIGN (0x4)
                0x10000000                        _sccmram = .
 *(.ccmram)
 *(.ccmram*)
                0x10000000                        . = ALIGN (0x4)
                0x10000000                        _eccmram = .
                0x10000000                        . = ALIGN (0x4)

.bss            0x2000065c      0xa08
                0x2000065c                        _sbss = .
                0x2000065c                        __bss_start__ = _sbss
 *(.bss)
 .bss           0x2000065c       0x1c /Applications/STM32CubeIDE.app/Contents/Eclipse/plugins/com.st.stm32cube.ide.mcu.externaltools.gnu-tools-for-stm32.13.3.rel1.macos64_1.0.0.202411102158/tools/bin/../lib/gcc/arm-none-eabi/13.3.1/thumb/v7e-m+fp/hard/crtbegin.o
 *(.bss*)
 .bss.hcan1     0x20000678       0x28 ./Core/Src/main.o
                0x20000678                hcan1
 .bss.hi2c1     0x200006a0       0x54 ./Core/Src/main.o
                0x200006a0                hi2c1
 .bss.htim14    0x200006f4       0x48 ./Core/Src/main.o
                0x200006f4                htim14
 .bss.__sbrk_heap_end
                0x2000073c        0x4 ./Core/Src/sysmem.o
 .bss.interfacePCF8574
                0x20000740        0x6 ./Core/Src/Interfaces/interface_PCF8574.o
                0x20000740                interfacePCF8574
 .bss.temp1.2   0x20000746        0x1 ./Core/Src/Interfaces/interface_PCF8574.o
 .bss.temp2.1   0x20000747        0x1 ./Core/Src/Interfaces/interface_PCF8574.o
 .bss.temp3.0   0x20000748        0x1 ./Core/Src/Interfaces/interface_PCF8574.o
 *fill*         0x20000749        0x3 
 .bss.piloteTimer14_execute
                0x2000074c        0x4 ./Core/Src/Pilotes/pilote_Timer14.o
                0x2000074c                piloteTimer14_execute
 .bss.serviceBaseDeTemps_execute
                0x20000750        0xc ./Core/Src/Services/ServiceBaseTemps.o
                0x20000750                serviceBaseDeTemps_execute
 .bss.uwTick    0x2000075c        0x4 ./Drivers/STM32F4xx_HAL_Driver/Src/stm32f4xx_hal.o
                0x2000075c                uwTick
 .bss.hUsbHostFS
                0x20000760      0x3d8 ./USB_HOST/App/usb_host.o
                0x20000760                hUsbHostFS
 .bss.Appli_state
                0x20000b38        0x1 ./USB_HOST/App/usb_host.o
                0x20000b38                Appli_state
 *fill*         0x20000b39        0x3 
 .bss.hhcd_USB_OTG_FS
                0x20000b3c      0x3e0 ./USB_HOST/Target/usbh_conf.o
                0x20000b3c                hhcd_USB_OTG_FS
 .bss.__malloc_sbrk_start
                0x20000f1c        0x4 /Applications/STM32CubeIDE.app/Contents/Eclipse/plugins/com.st.stm32cube.ide.mcu.externaltools.gnu-tools-for-stm32.13.3.rel1.macos64_1.0.0.202411102158/tools/bin/../lib/gcc/arm-none-eabi/13.3.1/../../../../arm-none-eabi/lib/thumb/v7e-m+fp/hard/libc_nano.a(libc_a-mallocr.o)
                0x20000f1c                __malloc_sbrk_start
 .bss.__malloc_free_list
                0x20000f20        0x4 /Applications/STM32CubeIDE.app/Contents/Eclipse/plugins/com.st.stm32cube.ide.mcu.externaltools.gnu-tools-for-stm32.13.3.rel1.macos64_1.0.0.202411102158/tools/bin/../lib/gcc/arm-none-eabi/13.3.1/../../../../arm-none-eabi/lib/thumb/v7e-m+fp/hard/libc_nano.a(libc_a-mallocr.o)
                0x20000f20                __malloc_free_list
 .bss.__sf      0x20000f24      0x138 /Applications/STM32CubeIDE.app/Contents/Eclipse/plugins/com.st.stm32cube.ide.mcu.externaltools.gnu-tools-for-stm32.13.3.rel1.macos64_1.0.0.202411102158/tools/bin/../lib/gcc/arm-none-eabi/13.3.1/../../../../arm-none-eabi/lib/thumb/v7e-m+fp/hard/libc_nano.a(libc_a-findfp.o)
                0x20000f24                __sf
 .bss.__lock___malloc_recursive_mutex
                0x2000105c        0x1 /Applications/STM32CubeIDE.app/Contents/Eclipse/plugins/com.st.stm32cube.ide.mcu.externaltools.gnu-tools-for-stm32.13.3.rel1.macos64_1.0.0.202411102158/tools/bin/../lib/gcc/arm-none-eabi/13.3.1/../../../../arm-none-eabi/lib/thumb/v7e-m+fp/hard/libc_nano.a(libc_a-lock.o)
                0x2000105c                __lock___malloc_recursive_mutex
 *fill*         0x2000105d        0x3 
 .bss.errno     0x20001060        0x4 /Applications/STM32CubeIDE.app/Contents/Eclipse/plugins/com.st.stm32cube.ide.mcu.externaltools.gnu-tools-for-stm32.13.3.rel1.macos64_1.0.0.202411102158/tools/bin/../lib/gcc/arm-none-eabi/13.3.1/../../../../arm-none-eabi/lib/thumb/v7e-m+fp/hard/libc_nano.a(libc_a-reent.o)
                0x20001060                errno
 *(COMMON)
                0x20001064                        . = ALIGN (0x4)
                0x20001064                        _ebss = .
                0x20001064                        __bss_end__ = _ebss

._user_heap_stack
                0x20001064      0x604
                0x20001068                        . = ALIGN (0x8)
 *fill*         0x20001064        0x4 
                [!provide]                        PROVIDE (end = .)
                0x20001068                        PROVIDE (_end = .)
                0x20001268                        . = (. + _Min_Heap_Size)
 *fill*         0x20001068      0x200 
                0x20001668                        . = (. + _Min_Stack_Size)
 *fill*         0x20001268      0x400 
                0x20001668                        . = ALIGN (0x8)

/DISCARD/
 libc.a(*)
 libm.a(*)
 libgcc.a(*)

.ARM.attributes
                0x00000000       0x30
 *(.ARM.attributes)
 .ARM.attributes
                0x00000000       0x22 /Applications/STM32CubeIDE.app/Contents/Eclipse/plugins/com.st.stm32cube.ide.mcu.externaltools.gnu-tools-for-stm32.13.3.rel1.macos64_1.0.0.202411102158/tools/bin/../lib/gcc/arm-none-eabi/13.3.1/thumb/v7e-m+fp/hard/crti.o
 .ARM.attributes
                0x00000022       0x34 /Applications/STM32CubeIDE.app/Contents/Eclipse/plugins/com.st.stm32cube.ide.mcu.externaltools.gnu-tools-for-stm32.13.3.rel1.macos64_1.0.0.202411102158/tools/bin/../lib/gcc/arm-none-eabi/13.3.1/thumb/v7e-m+fp/hard/crtbegin.o
 .ARM.attributes
                0x00000056       0x34 ./Core/Src/GLcd.o
 .ARM.attributes
                0x0000008a       0x34 ./Core/Src/IO_BUS.o
 .ARM.attributes
                0x000000be       0x34 ./Core/Src/main.o
 .ARM.attributes
                0x000000f2       0x34 ./Core/Src/stm32f4xx_hal_msp.o
 .ARM.attributes
                0x00000126       0x34 ./Core/Src/stm32f4xx_it.o
 .ARM.attributes
                0x0000015a       0x34 ./Core/Src/sysmem.o
 .ARM.attributes
                0x0000018e       0x34 ./Core/Src/system_stm32f4xx.o
 .ARM.attributes
                0x000001c2       0x34 ./Core/Src/Interfaces/interface_PCF8574.o
 .ARM.attributes
                0x000001f6       0x34 ./Core/Src/Pilotes/pilote_Timer14.o
 .ARM.attributes
                0x0000022a       0x34 ./Core/Src/Processus/processusEntreesNumeriques.o
 .ARM.attributes
                0x0000025e       0x34 ./Core/Src/Processus/processusSortiesNumeriques.o
 .ARM.attributes
                0x00000292       0x34 ./Core/Src/Processus/processus_Affichage.o
 .ARM.attributes
                0x000002c6       0x34 ./Core/Src/Services/ServiceBaseTemps.o
 .ARM.attributes
                0x000002fa       0x21 ./Core/Startup/startup_stm32f407vgtx.o
 .ARM.attributes
                0x0000031b       0x34 ./Drivers/STM32F4xx_HAL_Driver/Src/stm32f4xx_hal.o
 .ARM.attributes
                0x0000034f       0x34 ./Drivers/STM32F4xx_HAL_Driver/Src/stm32f4xx_hal_can.o
 .ARM.attributes
                0x00000383       0x34 ./Drivers/STM32F4xx_HAL_Driver/Src/stm32f4xx_hal_cortex.o
 .ARM.attributes
                0x000003b7       0x34 ./Drivers/STM32F4xx_HAL_Driver/Src/stm32f4xx_hal_gpio.o
 .ARM.attributes
                0x000003eb       0x34 ./Drivers/STM32F4xx_HAL_Driver/Src/stm32f4xx_hal_hcd.o
 .ARM.attributes
                0x0000041f       0x34 ./Drivers/STM32F4xx_HAL_Driver/Src/stm32f4xx_hal_i2c.o
 .ARM.attributes
                0x00000453       0x34 ./Drivers/STM32F4xx_HAL_Driver/Src/stm32f4xx_hal_rcc.o
 .ARM.attributes
                0x00000487       0x34 ./Drivers/STM32F4xx_HAL_Driver/Src/stm32f4xx_hal_tim.o
 .ARM.attributes
                0x000004bb       0x34 ./Drivers/STM32F4xx_HAL_Driver/Src/stm32f4xx_hal_tim_ex.o
 .ARM.attributes
                0x000004ef       0x34 ./Drivers/STM32F4xx_HAL_Driver/Src/stm32f4xx_ll_usb.o
 .ARM.attributes
                0x00000523       0x34 ./Middlewares/ST/STM32_USB_Host_Library/Class/CDC/Src/usbh_cdc.o
 .ARM.attributes
                0x00000557       0x34 ./Middlewares/ST/STM32_USB_Host_Library/Core/Src/usbh_core.o
 .ARM.attributes
                0x0000058b       0x34 ./Middlewares/ST/STM32_USB_Host_Library/Core/Src/usbh_ctlreq.o
 .ARM.attributes
                0x000005bf       0x34 ./Middlewares/ST/STM32_USB_Host_Library/Core/Src/usbh_ioreq.o
 .ARM.attributes
                0x000005f3       0x34 ./Middlewares/ST/STM32_USB_Host_Library/Core/Src/usbh_pipes.o
 .ARM.attributes
                0x00000627       0x34 ./USB_HOST/App/usb_host.o
 .ARM.attributes
                0x0000065b       0x34 ./USB_HOST/Target/usbh_conf.o
 .ARM.attributes
                0x0000068f       0x34 ./USB_HOST/Target/usbh_platform.o
 .ARM.attributes
                0x000006c3       0x34 /Applications/STM32CubeIDE.app/Contents/Eclipse/plugins/com.st.stm32cube.ide.mcu.externaltools.gnu-tools-for-stm32.13.3.rel1.macos64_1.0.0.202411102158/tools/bin/../lib/gcc/arm-none-eabi/13.3.1/../../../../arm-none-eabi/lib/thumb/v7e-m+fp/hard/libc_nano.a(libc_a-malloc.o)
 .ARM.attributes
                0x000006f7       0x34 /Applications/STM32CubeIDE.app/Contents/Eclipse/plugins/com.st.stm32cube.ide.mcu.externaltools.gnu-tools-for-stm32.13.3.rel1.macos64_1.0.0.202411102158/tools/bin/../lib/gcc/arm-none-eabi/13.3.1/../../../../arm-none-eabi/lib/thumb/v7e-m+fp/hard/libc_nano.a(libc_a-mallocr.o)
 .ARM.attributes
                0x0000072b       0x34 /Applications/STM32CubeIDE.app/Contents/Eclipse/plugins/com.st.stm32cube.ide.mcu.externaltools.gnu-tools-for-stm32.13.3.rel1.macos64_1.0.0.202411102158/tools/bin/../lib/gcc/arm-none-eabi/13.3.1/../../../../arm-none-eabi/lib/thumb/v7e-m+fp/hard/libc_nano.a(libc_a-mlock.o)
 .ARM.attributes
                0x0000075f       0x34 /Applications/STM32CubeIDE.app/Contents/Eclipse/plugins/com.st.stm32cube.ide.mcu.externaltools.gnu-tools-for-stm32.13.3.rel1.macos64_1.0.0.202411102158/tools/bin/../lib/gcc/arm-none-eabi/13.3.1/../../../../arm-none-eabi/lib/thumb/v7e-m+fp/hard/libc_nano.a(libc_a-findfp.o)
 .ARM.attributes
                0x00000793       0x34 /Applications/STM32CubeIDE.app/Contents/Eclipse/plugins/com.st.stm32cube.ide.mcu.externaltools.gnu-tools-for-stm32.13.3.rel1.macos64_1.0.0.202411102158/tools/bin/../lib/gcc/arm-none-eabi/13.3.1/../../../../arm-none-eabi/lib/thumb/v7e-m+fp/hard/libc_nano.a(libc_a-memset.o)
 .ARM.attributes
                0x000007c7       0x34 /Applications/STM32CubeIDE.app/Contents/Eclipse/plugins/com.st.stm32cube.ide.mcu.externaltools.gnu-tools-for-stm32.13.3.rel1.macos64_1.0.0.202411102158/tools/bin/../lib/gcc/arm-none-eabi/13.3.1/../../../../arm-none-eabi/lib/thumb/v7e-m+fp/hard/libc_nano.a(libc_a-sbrkr.o)
 .ARM.attributes
                0x000007fb       0x34 /Applications/STM32CubeIDE.app/Contents/Eclipse/plugins/com.st.stm32cube.ide.mcu.externaltools.gnu-tools-for-stm32.13.3.rel1.macos64_1.0.0.202411102158/tools/bin/../lib/gcc/arm-none-eabi/13.3.1/../../../../arm-none-eabi/lib/thumb/v7e-m+fp/hard/libc_nano.a(libc_a-errno.o)
 .ARM.attributes
                0x0000082f       0x34 /Applications/STM32CubeIDE.app/Contents/Eclipse/plugins/com.st.stm32cube.ide.mcu.externaltools.gnu-tools-for-stm32.13.3.rel1.macos64_1.0.0.202411102158/tools/bin/../lib/gcc/arm-none-eabi/13.3.1/../../../../arm-none-eabi/lib/thumb/v7e-m+fp/hard/libc_nano.a(libc_a-init.o)
 .ARM.attributes
                0x00000863       0x34 /Applications/STM32CubeIDE.app/Contents/Eclipse/plugins/com.st.stm32cube.ide.mcu.externaltools.gnu-tools-for-stm32.13.3.rel1.macos64_1.0.0.202411102158/tools/bin/../lib/gcc/arm-none-eabi/13.3.1/../../../../arm-none-eabi/lib/thumb/v7e-m+fp/hard/libc_nano.a(libc_a-lock.o)
 .ARM.attributes
                0x00000897       0x34 /Applications/STM32CubeIDE.app/Contents/Eclipse/plugins/com.st.stm32cube.ide.mcu.externaltools.gnu-tools-for-stm32.13.3.rel1.macos64_1.0.0.202411102158/tools/bin/../lib/gcc/arm-none-eabi/13.3.1/../../../../arm-none-eabi/lib/thumb/v7e-m+fp/hard/libc_nano.a(libc_a-reent.o)
 .ARM.attributes
                0x000008cb       0x34 /Applications/STM32CubeIDE.app/Contents/Eclipse/plugins/com.st.stm32cube.ide.mcu.externaltools.gnu-tools-for-stm32.13.3.rel1.macos64_1.0.0.202411102158/tools/bin/../lib/gcc/arm-none-eabi/13.3.1/../../../../arm-none-eabi/lib/thumb/v7e-m+fp/hard/libc_nano.a(libc_a-impure.o)
 .ARM.attributes
                0x000008ff       0x34 /Applications/STM32CubeIDE.app/Contents/Eclipse/plugins/com.st.stm32cube.ide.mcu.externaltools.gnu-tools-for-stm32.13.3.rel1.macos64_1.0.0.202411102158/tools/bin/../lib/gcc/arm-none-eabi/13.3.1/../../../../arm-none-eabi/lib/thumb/v7e-m+fp/hard/libc_nano.a(libc_a-freer.o)
 .ARM.attributes
                0x00000933       0x22 /Applications/STM32CubeIDE.app/Contents/Eclipse/plugins/com.st.stm32cube.ide.mcu.externaltools.gnu-tools-for-stm32.13.3.rel1.macos64_1.0.0.202411102158/tools/bin/../lib/gcc/arm-none-eabi/13.3.1/thumb/v7e-m+fp/hard/libgcc.a(_aeabi_uldivmod.o)
 .ARM.attributes
                0x00000955       0x34 /Applications/STM32CubeIDE.app/Contents/Eclipse/plugins/com.st.stm32cube.ide.mcu.externaltools.gnu-tools-for-stm32.13.3.rel1.macos64_1.0.0.202411102158/tools/bin/../lib/gcc/arm-none-eabi/13.3.1/thumb/v7e-m+fp/hard/libgcc.a(_udivmoddi4.o)
 .ARM.attributes
                0x00000989       0x22 /Applications/STM32CubeIDE.app/Contents/Eclipse/plugins/com.st.stm32cube.ide.mcu.externaltools.gnu-tools-for-stm32.13.3.rel1.macos64_1.0.0.202411102158/tools/bin/../lib/gcc/arm-none-eabi/13.3.1/thumb/v7e-m+fp/hard/libgcc.a(_dvmd_tls.o)
 .ARM.attributes
                0x000009ab       0x22 /Applications/STM32CubeIDE.app/Contents/Eclipse/plugins/com.st.stm32cube.ide.mcu.externaltools.gnu-tools-for-stm32.13.3.rel1.macos64_1.0.0.202411102158/tools/bin/../lib/gcc/arm-none-eabi/13.3.1/thumb/v7e-m+fp/hard/crtn.o
OUTPUT(ProjetA25_CentreDeTri.elf elf32-littlearm)
LOAD linker stubs
LOAD /Applications/STM32CubeIDE.app/Contents/Eclipse/plugins/com.st.stm32cube.ide.mcu.externaltools.gnu-tools-for-stm32.13.3.rel1.macos64_1.0.0.202411102158/tools/bin/../lib/gcc/arm-none-eabi/13.3.1/../../../../arm-none-eabi/lib/thumb/v7e-m+fp/hard/libc.a
LOAD /Applications/STM32CubeIDE.app/Contents/Eclipse/plugins/com.st.stm32cube.ide.mcu.externaltools.gnu-tools-for-stm32.13.3.rel1.macos64_1.0.0.202411102158/tools/bin/../lib/gcc/arm-none-eabi/13.3.1/../../../../arm-none-eabi/lib/thumb/v7e-m+fp/hard/libm.a
LOAD /Applications/STM32CubeIDE.app/Contents/Eclipse/plugins/com.st.stm32cube.ide.mcu.externaltools.gnu-tools-for-stm32.13.3.rel1.macos64_1.0.0.202411102158/tools/bin/../lib/gcc/arm-none-eabi/13.3.1/thumb/v7e-m+fp/hard/libgcc.a

.debug_info     0x00000000    0x19014
 .debug_info    0x00000000      0x583 ./Core/Src/GLcd.o
 .debug_info    0x00000583      0x431 ./Core/Src/IO_BUS.o
 .debug_info    0x000009b4     0x142f ./Core/Src/main.o
 .debug_info    0x00001de3     0x13de ./Core/Src/stm32f4xx_hal_msp.o
 .debug_info    0x000031c1      0xc3b ./Core/Src/stm32f4xx_it.o
 .debug_info    0x00003dfc      0x168 ./Core/Src/sysmem.o
 .debug_info    0x00003f64      0x512 ./Core/Src/system_stm32f4xx.o
 .debug_info    0x00004476      0x751 ./Core/Src/Interfaces/interface_PCF8574.o
 .debug_info    0x00004bc7      0x6db ./Core/Src/Pilotes/pilote_Timer14.o
 .debug_info    0x000052a2       0xc7 ./Core/Src/Processus/processusEntreesNumeriques.o
 .debug_info    0x00005369      0x143 ./Core/Src/Processus/processusSortiesNumeriques.o
 .debug_info    0x000054ac      0x3be ./Core/Src/Processus/processus_Affichage.o
 .debug_info    0x0000586a       0xf9 ./Core/Src/Services/ServiceBaseTemps.o
 .debug_info    0x00005963       0x30 ./Core/Startup/startup_stm32f407vgtx.o
 .debug_info    0x00005993      0x944 ./Drivers/STM32F4xx_HAL_Driver/Src/stm32f4xx_hal.o
 .debug_info    0x000062d7      0xf49 ./Drivers/STM32F4xx_HAL_Driver/Src/stm32f4xx_hal_can.o
 .debug_info    0x00007220      0xd8c ./Drivers/STM32F4xx_HAL_Driver/Src/stm32f4xx_hal_cortex.o
 .debug_info    0x00007fac      0x6c3 ./Drivers/STM32F4xx_HAL_Driver/Src/stm32f4xx_hal_gpio.o
 .debug_info    0x0000866f     0x114c ./Drivers/STM32F4xx_HAL_Driver/Src/stm32f4xx_hal_hcd.o
 .debug_info    0x000097bb     0x2415 ./Drivers/STM32F4xx_HAL_Driver/Src/stm32f4xx_hal_i2c.o
 .debug_info    0x0000bbd0      0x8c3 ./Drivers/STM32F4xx_HAL_Driver/Src/stm32f4xx_hal_rcc.o
 .debug_info    0x0000c493     0x299d ./Drivers/STM32F4xx_HAL_Driver/Src/stm32f4xx_hal_tim.o
 .debug_info    0x0000ee30     0x14db ./Drivers/STM32F4xx_HAL_Driver/Src/stm32f4xx_hal_tim_ex.o
 .debug_info    0x0001030b     0x1993 ./Drivers/STM32F4xx_HAL_Driver/Src/stm32f4xx_ll_usb.o
 .debug_info    0x00011c9e     0x1479 ./Middlewares/ST/STM32_USB_Host_Library/Class/CDC/Src/usbh_cdc.o
 .debug_info    0x00013117      0xfb5 ./Middlewares/ST/STM32_USB_Host_Library/Core/Src/usbh_core.o
 .debug_info    0x000140cc      0xfaf ./Middlewares/ST/STM32_USB_Host_Library/Core/Src/usbh_ctlreq.o
 .debug_info    0x0001507b      0xc2e ./Middlewares/ST/STM32_USB_Host_Library/Core/Src/usbh_ioreq.o
 .debug_info    0x00015ca9      0xa91 ./Middlewares/ST/STM32_USB_Host_Library/Core/Src/usbh_pipes.o
 .debug_info    0x0001673a      0xa13 ./USB_HOST/App/usb_host.o
 .debug_info    0x0001714d     0x1cef ./USB_HOST/Target/usbh_conf.o
 .debug_info    0x00018e3c      0x1d8 ./USB_HOST/Target/usbh_platform.o

.debug_abbrev   0x00000000     0x42f4
 .debug_abbrev  0x00000000      0x19c ./Core/Src/GLcd.o
 .debug_abbrev  0x0000019c      0x266 ./Core/Src/IO_BUS.o
 .debug_abbrev  0x00000402      0x2fd ./Core/Src/main.o
 .debug_abbrev  0x000006ff      0x208 ./Core/Src/stm32f4xx_hal_msp.o
 .debug_abbrev  0x00000907      0x1e9 ./Core/Src/stm32f4xx_it.o
 .debug_abbrev  0x00000af0       0xbc ./Core/Src/sysmem.o
 .debug_abbrev  0x00000bac      0x11a ./Core/Src/system_stm32f4xx.o
 .debug_abbrev  0x00000cc6      0x197 ./Core/Src/Interfaces/interface_PCF8574.o
 .debug_abbrev  0x00000e5d      0x1d0 ./Core/Src/Pilotes/pilote_Timer14.o
 .debug_abbrev  0x0000102d       0xa6 ./Core/Src/Processus/processusEntreesNumeriques.o
 .debug_abbrev  0x000010d3       0xd7 ./Core/Src/Processus/processusSortiesNumeriques.o
 .debug_abbrev  0x000011aa      0x1e6 ./Core/Src/Processus/processus_Affichage.o
 .debug_abbrev  0x00001390       0xcc ./Core/Src/Services/ServiceBaseTemps.o
 .debug_abbrev  0x0000145c       0x24 ./Core/Startup/startup_stm32f407vgtx.o
 .debug_abbrev  0x00001480      0x214 ./Drivers/STM32F4xx_HAL_Driver/Src/stm32f4xx_hal.o
 .debug_abbrev  0x00001694      0x258 ./Drivers/STM32F4xx_HAL_Driver/Src/stm32f4xx_hal_can.o
 .debug_abbrev  0x000018ec      0x31d ./Drivers/STM32F4xx_HAL_Driver/Src/stm32f4xx_hal_cortex.o
 .debug_abbrev  0x00001c09      0x1d4 ./Drivers/STM32F4xx_HAL_Driver/Src/stm32f4xx_hal_gpio.o
 .debug_abbrev  0x00001ddd      0x296 ./Drivers/STM32F4xx_HAL_Driver/Src/stm32f4xx_hal_hcd.o
 .debug_abbrev  0x00002073      0x2ad ./Drivers/STM32F4xx_HAL_Driver/Src/stm32f4xx_hal_i2c.o
 .debug_abbrev  0x00002320      0x2b7 ./Drivers/STM32F4xx_HAL_Driver/Src/stm32f4xx_hal_rcc.o
 .debug_abbrev  0x000025d7      0x278 ./Drivers/STM32F4xx_HAL_Driver/Src/stm32f4xx_hal_tim.o
 .debug_abbrev  0x0000284f      0x283 ./Drivers/STM32F4xx_HAL_Driver/Src/stm32f4xx_hal_tim_ex.o
 .debug_abbrev  0x00002ad2      0x2b3 ./Drivers/STM32F4xx_HAL_Driver/Src/stm32f4xx_ll_usb.o
 .debug_abbrev  0x00002d85      0x33c ./Middlewares/ST/STM32_USB_Host_Library/Class/CDC/Src/usbh_cdc.o
 .debug_abbrev  0x000030c1      0x32a ./Middlewares/ST/STM32_USB_Host_Library/Core/Src/usbh_core.o
 .debug_abbrev  0x000033eb      0x2ff ./Middlewares/ST/STM32_USB_Host_Library/Core/Src/usbh_ctlreq.o
 .debug_abbrev  0x000036ea      0x245 ./Middlewares/ST/STM32_USB_Host_Library/Core/Src/usbh_ioreq.o
 .debug_abbrev  0x0000392f      0x281 ./Middlewares/ST/STM32_USB_Host_Library/Core/Src/usbh_pipes.o
 .debug_abbrev  0x00003bb0      0x26e ./USB_HOST/App/usb_host.o
 .debug_abbrev  0x00003e1e      0x3c2 ./USB_HOST/Target/usbh_conf.o
 .debug_abbrev  0x000041e0      0x114 ./USB_HOST/Target/usbh_platform.o

.debug_aranges  0x00000000     0x15e0
 .debug_aranges
                0x00000000       0x78 ./Core/Src/GLcd.o
 .debug_aranges
                0x00000078       0x38 ./Core/Src/IO_BUS.o
 .debug_aranges
                0x000000b0       0x60 ./Core/Src/main.o
 .debug_aranges
                0x00000110       0x50 ./Core/Src/stm32f4xx_hal_msp.o
 .debug_aranges
                0x00000160       0x70 ./Core/Src/stm32f4xx_it.o
 .debug_aranges
                0x000001d0       0x20 ./Core/Src/sysmem.o
 .debug_aranges
                0x000001f0       0x28 ./Core/Src/system_stm32f4xx.o
 .debug_aranges
                0x00000218       0x30 ./Core/Src/Interfaces/interface_PCF8574.o
 .debug_aranges
                0x00000248       0x30 ./Core/Src/Pilotes/pilote_Timer14.o
 .debug_aranges
                0x00000278       0x28 ./Core/Src/Processus/processusEntreesNumeriques.o
 .debug_aranges
                0x000002a0       0x28 ./Core/Src/Processus/processusSortiesNumeriques.o
 .debug_aranges
                0x000002c8       0x30 ./Core/Src/Processus/processus_Affichage.o
 .debug_aranges
                0x000002f8       0x28 ./Core/Src/Services/ServiceBaseTemps.o
 .debug_aranges
                0x00000320       0x28 ./Core/Startup/startup_stm32f407vgtx.o
 .debug_aranges
                0x00000348       0xf0 ./Drivers/STM32F4xx_HAL_Driver/Src/stm32f4xx_hal.o
 .debug_aranges
                0x00000438      0x138 ./Drivers/STM32F4xx_HAL_Driver/Src/stm32f4xx_hal_can.o
 .debug_aranges
                0x00000570      0x130 ./Drivers/STM32F4xx_HAL_Driver/Src/stm32f4xx_hal_cortex.o
 .debug_aranges
                0x000006a0       0x58 ./Drivers/STM32F4xx_HAL_Driver/Src/stm32f4xx_hal_gpio.o
 .debug_aranges
                0x000006f8      0x108 ./Drivers/STM32F4xx_HAL_Driver/Src/stm32f4xx_hal_hcd.o
 .debug_aranges
                0x00000800      0x2a8 ./Drivers/STM32F4xx_HAL_Driver/Src/stm32f4xx_hal_i2c.o
 .debug_aranges
                0x00000aa8       0x88 ./Drivers/STM32F4xx_HAL_Driver/Src/stm32f4xx_hal_rcc.o
 .debug_aranges
                0x00000b30      0x3d0 ./Drivers/STM32F4xx_HAL_Driver/Src/stm32f4xx_hal_tim.o
 .debug_aranges
                0x00000f00      0x168 ./Drivers/STM32F4xx_HAL_Driver/Src/stm32f4xx_hal_tim_ex.o
 .debug_aranges
                0x00001068      0x1a0 ./Drivers/STM32F4xx_HAL_Driver/Src/stm32f4xx_ll_usb.o
 .debug_aranges
                0x00001208       0xa8 ./Middlewares/ST/STM32_USB_Host_Library/Class/CDC/Src/usbh_cdc.o
 .debug_aranges
                0x000012b0       0xc0 ./Middlewares/ST/STM32_USB_Host_Library/Core/Src/usbh_core.o
 .debug_aranges
                0x00001370       0xa0 ./Middlewares/ST/STM32_USB_Host_Library/Core/Src/usbh_ctlreq.o
 .debug_aranges
                0x00001410       0x60 ./Middlewares/ST/STM32_USB_Host_Library/Core/Src/usbh_ioreq.o
 .debug_aranges
                0x00001470       0x40 ./Middlewares/ST/STM32_USB_Host_Library/Core/Src/usbh_pipes.o
 .debug_aranges
                0x000014b0       0x30 ./USB_HOST/App/usb_host.o
 .debug_aranges
                0x000014e0       0xe0 ./USB_HOST/Target/usbh_conf.o
 .debug_aranges
                0x000015c0       0x20 ./USB_HOST/Target/usbh_platform.o

.debug_rnglists
                0x00000000     0x10b7
 .debug_rnglists
                0x00000000       0x5d ./Core/Src/GLcd.o
 .debug_rnglists
                0x0000005d       0x27 ./Core/Src/IO_BUS.o
 .debug_rnglists
                0x00000084       0x45 ./Core/Src/main.o
 .debug_rnglists
                0x000000c9       0x39 ./Core/Src/stm32f4xx_hal_msp.o
 .debug_rnglists
                0x00000102       0x4f ./Core/Src/stm32f4xx_it.o
 .debug_rnglists
                0x00000151       0x13 ./Core/Src/sysmem.o
 .debug_rnglists
                0x00000164       0x1a ./Core/Src/system_stm32f4xx.o
 .debug_rnglists
                0x0000017e       0x1f ./Core/Src/Interfaces/interface_PCF8574.o
 .debug_rnglists
                0x0000019d       0x1f ./Core/Src/Pilotes/pilote_Timer14.o
 .debug_rnglists
                0x000001bc       0x19 ./Core/Src/Processus/processusEntreesNumeriques.o
 .debug_rnglists
                0x000001d5       0x19 ./Core/Src/Processus/processusSortiesNumeriques.o
 .debug_rnglists
                0x000001ee       0x21 ./Core/Src/Processus/processus_Affichage.o
 .debug_rnglists
                0x0000020f       0x19 ./Core/Src/Services/ServiceBaseTemps.o
 .debug_rnglists
                0x00000228       0x19 ./Core/Startup/startup_stm32f407vgtx.o
 .debug_rnglists
                0x00000241       0xaf ./Drivers/STM32F4xx_HAL_Driver/Src/stm32f4xx_hal.o
 .debug_rnglists
                0x000002f0       0xee ./Drivers/STM32F4xx_HAL_Driver/Src/stm32f4xx_hal_can.o
 .debug_rnglists
                0x000003de       0xe0 ./Drivers/STM32F4xx_HAL_Driver/Src/stm32f4xx_hal_cortex.o
 .debug_rnglists
                0x000004be       0x3f ./Drivers/STM32F4xx_HAL_Driver/Src/stm32f4xx_hal_gpio.o
 .debug_rnglists
                0x000004fd       0xca ./Drivers/STM32F4xx_HAL_Driver/Src/stm32f4xx_hal_hcd.o
 .debug_rnglists
                0x000005c7      0x23c ./Drivers/STM32F4xx_HAL_Driver/Src/stm32f4xx_hal_i2c.o
 .debug_rnglists
                0x00000803       0x66 ./Drivers/STM32F4xx_HAL_Driver/Src/stm32f4xx_hal_rcc.o
 .debug_rnglists
                0x00000869      0x31a ./Drivers/STM32F4xx_HAL_Driver/Src/stm32f4xx_hal_tim.o
 .debug_rnglists
                0x00000b83      0x125 ./Drivers/STM32F4xx_HAL_Driver/Src/stm32f4xx_hal_tim_ex.o
 .debug_rnglists
                0x00000ca8      0x147 ./Drivers/STM32F4xx_HAL_Driver/Src/stm32f4xx_ll_usb.o
 .debug_rnglists
                0x00000def       0x7e ./Middlewares/ST/STM32_USB_Host_Library/Class/CDC/Src/usbh_cdc.o
 .debug_rnglists
                0x00000e6d       0x8f ./Middlewares/ST/STM32_USB_Host_Library/Core/Src/usbh_core.o
 .debug_rnglists
                0x00000efc       0x77 ./Middlewares/ST/STM32_USB_Host_Library/Core/Src/usbh_ctlreq.o
 .debug_rnglists
                0x00000f73       0x43 ./Middlewares/ST/STM32_USB_Host_Library/Core/Src/usbh_ioreq.o
 .debug_rnglists
                0x00000fb6       0x2b ./Middlewares/ST/STM32_USB_Host_Library/Core/Src/usbh_pipes.o
 .debug_rnglists
                0x00000fe1       0x1f ./USB_HOST/App/usb_host.o
 .debug_rnglists
                0x00001000       0xa4 ./USB_HOST/Target/usbh_conf.o
 .debug_rnglists
                0x000010a4       0x13 ./USB_HOST/Target/usbh_platform.o

.debug_macro    0x00000000    0x2505a
 .debug_macro   0x00000000      0x23c ./Core/Src/GLcd.o
 .debug_macro   0x0000023c      0xad8 ./Core/Src/GLcd.o
 .debug_macro   0x00000d14      0x2a7 ./Core/Src/GLcd.o
 .debug_macro   0x00000fbb       0x2e ./Core/Src/GLcd.o
 .debug_macro   0x00000fe9       0x2f ./Core/Src/GLcd.o
 .debug_macro   0x00001018       0x22 ./Core/Src/GLcd.o
 .debug_macro   0x0000103a       0x8e ./Core/Src/GLcd.o
 .debug_macro   0x000010c8       0x51 ./Core/Src/GLcd.o
 .debug_macro   0x00001119      0x103 ./Core/Src/GLcd.o
 .debug_macro   0x0000121c       0x6a ./Core/Src/GLcd.o
 .debug_macro   0x00001286      0x1df ./Core/Src/GLcd.o
 .debug_macro   0x00001465       0x1c ./Core/Src/GLcd.o
 .debug_macro   0x00001481       0x22 ./Core/Src/GLcd.o
 .debug_macro   0x000014a3       0xfb ./Core/Src/GLcd.o
 .debug_macro   0x0000159e     0x1011 ./Core/Src/GLcd.o
 .debug_macro   0x000025af      0x11f ./Core/Src/GLcd.o
 .debug_macro   0x000026ce    0x15ea5 ./Core/Src/GLcd.o
 .debug_macro   0x00018573       0x6d ./Core/Src/GLcd.o
 .debug_macro   0x000185e0     0x3693 ./Core/Src/GLcd.o
 .debug_macro   0x0001bc73      0x190 ./Core/Src/GLcd.o
 .debug_macro   0x0001be03       0x5c ./Core/Src/GLcd.o
 .debug_macro   0x0001be5f      0x980 ./Core/Src/GLcd.o
 .debug_macro   0x0001c7df      0x9e9 ./Core/Src/GLcd.o
 .debug_macro   0x0001d1c8      0x115 ./Core/Src/GLcd.o
 .debug_macro   0x0001d2dd      0x13e ./Core/Src/GLcd.o
 .debug_macro   0x0001d41b       0xa5 ./Core/Src/GLcd.o
 .debug_macro   0x0001d4c0      0x174 ./Core/Src/GLcd.o
 .debug_macro   0x0001d634      0x287 ./Core/Src/GLcd.o
 .debug_macro   0x0001d8bb       0x5f ./Core/Src/GLcd.o
 .debug_macro   0x0001d91a      0x236 ./Core/Src/GLcd.o
 .debug_macro   0x0001db50      0x40f ./Core/Src/GLcd.o
 .debug_macro   0x0001df5f      0x12c ./Core/Src/GLcd.o
 .debug_macro   0x0001e08b      0x21e ./Core/Src/GLcd.o
 .debug_macro   0x0001e2a9       0x2e ./Core/Src/GLcd.o
 .debug_macro   0x0001e2d7      0x1b5 ./Core/Src/GLcd.o
 .debug_macro   0x0001e48c       0xd6 ./Core/Src/GLcd.o
 .debug_macro   0x0001e562      0x127 ./Core/Src/GLcd.o
 .debug_macro   0x0001e689       0x7e ./Core/Src/GLcd.o
 .debug_macro   0x0001e707       0x89 ./Core/Src/GLcd.o
 .debug_macro   0x0001e790      0x8ed ./Core/Src/GLcd.o
 .debug_macro   0x0001f07d       0x4d ./Core/Src/GLcd.o
 .debug_macro   0x0001f0ca      0x293 ./Core/Src/GLcd.o
 .debug_macro   0x0001f35d       0x98 ./Core/Src/GLcd.o
 .debug_macro   0x0001f3f5      0x12d ./Core/Src/GLcd.o
 .debug_macro   0x0001f522      0x228 ./Core/Src/GLcd.o
 .debug_macro   0x0001f74a       0x34 ./Core/Src/GLcd.o
 .debug_macro   0x0001f77e       0x3a ./Core/Src/GLcd.o
 .debug_macro   0x0001f7b8      0x21f ./Core/Src/IO_BUS.o
 .debug_macro   0x0001f9d7      0x2aa ./Core/Src/main.o
 .debug_macro   0x0001fc81       0x28 ./Core/Src/main.o
 .debug_macro   0x0001fca9       0x10 ./Core/Src/main.o
 .debug_macro   0x0001fcb9       0x9a ./Core/Src/main.o
 .debug_macro   0x0001fd53       0x6a ./Core/Src/main.o
 .debug_macro   0x0001fdbd      0x210 ./Core/Src/stm32f4xx_hal_msp.o
 .debug_macro   0x0001ffcd      0x21a ./Core/Src/stm32f4xx_it.o
 .debug_macro   0x000201e7      0x112 ./Core/Src/sysmem.o
 .debug_macro   0x000202f9      0x23c ./Core/Src/sysmem.o
 .debug_macro   0x00020535      0x201 ./Core/Src/system_stm32f4xx.o
 .debug_macro   0x00020736      0x22d ./Core/Src/Interfaces/interface_PCF8574.o
 .debug_macro   0x00020963      0x21a ./Core/Src/Pilotes/pilote_Timer14.o
 .debug_macro   0x00020b7d      0x223 ./Core/Src/Processus/processusEntreesNumeriques.o
 .debug_macro   0x00020da0      0x223 ./Core/Src/Processus/processusSortiesNumeriques.o
 .debug_macro   0x00020fc3      0x267 ./Core/Src/Processus/processus_Affichage.o
 .debug_macro   0x0002122a       0x94 ./Core/Src/Processus/processus_Affichage.o
 .debug_macro   0x000212be      0x224 ./Core/Src/Services/ServiceBaseTemps.o
 .debug_macro   0x000214e2      0x261 ./Drivers/STM32F4xx_HAL_Driver/Src/stm32f4xx_hal.o
 .debug_macro   0x00021743      0x210 ./Drivers/STM32F4xx_HAL_Driver/Src/stm32f4xx_hal_can.o
 .debug_macro   0x00021953      0x201 ./Drivers/STM32F4xx_HAL_Driver/Src/stm32f4xx_hal_cortex.o
 .debug_macro   0x00021b54      0x207 ./Drivers/STM32F4xx_HAL_Driver/Src/stm32f4xx_hal_gpio.o
 .debug_macro   0x00021d5b      0x201 ./Drivers/STM32F4xx_HAL_Driver/Src/stm32f4xx_hal_hcd.o
 .debug_macro   0x00021f5c      0x24f ./Drivers/STM32F4xx_HAL_Driver/Src/stm32f4xx_hal_i2c.o
 .debug_macro   0x000221ab      0x225 ./Drivers/STM32F4xx_HAL_Driver/Src/stm32f4xx_hal_rcc.o
 .debug_macro   0x000223d0      0x202 ./Drivers/STM32F4xx_HAL_Driver/Src/stm32f4xx_hal_tim.o
 .debug_macro   0x000225d2      0x201 ./Drivers/STM32F4xx_HAL_Driver/Src/stm32f4xx_hal_tim_ex.o
 .debug_macro   0x000227d3      0x201 ./Drivers/STM32F4xx_HAL_Driver/Src/stm32f4xx_ll_usb.o
 .debug_macro   0x000229d4      0x3a8 ./Middlewares/ST/STM32_USB_Host_Library/Class/CDC/Src/usbh_cdc.o
 .debug_macro   0x00022d7c       0x16 ./Middlewares/ST/STM32_USB_Host_Library/Class/CDC/Src/usbh_cdc.o
 .debug_macro   0x00022d92       0x9e ./Middlewares/ST/STM32_USB_Host_Library/Class/CDC/Src/usbh_cdc.o
 .debug_macro   0x00022e30      0x112 ./Middlewares/ST/STM32_USB_Host_Library/Class/CDC/Src/usbh_cdc.o
 .debug_macro   0x00022f42       0x16 ./Middlewares/ST/STM32_USB_Host_Library/Class/CDC/Src/usbh_cdc.o
 .debug_macro   0x00022f58       0x16 ./Middlewares/ST/STM32_USB_Host_Library/Class/CDC/Src/usbh_cdc.o
 .debug_macro   0x00022f6e       0x20 ./Middlewares/ST/STM32_USB_Host_Library/Class/CDC/Src/usbh_cdc.o
 .debug_macro   0x00022f8e       0x56 ./Middlewares/ST/STM32_USB_Host_Library/Class/CDC/Src/usbh_cdc.o
 .debug_macro   0x00022fe4       0x73 ./Middlewares/ST/STM32_USB_Host_Library/Class/CDC/Src/usbh_cdc.o
 .debug_macro   0x00023057      0x23a ./Middlewares/ST/STM32_USB_Host_Library/Class/CDC/Src/usbh_cdc.o
 .debug_macro   0x00023291       0x2e ./Middlewares/ST/STM32_USB_Host_Library/Class/CDC/Src/usbh_cdc.o
 .debug_macro   0x000232bf       0x2e ./Middlewares/ST/STM32_USB_Host_Library/Class/CDC/Src/usbh_cdc.o
 .debug_macro   0x000232ed       0x28 ./Middlewares/ST/STM32_USB_Host_Library/Class/CDC/Src/usbh_cdc.o
 .debug_macro   0x00023315      0x15b ./Middlewares/ST/STM32_USB_Host_Library/Class/CDC/Src/usbh_cdc.o
 .debug_macro   0x00023470      0x3a5 ./Middlewares/ST/STM32_USB_Host_Library/Core/Src/usbh_core.o
 .debug_macro   0x00023815      0x39d ./Middlewares/ST/STM32_USB_Host_Library/Core/Src/usbh_ctlreq.o
 .debug_macro   0x00023bb2       0x28 ./Middlewares/ST/STM32_USB_Host_Library/Core/Src/usbh_ctlreq.o
 .debug_macro   0x00023bda      0x397 ./Middlewares/ST/STM32_USB_Host_Library/Core/Src/usbh_ioreq.o