../Core/Src/Processus/processusCentreDeTri.c:55:6:processusCentreModeAttente	4	static
../Core/Src/Processus/processusCentreDeTri.c:131:6:processusCentreModeArret	16	static
../Core/Src/Processus/processusCentreDeTri.c:196:6:processusCentreModeTest	4	static
../Core/Src/Processus/processusCentreDeTri.c:203:6:processusCentreTestEntrees	4	static
../Core/Src/Processus/processusCentreDeTri.c:243:6:processusCentreTestVerinMagasin	4	static
../Core/Src/Processus/processusCentreDeTri.c:302:6:processusCentreTestElevateur	4	static
../Core/Src/Processus/processusCentreDeTri.c:349:6:processusCentreTestConvoyeur	4	static
../Core/Src/Processus/processusCentreDeTri.c:391:6:processusCentreTestEjecteur	4	static
../Core/Src/Processus/processusCentreDeTri.c:440:6:processusCentreTestVentouseVaccum	4	static
../Core/Src/Processus/processusCentreDeTri.c:483:6:processusCentreTestVentouseHauteur	4	static
../Core/Src/Processus/processusCentreDeTri.c:533:6:processusCentreTestDeplaceVentouse	4	static
../Core/Src/Processus/processusCentreDeTri.c:648:6:processusCentreModeOperation	4	static
../Core/Src/Processus/processusCentreDeTri.c:682:6:processusCentreOperationDetectionBloc	4	static
../Core/Src/Processus/processusCentreDeTri.c:723:6:processusCentreOperationElevateur	4	static
../Core/Src/Processus/processusCentreDeTri.c:757:6:processusCentreOperationConvoyeur	4	static
../Core/Src/Processus/processusCentreDeTri.c:796:6:processusCentreOperationVentouse	4	static
../Core/Src/Processus/processusCentreDeTri.c:879:6:processusCentreOperationDeplacerBloc	4	static
../Core/Src/Processus/processusCentreDeTri.c:916:6:processusCentreOperationLacherBloc	4	static
../Core/Src/Processus/processusCentreDeTri.c:935:6:processusCentreOperationRetour	4	static
../Core/Src/Processus/processusCentreDeTri.c:977:6:processusCentreModeErreur	8	static
../Core/Src/Processus/processusCentreDeTri.c:983:6:processusCentreDeTri_Init	4	static
