../Core/Src/Processus/processusCentreDeTri.c:72:6:processusCentreTransmettreArret	16	static
../Core/Src/Processus/processusCentreDeTri.c:83:6:processusCentreTransmettreDepart	16	static
../Core/Src/Processus/processusCentreDeTri.c:94:6:processusCentreTransmettreCouleur	16	static
../Core/Src/Processus/processusCentreDeTri.c:122:6:processusCentreTransmettreEtat	16	static
../Core/Src/Processus/processusCentreDeTri.c:155:6:processusCentreTransmettreErreur	16	static
../Core/Src/Processus/processusCentreDeTri.c:167:9:processusCentreReceptionDepart	4	static
../Core/Src/Processus/processusCentreDeTri.c:196:9:processusCentreReceptionArret	4	static
../Core/Src/Processus/processusCentreDeTri.c:225:9:processusCentreReceptionErreur	4	static
../Core/Src/Processus/processusCentreDeTri.c:254:9:processusCentreReceptionPosition	4	static
../Core/Src/Processus/processusCentreDeTri.c:283:6:processusCentreModeAttente	8	static
../Core/Src/Processus/processusCentreDeTri.c:399:6:processusCentreModeArret	16	static
../Core/Src/Processus/processusCentreDeTri.c:464:6:processusCentreTestClignoteLED	4	static
../Core/Src/Processus/processusCentreDeTri.c:487:6:processusCentreModeTest	4	static
../Core/Src/Processus/processusCentreDeTri.c:494:6:processusCentreTestEntrees	8	static
../Core/Src/Processus/processusCentreDeTri.c:536:6:processusCentreTestVerinMagasin	4	static
../Core/Src/Processus/processusCentreDeTri.c:595:6:processusCentreTestElevateur	8	static
../Core/Src/Processus/processusCentreDeTri.c:644:6:processusCentreTestConvoyeur	8	static
../Core/Src/Processus/processusCentreDeTri.c:688:6:processusCentreTestEjecteur	8	static
../Core/Src/Processus/processusCentreDeTri.c:739:6:processusCentreTestVentouseVaccum	8	static
../Core/Src/Processus/processusCentreDeTri.c:784:6:processusCentreTestVentouseHauteur	4	static
../Core/Src/Processus/processusCentreDeTri.c:836:6:processusCentreTestDeplaceVentouse	8	static
../Core/Src/Processus/processusCentreDeTri.c:954:6:processusCentreModeOperation	8	static
../Core/Src/Processus/processusCentreDeTri.c:1010:6:processusCentreOperationDetectionBloc	8	static
../Core/Src/Processus/processusCentreDeTri.c:1085:6:processusCentreOperationElevateur	8	static
../Core/Src/Processus/processusCentreDeTri.c:1139:6:processusCentreOperationConvoyeur	8	static
../Core/Src/Processus/processusCentreDeTri.c:1198:6:processusCentreOperationVentouse	8	static
../Core/Src/Processus/processusCentreDeTri.c:1301:6:processusCentreOperationDeplacerBloc	8	static
../Core/Src/Processus/processusCentreDeTri.c:1371:6:processusCentreOperationLacherBloc	8	static
../Core/Src/Processus/processusCentreDeTri.c:1422:6:processusCentreOperationRetour	8	static
../Core/Src/Processus/processusCentreDeTri.c:1498:6:processusCentreOperationMoteurDescendre	4	static
../Core/Src/Processus/processusCentreDeTri.c:1518:6:processusCentreOperationMoteurMonter	8	static
../Core/Src/Processus/processusCentreDeTri.c:1548:6:processusCentreModeErreur	4	static
../Core/Src/Processus/processusCentreDeTri.c:1560:6:processusCentreDeTri_Init	4	static
