../Core/Src/Processus/processusCentreDeTri.c:44:6:processusCentreModeAttente	4	static
../Core/Src/Processus/processusCentreDeTri.c:110:6:processusCentreModeArret	16	static
../Core/Src/Processus/processusCentreDeTri.c:174:6:processusCentreModeTest	4	static
../Core/Src/Processus/processusCentreDeTri.c:181:6:processusCentreTestEntrees	4	static
../Core/Src/Processus/processusCentreDeTri.c:217:6:processusCentreTestVerinMagasin	4	static
../Core/Src/Processus/processusCentreDeTri.c:271:6:processusCentreTestElevateur	4	static
../Core/Src/Processus/processusCentreDeTri.c:314:6:processusCentreTestConvoyeur	4	static
../Core/Src/Processus/processusCentreDeTri.c:352:6:processusCentreTestEjecteur	4	static
../Core/Src/Processus/processusCentreDeTri.c:397:6:processusCentreTestVentouseVaccum	4	static
../Core/Src/Processus/processusCentreDeTri.c:436:6:processusCentreTestVentouseHauteur	4	static
../Core/Src/Processus/processusCentreDeTri.c:482:6:processusCentreTestDeplaceVentouse	4	static
../Core/Src/Processus/processusCentreDeTri.c:620:6:processusCentreModeOperation	4	static
../Core/Src/Processus/processusCentreDeTri.c:625:6:processusCentreModeErreur	8	static
../Core/Src/Processus/processusCentreDeTri.c:630:9:rising_edge_pulse	16	static
../Core/Src/Processus/processusCentreDeTri.c:645:6:processusCentreDeTri_Init	4	static
