../Core/Src/Processus/processusCentreDeTri.c:40:6:processusCentreModeAttente	4	static
../Core/Src/Processus/processusCentreDeTri.c:84:6:processusCentreModeArret	16	static
../Core/Src/Processus/processusCentreDeTri.c:148:6:processusCentreModeTest	4	static
../Core/Src/Processus/processusCentreDeTri.c:155:6:processusCentreTestEntrees	4	static
../Core/Src/Processus/processusCentreDeTri.c:191:6:processusCentreTestVerinMagasin	4	static
../Core/Src/Processus/processusCentreDeTri.c:240:6:processusCentreTestElevateur	4	static
../Core/Src/Processus/processusCentreDeTri.c:281:6:processusCentreTestConvoyeur	4	static
../Core/Src/Processus/processusCentreDeTri.c:317:6:processusCentreTestEjecteur	4	static
../Core/Src/Processus/processusCentreDeTri.c:358:6:processusCentreTestVentouseVaccum	4	static
../Core/Src/Processus/processusCentreDeTri.c:395:6:processusCentreTestVentouseHauteur	16	static
../Core/Src/Processus/processusCentreDeTri.c:436:6:processusCentreModeOperation	4	static
../Core/Src/Processus/processusCentreDeTri.c:441:6:processusCentreModeErreur	8	static
../Core/Src/Processus/processusCentreDeTri.c:446:6:processusCentreDeTri_Init	4	static
