../Core/Src/Processus/processusCentreDeTri.c:69:6:processusCentreTransmettreArret	16	static
../Core/Src/Processus/processusCentreDeTri.c:80:6:processusCentreTransmettreDepart	16	static
../Core/Src/Processus/processusCentreDeTri.c:91:6:processusCentreTransmettreCouleur	16	static
../Core/Src/Processus/processusCentreDeTri.c:119:6:processusCentreTransmettreEtat	16	static
../Core/Src/Processus/processusCentreDeTri.c:152:6:processusCentreTransmettreErreur	16	static
../Core/Src/Processus/processusCentreDeTri.c:164:9:processusCentreReceptionDepart	4	static
../Core/Src/Processus/processusCentreDeTri.c:193:9:processusCentreReceptionArret	4	static
../Core/Src/Processus/processusCentreDeTri.c:222:9:processusCentreReceptionErreur	4	static
../Core/Src/Processus/processusCentreDeTri.c:251:9:processusCentreReceptionPosition	4	static
../Core/Src/Processus/processusCentreDeTri.c:280:6:processusCentreModeAttente	8	static
../Core/Src/Processus/processusCentreDeTri.c:392:6:processusCentreModeArret	16	static
../Core/Src/Processus/processusCentreDeTri.c:457:6:processusCentreTestClignoteLED	4	static
../Core/Src/Processus/processusCentreDeTri.c:480:6:processusCentreModeTest	4	static
../Core/Src/Processus/processusCentreDeTri.c:487:6:processusCentreTestEntrees	8	static
../Core/Src/Processus/processusCentreDeTri.c:529:6:processusCentreTestVerinMagasin	4	static
../Core/Src/Processus/processusCentreDeTri.c:588:6:processusCentreTestElevateur	8	static
../Core/Src/Processus/processusCentreDeTri.c:637:6:processusCentreTestConvoyeur	8	static
../Core/Src/Processus/processusCentreDeTri.c:681:6:processusCentreTestEjecteur	8	static
../Core/Src/Processus/processusCentreDeTri.c:732:6:processusCentreTestVentouseVaccum	8	static
../Core/Src/Processus/processusCentreDeTri.c:777:6:processusCentreTestVentouseHauteur	4	static
../Core/Src/Processus/processusCentreDeTri.c:829:6:processusCentreTestDeplaceVentouse	8	static
../Core/Src/Processus/processusCentreDeTri.c:947:6:processusCentreModeOperation	8	static
../Core/Src/Processus/processusCentreDeTri.c:1003:6:processusCentreOperationDetectionBloc	8	static
../Core/Src/Processus/processusCentreDeTri.c:1078:6:processusCentreOperationElevateur	8	static
../Core/Src/Processus/processusCentreDeTri.c:1132:6:processusCentreOperationConvoyeur	8	static
../Core/Src/Processus/processusCentreDeTri.c:1191:6:processusCentreOperationVentouse	8	static
../Core/Src/Processus/processusCentreDeTri.c:1294:6:processusCentreOperationDeplacerBloc	8	static
../Core/Src/Processus/processusCentreDeTri.c:1364:6:processusCentreOperationLacherBloc	8	static
../Core/Src/Processus/processusCentreDeTri.c:1415:6:processusCentreOperationRetour	8	static
../Core/Src/Processus/processusCentreDeTri.c:1498:6:processusCentreModeErreur	4	static
../Core/Src/Processus/processusCentreDeTri.c:1509:6:processusCentreDeTri_Init	4	static
