../Core/Src/Processus/processusCentreDeTri.c:40:6:processusCentreModeAttente	4	static
../Core/Src/Processus/processusCentreDeTri.c:84:6:processusCentreModeArret	16	static
../Core/Src/Processus/processusCentreDeTri.c:148:6:processusCentreModeTest	4	static
../Core/Src/Processus/processusCentreDeTri.c:155:6:processusCentreTestEntrees	4	static
../Core/Src/Processus/processusCentreDeTri.c:191:6:processusCentreTestVerinMagasin	4	static
../Core/Src/Processus/processusCentreDeTri.c:245:6:processusCentreTestElevateur	4	static
../Core/Src/Processus/processusCentreDeTri.c:288:6:processusCentreTestConvoyeur	4	static
../Core/Src/Processus/processusCentreDeTri.c:326:6:processusCentreTestEjecteur	4	static
../Core/Src/Processus/processusCentreDeTri.c:371:6:processusCentreTestVentouseVaccum	4	static
../Core/Src/Processus/processusCentreDeTri.c:410:6:processusCentreTestVentouseHauteur	16	static
../Core/Src/Processus/processusCentreDeTri.c:456:6:processusCentreModeOperation	4	static
../Core/Src/Processus/processusCentreDeTri.c:461:6:processusCentreModeErreur	8	static
../Core/Src/Processus/processusCentreDeTri.c:466:6:processusCentreDeTri_Init	4	static
