../Core/Src/Processus/processusCentreDeTri.c:37:6:processusCentreModeAttente	4	static
../Core/Src/Processus/processusCentreDeTri.c:81:6:processusCentreModeArret	16	static
../Core/Src/Processus/processusCentreDeTri.c:145:6:processusCentreModeTest	4	static
../Core/Src/Processus/processusCentreDeTri.c:152:6:processusCentreTestEntrees	4	static
../Core/Src/Processus/processusCentreDeTri.c:191:6:processusCentreTestVerinMagasin	4	static
../Core/Src/Processus/processusCentreDeTri.c:240:6:processusCentreTestElevateur	4	static
../Core/Src/Processus/processusCentreDeTri.c:281:6:processusCentreTestConvoyeur	4	static
../Core/Src/Processus/processusCentreDeTri.c:316:6:processusCentreTestEjecteur	4	static
../Core/Src/Processus/processusCentreDeTri.c:356:6:processusCentreTestVentouse	4	static
../Core/Src/Processus/processusCentreDeTri.c:361:6:processusCentreModeOperation	4	static
../Core/Src/Processus/processusCentreDeTri.c:366:6:processusCentreModeErreur	8	static
../Core/Src/Processus/processusCentreDeTri.c:371:6:processusCentreDeTri_Init	4	static
