../Core/Src/Processus/processusCentreDeTri.c:52:6:processusCentreModeAttente	4	static
../Core/Src/Processus/processusCentreDeTri.c:128:6:processusCentreModeArret	16	static
../Core/Src/Processus/processusCentreDeTri.c:193:6:processusCentreModeTest	4	static
../Core/Src/Processus/processusCentreDeTri.c:200:6:processusCentreTestEntrees	4	static
../Core/Src/Processus/processusCentreDeTri.c:240:6:processusCentreTestVerinMagasin	4	static
../Core/Src/Processus/processusCentreDeTri.c:299:6:processusCentreTestElevateur	4	static
../Core/Src/Processus/processusCentreDeTri.c:346:6:processusCentreTestConvoyeur	4	static
../Core/Src/Processus/processusCentreDeTri.c:388:6:processusCentreTestEjecteur	4	static
../Core/Src/Processus/processusCentreDeTri.c:437:6:processusCentreTestVentouseVaccum	4	static
../Core/Src/Processus/processusCentreDeTri.c:480:6:processusCentreTestVentouseHauteur	4	static
../Core/Src/Processus/processusCentreDeTri.c:530:6:processusCentreTestDeplaceVentouse	4	static
../Core/Src/Processus/processusCentreDeTri.c:645:6:processusCentreModeOperation	4	static
../Core/Src/Processus/processusCentreDeTri.c:679:6:processusCentreOperationDetectionBloc	4	static
../Core/Src/Processus/processusCentreDeTri.c:724:6:processusCentreOperationElevateur	4	static
../Core/Src/Processus/processusCentreDeTri.c:758:6:processusCentreOperationConvoyeur	4	static
../Core/Src/Processus/processusCentreDeTri.c:797:6:processusCentreOperationPont	4	static
../Core/Src/Processus/processusCentreDeTri.c:847:6:processusCentreModeErreur	8	static
../Core/Src/Processus/processusCentreDeTri.c:853:6:processusCentreDeTri_Init	4	static
