../Core/Src/Processus/processusCentreDeTri.c:33:6:processusCentreModeAttente	4	static
../Core/Src/Processus/processusCentreDeTri.c:78:6:processusCentreModeArret	4	static
../Core/Src/Processus/processusCentreDeTri.c:146:6:processusCentreModeTest	4	static
../Core/Src/Processus/processusCentreDeTri.c:153:6:processusCentreTestEntrees	4	static
../Core/Src/Processus/processusCentreDeTri.c:189:6:processusCentreTestVerinMagasin	4	static
../Core/Src/Processus/processusCentreDeTri.c:231:6:processusCentreModeOperation	4	static
../Core/Src/Processus/processusCentreDeTri.c:236:6:processusCentreModeErreur	8	static
../Core/Src/Processus/processusCentreDeTri.c:241:6:processusCentreDeTri_Init	4	static
